Archive member included to satisfy reference by file (symbol)

/Applications/Ac6/SystemWorkbench.app/Contents/Eclipse/plugins/fr.ac6.mcu.externaltools.arm-none.macos64_1.6.0.201601291255/tools/compiler/bin/../lib/gcc/arm-none-eabi/5.2.1/armv7e-m/libgcc.a(_arm_addsubdf3.o)
                              build/Print.o (__aeabi_dsub)
/Applications/Ac6/SystemWorkbench.app/Contents/Eclipse/plugins/fr.ac6.mcu.externaltools.arm-none.macos64_1.6.0.201601291255/tools/compiler/bin/../lib/gcc/arm-none-eabi/5.2.1/armv7e-m/libgcc.a(_arm_muldivdf3.o)
                              build/Print.o (__aeabi_dmul)
/Applications/Ac6/SystemWorkbench.app/Contents/Eclipse/plugins/fr.ac6.mcu.externaltools.arm-none.macos64_1.6.0.201601291255/tools/compiler/bin/../lib/gcc/arm-none-eabi/5.2.1/armv7e-m/libgcc.a(_arm_cmpdf2.o)
                              build/Print.o (__aeabi_dcmplt)
/Applications/Ac6/SystemWorkbench.app/Contents/Eclipse/plugins/fr.ac6.mcu.externaltools.arm-none.macos64_1.6.0.201601291255/tools/compiler/bin/../lib/gcc/arm-none-eabi/5.2.1/armv7e-m/libgcc.a(_arm_fixdfsi.o)
                              build/Print.o (__aeabi_d2iz)
/Applications/Ac6/SystemWorkbench.app/Contents/Eclipse/plugins/fr.ac6.mcu.externaltools.arm-none.macos64_1.6.0.201601291255/tools/compiler/bin/../lib/gcc/arm-none-eabi/5.2.1/armv7e-m/libgcc.a(_arm_fixunsdfsi.o)
                              build/Print.o (__aeabi_d2uiz)
/Applications/Ac6/SystemWorkbench.app/Contents/Eclipse/plugins/fr.ac6.mcu.externaltools.arm-none.macos64_1.6.0.201601291255/tools/compiler/bin/../lib/gcc/arm-none-eabi/5.2.1/armv7e-m/libgcc.a(_arm_truncdfsf2.o)
                              build/WString.o (__aeabi_d2f)
/Applications/Ac6/SystemWorkbench.app/Contents/Eclipse/plugins/fr.ac6.mcu.externaltools.arm-none.macos64_1.6.0.201601291255/tools/compiler/bin/../lib/gcc/arm-none-eabi/5.2.1/../../../../arm-none-eabi/lib/armv7e-m/libstdc++.a(pure.o)
                              build/Print.o (__cxa_pure_virtual)
/Applications/Ac6/SystemWorkbench.app/Contents/Eclipse/plugins/fr.ac6.mcu.externaltools.arm-none.macos64_1.6.0.201601291255/tools/compiler/bin/../lib/gcc/arm-none-eabi/5.2.1/../../../../arm-none-eabi/lib/armv7e-m/libstdc++.a(eh_terminate.o)
                              /Applications/Ac6/SystemWorkbench.app/Contents/Eclipse/plugins/fr.ac6.mcu.externaltools.arm-none.macos64_1.6.0.201601291255/tools/compiler/bin/../lib/gcc/arm-none-eabi/5.2.1/../../../../arm-none-eabi/lib/armv7e-m/libstdc++.a(pure.o) (std::terminate())
/Applications/Ac6/SystemWorkbench.app/Contents/Eclipse/plugins/fr.ac6.mcu.externaltools.arm-none.macos64_1.6.0.201601291255/tools/compiler/bin/../lib/gcc/arm-none-eabi/5.2.1/../../../../arm-none-eabi/lib/armv7e-m/libstdc++.a(eh_unex_handler.o)
                              /Applications/Ac6/SystemWorkbench.app/Contents/Eclipse/plugins/fr.ac6.mcu.externaltools.arm-none.macos64_1.6.0.201601291255/tools/compiler/bin/../lib/gcc/arm-none-eabi/5.2.1/../../../../arm-none-eabi/lib/armv7e-m/libstdc++.a(eh_terminate.o) (__cxxabiv1::__unexpected_handler)
/Applications/Ac6/SystemWorkbench.app/Contents/Eclipse/plugins/fr.ac6.mcu.externaltools.arm-none.macos64_1.6.0.201601291255/tools/compiler/bin/../lib/gcc/arm-none-eabi/5.2.1/../../../../arm-none-eabi/lib/armv7e-m/libstdc++.a(eh_arm.o)
                              /Applications/Ac6/SystemWorkbench.app/Contents/Eclipse/plugins/fr.ac6.mcu.externaltools.arm-none.macos64_1.6.0.201601291255/tools/compiler/bin/../lib/gcc/arm-none-eabi/5.2.1/../../../../arm-none-eabi/lib/armv7e-m/libstdc++.a(eh_terminate.o) (__cxa_end_cleanup)
/Applications/Ac6/SystemWorkbench.app/Contents/Eclipse/plugins/fr.ac6.mcu.externaltools.arm-none.macos64_1.6.0.201601291255/tools/compiler/bin/../lib/gcc/arm-none-eabi/5.2.1/../../../../arm-none-eabi/lib/armv7e-m/libstdc++.a(eh_call.o)
                              /Applications/Ac6/SystemWorkbench.app/Contents/Eclipse/plugins/fr.ac6.mcu.externaltools.arm-none.macos64_1.6.0.201601291255/tools/compiler/bin/../lib/gcc/arm-none-eabi/5.2.1/../../../../arm-none-eabi/lib/armv7e-m/libstdc++.a(eh_terminate.o) (__cxa_call_unexpected)
/Applications/Ac6/SystemWorkbench.app/Contents/Eclipse/plugins/fr.ac6.mcu.externaltools.arm-none.macos64_1.6.0.201601291255/tools/compiler/bin/../lib/gcc/arm-none-eabi/5.2.1/../../../../arm-none-eabi/lib/armv7e-m/libstdc++.a(eh_catch.o)
                              /Applications/Ac6/SystemWorkbench.app/Contents/Eclipse/plugins/fr.ac6.mcu.externaltools.arm-none.macos64_1.6.0.201601291255/tools/compiler/bin/../lib/gcc/arm-none-eabi/5.2.1/../../../../arm-none-eabi/lib/armv7e-m/libstdc++.a(eh_terminate.o) (__cxa_begin_catch)
/Applications/Ac6/SystemWorkbench.app/Contents/Eclipse/plugins/fr.ac6.mcu.externaltools.arm-none.macos64_1.6.0.201601291255/tools/compiler/bin/../lib/gcc/arm-none-eabi/5.2.1/../../../../arm-none-eabi/lib/armv7e-m/libstdc++.a(eh_exception.o)
[...]
Memory Configuration

Name             Origin             Length             Attributes
FLASH            0x0000000008000000 0x0000000000080000 xr
RAM              0x0000000020000000 0x0000000000018000 xrw
*default*        0x0000000000000000 0xffffffffffffffff

Linker script and memory map

LOAD /Applications/Ac6/SystemWorkbench.app/Contents/Eclipse/plugins/fr.ac6.mcu.externaltools.arm-none.macos64_1.6.0.201601291255/tools/compiler/bin/../lib/gcc/arm-none-eabi/5.2.1/armv7e-m/crti.o
LOAD /Applications/Ac6/SystemWorkbench.app/Contents/Eclipse/plugins/fr.ac6.mcu.externaltools.arm-none.macos64_1.6.0.201601291255/tools/compiler/bin/../lib/gcc/arm-none-eabi/5.2.1/armv7e-m/crtbegin.o
LOAD /Applications/Ac6/SystemWorkbench.app/Contents/Eclipse/plugins/fr.ac6.mcu.externaltools.arm-none.macos64_1.6.0.201601291255/tools/compiler/bin/../lib/gcc/arm-none-eabi/5.2.1/../../../../arm-none-eabi/lib/armv7e-m/crt0.o
LOAD build/system_stm32f4xx.o
LOAD build/stm32f4xx_hal.o
LOAD build/stm32f4xx_hal_adc.o
LOAD build/stm32f4xx_hal_adc_ex.o
LOAD build/stm32f4xx_hal_cortex.o
LOAD build/stm32f4xx_hal_dma.o
LOAD build/stm32f4xx_hal_dma_ex.o
LOAD build/stm32f4xx_hal_flash.o
LOAD build/stm32f4xx_hal_flash_ex.o
LOAD build/stm32f4xx_hal_flash_ramfunc.o
LOAD build/stm32f4xx_hal_gpio.o
LOAD build/stm32f4xx_hal_pwr.o
LOAD build/stm32f4xx_hal_pwr_ex.o
LOAD build/stm32f4xx_hal_rcc.o
LOAD build/stm32f4xx_hal_rcc_ex.o
LOAD build/stm32f4xx_hal_uart.o
LOAD build/adc.o
LOAD build/gpio.o
LOAD build/main.o
LOAD build/stm32f4xx_hal_msp.o
LOAD build/stm32f4xx_it.o
LOAD build/usart.o
LOAD build/itoa.o
LOAD build/syscalls.o
LOAD build/wiring_digital.o
LOAD build/wiring_shift.o
LOAD build/wiring.o
LOAD build/dtostrf.o
LOAD build/new.o
LOAD build/Print.o
LOAD build/RingBuffer.o
LOAD build/UARTClass.o
LOAD build/USARTClass.o
LOAD build/WMath.o
LOAD build/WString.o
LOAD build/variant.o
LOAD build/sketch.o
LOAD build/startup_stm32f401xe.o
LOAD /Applications/Ac6/SystemWorkbench.app/Contents/Eclipse/plugins/fr.ac6.mcu.externaltools.arm-none.macos64_1.6.0.201601291255/tools/compiler/bin/../lib/gcc/arm-none-eabi/5.2.1/armv7e-m/libgcc.a
LOAD /Applications/Ac6/SystemWorkbench.app/Contents/Eclipse/plugins/fr.ac6.mcu.externaltools.arm-none.macos64_1.6.0.201601291255/tools/compiler/bin/../lib/gcc/arm-none-eabi/5.2.1/../../../../arm-none-eabi/lib/armv7e-m/libstdc++.a
LOAD /Applications/Ac6/SystemWorkbench.app/Contents/Eclipse/plugins/fr.ac6.mcu.externaltools.arm-none.macos64_1.6.0.201601291255/tools/compiler/bin/../lib/gcc/arm-none-eabi/5.2.1/../../../../arm-none-eabi/lib/armv7e-m/libm.a
START GROUP
LOAD /Applications/Ac6/SystemWorkbench.app/Contents/Eclipse/plugins/fr.ac6.mcu.externaltools.arm-none.macos64_1.6.0.201601291255/tools/compiler/bin/../lib/gcc/arm-none-eabi/5.2.1/armv7e-m/libgcc.a
LOAD /Applications/Ac6/SystemWorkbench.app/Contents/Eclipse/plugins/fr.ac6.mcu.externaltools.arm-none.macos64_1.6.0.201601291255/tools/compiler/bin/../lib/gcc/arm-none-eabi/5.2.1/../../../../arm-none-eabi/lib/armv7e-m/libc.a
END GROUP
LOAD /Applications/Ac6/SystemWorkbench.app/Contents/Eclipse/plugins/fr.ac6.mcu.externaltools.arm-none.macos64_1.6.0.201601291255/tools/compiler/bin/../lib/gcc/arm-none-eabi/5.2.1/armv7e-m/crtend.o
LOAD /Applications/Ac6/SystemWorkbench.app/Contents/Eclipse/plugins/fr.ac6.mcu.externaltools.arm-none.macos64_1.6.0.201601291255/tools/compiler/bin/../lib/gcc/arm-none-eabi/5.2.1/armv7e-m/crtn.o
                0x0000000020018000                _estack = 0x20018000
                0x0000000000000200                _Min_Heap_Size = 0x200
                0x0000000000000400                _Min_Stack_Size = 0x400

.isr_vector     0x0000000008000000      0x194
                0x0000000008000000                . = ALIGN (0x4)
 *(.isr_vector)
 .isr_vector    0x0000000008000000      0x194 build/startup_stm32f401xe.o
                0x0000000008000000                g_pfnVectors
                0x0000000008000194                . = ALIGN (0x4)

.text           0x0000000008000194     0x1d7c
                0x0000000008000194                . = ALIGN (0x4)
 *(.text)
 .text          0x0000000008000194       0xa4 /Applications/Ac6/SystemWorkbench.app/Contents/Eclipse/plugins/fr.ac6.mcu.externaltools.arm-none.macos64_1.6.0.201601291255/tools/compiler/bin/../lib/gcc/arm-none-eabi/5.2.1/armv7e-m/crtbegin.o
 *(.text*)
 .text.SystemInit
                0x0000000008000238       0x40 build/system_stm32f4xx.o
                0x0000000008000238                SystemInit
 .text.HAL_InitTick
                0x0000000008000278       0x28 build/stm32f4xx_hal.o
                0x0000000008000278                HAL_InitTick
 .text.HAL_Init
                0x00000000080002a0       0x34 build/stm32f4xx_hal.o
                0x00000000080002a0                HAL_Init
 .text.HAL_IncTick
                0x00000000080002d4       0x10 build/stm32f4xx_hal.o
                0x00000000080002d4                HAL_IncTick
 .text.HAL_GetTick
                0x00000000080002e4        0xc build/stm32f4xx_hal.o
                0x00000000080002e4                HAL_GetTick
 .text.HAL_Delay
                0x00000000080002f0       0x1a build/stm32f4xx_hal.o
                0x00000000080002f0                HAL_Delay
 *fill*         0x000000000800030a        0x2 
 .text.HAL_ADC_Init
                0x000000000800030c      0x154 build/stm32f4xx_hal_adc.o
                0x000000000800030c                HAL_ADC_Init
 .text.HAL_ADC_ConfigChannel
                0x0000000008000460      0x12c build/stm32f4xx_hal_adc.o
                0x0000000008000460                HAL_ADC_ConfigChannel
 .text.HAL_NVIC_SetPriorityGrouping
                0x000000000800058c       0x24 build/stm32f4xx_hal_cortex.o
                0x000000000800058c                HAL_NVIC_SetPriorityGrouping
 .text.HAL_NVIC_SetPriority
                0x00000000080005b0       0x68 build/stm32f4xx_hal_cortex.o
                0x00000000080005b0                HAL_NVIC_SetPriority
 .text.HAL_SYSTICK_Config
                0x0000000008000618       0x2c build/stm32f4xx_hal_cortex.o
                0x0000000008000618                HAL_SYSTICK_Config
 .text.HAL_SYSTICK_CLKSourceConfig
                0x0000000008000644       0x18 build/stm32f4xx_hal_cortex.o
                0x0000000008000644                HAL_SYSTICK_CLKSourceConfig
 .text.HAL_SYSTICK_Callback
                0x000000000800065c        0x2 build/stm32f4xx_hal_cortex.o
                0x000000000800065c                HAL_SYSTICK_Callback
 .text.HAL_SYSTICK_IRQHandler
                0x000000000800065e        0x8 build/stm32f4xx_hal_cortex.o
                0x000000000800065e                HAL_SYSTICK_IRQHandler
 *fill*         0x0000000008000666        0x2 
 .text.HAL_GPIO_Init
                0x0000000008000668      0x19c build/stm32f4xx_hal_gpio.o
                0x0000000008000668                HAL_GPIO_Init
 .text.HAL_GPIO_WritePin
                0x0000000008000804        0x8 build/stm32f4xx_hal_gpio.o
                0x0000000008000804                HAL_GPIO_WritePin
 .text.HAL_RCC_OscConfig
                0x000000000800080c      0x2d0 build/stm32f4xx_hal_rcc.o
                0x000000000800080c                HAL_RCC_OscConfig
 .text.HAL_RCC_GetSysClockFreq
                0x0000000008000adc       0x7c build/stm32f4xx_hal_rcc.o
                0x0000000008000adc                HAL_RCC_GetSysClockFreq
 .text.HAL_RCC_ClockConfig
                0x0000000008000b58      0x168 build/stm32f4xx_hal_rcc.o
                0x0000000008000b58                HAL_RCC_ClockConfig
 .text.HAL_RCC_GetHCLKFreq
                0x0000000008000cc0        0xc build/stm32f4xx_hal_rcc.o
                0x0000000008000cc0                HAL_RCC_GetHCLKFreq
 .text.HAL_RCC_GetPCLK1Freq
                0x0000000008000ccc       0x30 build/stm32f4xx_hal_rcc.o
                0x0000000008000ccc                HAL_RCC_GetPCLK1Freq
 .text.HAL_RCC_GetPCLK2Freq
                0x0000000008000cfc       0x30 build/stm32f4xx_hal_rcc.o
                0x0000000008000cfc                HAL_RCC_GetPCLK2Freq
 .text.UART_SetConfig
                0x0000000008000d2c      0x23c build/stm32f4xx_hal_uart.o
 .text.HAL_UART_Init
                0x0000000008000f68       0x5c build/stm32f4xx_hal_uart.o
                0x0000000008000f68                HAL_UART_Init
 .text.MX_ADC1_Init
                0x0000000008000fc4       0x54 build/adc.o
                0x0000000008000fc4                MX_ADC1_Init
 .text.HAL_ADC_MspInit
                0x0000000008001018       0x44 build/adc.o
                0x0000000008001018                HAL_ADC_MspInit
 .text.MX_GPIO_Init
                0x000000000800105c       0xc0 build/gpio.o
                0x000000000800105c                MX_GPIO_Init
 .text.init     0x000000000800111c        0x2 build/main.o
                0x000000000800111c                init
 .text.initVariant
                0x000000000800111e        0x2 build/main.o
                0x000000000800111e                initVariant
 .text.SystemClock_Config
                0x0000000008001120       0x9c build/main.o
                0x0000000008001120                SystemClock_Config
 .text.startup.main
                0x00000000080011bc       0x34 build/main.o
                0x00000000080011bc                main
 .text.Error_Handler
                0x00000000080011f0        0x2 build/main.o
                0x00000000080011f0                Error_Handler
 .text.HAL_MspInit
                0x00000000080011f2       0x60 build/stm32f4xx_hal_msp.o
                0x00000000080011f2                HAL_MspInit
 .text.SysTick_Handler
                0x0000000008001252        0xe build/stm32f4xx_it.o
                0x0000000008001252                SysTick_Handler
 .text.MX_USART2_UART_Init
                0x0000000008001260       0x38 build/usart.o
                0x0000000008001260                MX_USART2_UART_Init
 .text.MX_USART6_UART_Init
                0x0000000008001298       0x38 build/usart.o
                0x0000000008001298                MX_USART6_UART_Init
 .text.HAL_UART_MspInit
                0x00000000080012d0       0x90 build/usart.o
                0x00000000080012d0                HAL_UART_MspInit
 .text._sbrk    0x0000000008001360       0x40 build/syscalls.o
                0x0000000008001360                _sbrk
 .text.pinMode  0x00000000080013a0       0x44 build/wiring_digital.o
                0x00000000080013a0                pinMode
 .text.digitalWrite
                0x00000000080013e4       0x20 build/wiring_digital.o
                0x00000000080013e4                digitalWrite
 .text._ZN10RingBufferC2Ev
                0x0000000008001404       0x1a build/RingBuffer.o
                0x0000000008001404                RingBuffer::RingBuffer()
                0x0000000008001404                RingBuffer::RingBuffer()
 *fill*         0x000000000800141e        0x2 
 .text.startup._GLOBAL__sub_I_g_Pin2PortMapArray
                0x0000000008001420       0x30 build/variant.o
 .text.setup    0x0000000008001450        0x8 build/sketch.o
                0x0000000008001450                setup
 .text.loop     0x0000000008001458       0x26 build/sketch.o
                0x0000000008001458                loop
 *fill*         0x000000000800147e        0x2 
 .text.Reset_Handler
                0x0000000008001480       0x50 build/startup_stm32f401xe.o
                0x0000000008001480                Reset_Handler
 .text.Default_Handler
                0x00000000080014d0        0x4 build/startup_stm32f401xe.o
                0x00000000080014d0                DMA1_Stream3_IRQHandler
                0x00000000080014d0                EXTI2_IRQHandler
                0x00000000080014d0                DebugMon_Handler
                0x00000000080014d0                SPI4_IRQHandler
                0x00000000080014d0                TIM1_CC_IRQHandler
                0x00000000080014d0                DMA2_Stream5_IRQHandler
                0x00000000080014d0                HardFault_Handler
                0x00000000080014d0                DMA1_Stream5_IRQHandler
                0x00000000080014d0                PVD_IRQHandler
                0x00000000080014d0                SDIO_IRQHandler
                0x00000000080014d0                TAMP_STAMP_IRQHandler
                0x00000000080014d0                PendSV_Handler
                0x00000000080014d0                NMI_Handler
                0x00000000080014d0                EXTI3_IRQHandler
                0x00000000080014d0                TIM1_UP_TIM10_IRQHandler
                0x00000000080014d0                I2C3_ER_IRQHandler
                0x00000000080014d0                EXTI0_IRQHandler
                0x00000000080014d0                I2C2_EV_IRQHandler
                0x00000000080014d0                DMA1_Stream2_IRQHandler
                0x00000000080014d0                FPU_IRQHandler
                0x00000000080014d0                UsageFault_Handler
                0x00000000080014d0                DMA2_Stream2_IRQHandler
                0x00000000080014d0                SPI1_IRQHandler
                0x00000000080014d0                TIM1_BRK_TIM9_IRQHandler
                0x00000000080014d0                DMA2_Stream3_IRQHandler
                0x00000000080014d0                USART6_IRQHandler
                0x00000000080014d0                DMA2_Stream0_IRQHandler
                0x00000000080014d0                TIM4_IRQHandler
                0x00000000080014d0                I2C1_EV_IRQHandler
                0x00000000080014d0                DMA1_Stream6_IRQHandler
                0x00000000080014d0                DMA1_Stream1_IRQHandler
                0x00000000080014d0                TIM3_IRQHandler
                0x00000000080014d0                RCC_IRQHandler
                0x00000000080014d0                Default_Handler
                0x00000000080014d0                EXTI15_10_IRQHandler
                0x00000000080014d0                ADC_IRQHandler
                0x00000000080014d0                DMA1_Stream7_IRQHandler
                0x00000000080014d0                TIM5_IRQHandler
                0x00000000080014d0                DMA2_Stream7_IRQHandler
                0x00000000080014d0                I2C3_EV_IRQHandler
                0x00000000080014d0                EXTI9_5_IRQHandler
                0x00000000080014d0                RTC_WKUP_IRQHandler
                0x00000000080014d0                SPI2_IRQHandler
                0x00000000080014d0                MemManage_Handler
                0x00000000080014d0                DMA1_Stream0_IRQHandler
                0x00000000080014d0                SVC_Handler
                0x00000000080014d0                EXTI4_IRQHandler
                0x00000000080014d0                WWDG_IRQHandler
                0x00000000080014d0                TIM2_IRQHandler
                0x00000000080014d0                OTG_FS_WKUP_IRQHandler
                0x00000000080014d0                TIM1_TRG_COM_TIM11_IRQHandler
                0x00000000080014d0                EXTI1_IRQHandler
                0x00000000080014d0                USART2_IRQHandler
                0x00000000080014d0                I2C2_ER_IRQHandler
                0x00000000080014d0                DMA2_Stream1_IRQHandler
                0x00000000080014d0                FLASH_IRQHandler
                0x00000000080014d0                DMA2_Stream4_IRQHandler
                0x00000000080014d0                BusFault_Handler
                0x00000000080014d0                USART1_IRQHandler
                0x00000000080014d0                OTG_FS_IRQHandler
                0x00000000080014d0                SPI3_IRQHandler
                0x00000000080014d0                DMA1_Stream4_IRQHandler
                0x00000000080014d0                I2C1_ER_IRQHandler
                0x00000000080014d0                DMA2_Stream6_IRQHandler
                0x00000000080014d0                RTC_Alarm_IRQHandler
 .text.startup._GLOBAL__sub_I___cxa_allocate_exception
                0x00000000080014d4       0x28 /Applications/Ac6/SystemWorkbench.app/Contents/Eclipse/plugins/fr.ac6.mcu.externaltools.arm-none.macos64_1.6.0.201601291255/tools/compiler/bin/../lib/gcc/arm-none-eabi/5.2.1/../../../../arm-none-eabi/lib/armv7e-m/libstdc++.a(eh_alloc.o)
 .text.__errno  0x00000000080014fc        0xc /Applications/Ac6/SystemWorkbench.app/Contents/Eclipse/plugins/fr.ac6.mcu.externaltools.arm-none.macos64_1.6.0.201601291255/tools/compiler/bin/../lib/gcc/arm-none-eabi/5.2.1/../../../../arm-none-eabi/lib/armv7e-m/libc.a(lib_a-errno.o)
                0x00000000080014fc                __errno
 .text.__libc_init_array
                0x0000000008001508       0x50 /Applications/Ac6/SystemWorkbench.app/Contents/Eclipse/plugins/fr.ac6.mcu.externaltools.arm-none.macos64_1.6.0.201601291255/tools/compiler/bin/../lib/gcc/arm-none-eabi/5.2.1/../../../../arm-none-eabi/lib/armv7e-m/libc.a(lib_a-init.o)
                0x0000000008001508                __libc_init_array
 .text.malloc   0x0000000008001558       0x10 /Applications/Ac6/SystemWorkbench.app/Contents/Eclipse/plugins/fr.ac6.mcu.externaltools.arm-none.macos64_1.6.0.201601291255/tools/compiler/bin/../lib/gcc/arm-none-eabi/5.2.1/../../../../arm-none-eabi/lib/armv7e-m/libc.a(lib_a-malloc.o)
                0x0000000008001558                malloc
 .text._malloc_r
                0x0000000008001568      0x570 /Applications/Ac6/SystemWorkbench.app/Contents/Eclipse/plugins/fr.ac6.mcu.externaltools.arm-none.macos64_1.6.0.201601291255/tools/compiler/bin/../lib/gcc/arm-none-eabi/5.2.1/../../../../arm-none-eabi/lib/armv7e-m/libc.a(lib_a-mallocr.o)
                0x0000000008001568                _malloc_r
 .text.memset   0x0000000008001ad8       0x9c /Applications/Ac6/SystemWorkbench.app/Contents/Eclipse/plugins/fr.ac6.mcu.externaltools.arm-none.macos64_1.6.0.201601291255/tools/compiler/bin/../lib/gcc/arm-none-eabi/5.2.1/../../../../arm-none-eabi/lib/armv7e-m/libc.a(lib_a-memset.o)
                0x0000000008001ad8                memset
 .text.__malloc_lock
                0x0000000008001b74        0x4 /Applications/Ac6/SystemWorkbench.app/Contents/Eclipse/plugins/fr.ac6.mcu.externaltools.arm-none.macos64_1.6.0.201601291255/tools/compiler/bin/../lib/gcc/arm-none-eabi/5.2.1/../../../../arm-none-eabi/lib/armv7e-m/libc.a(lib_a-mlock.o)
                0x0000000008001b74                __malloc_lock
 .text.__malloc_unlock
                0x0000000008001b78        0x4 /Applications/Ac6/SystemWorkbench.app/Contents/Eclipse/plugins/fr.ac6.mcu.externaltools.arm-none.macos64_1.6.0.201601291255/tools/compiler/bin/../lib/gcc/arm-none-eabi/5.2.1/../../../../arm-none-eabi/lib/armv7e-m/libc.a(lib_a-mlock.o)
                0x0000000008001b78                __malloc_unlock
 .text._sbrk_r  0x0000000008001b7c       0x24 /Applications/Ac6/SystemWorkbench.app/Contents/Eclipse/plugins/fr.ac6.mcu.externaltools.arm-none.macos64_1.6.0.201601291255/tools/compiler/bin/../lib/gcc/arm-none-eabi/5.2.1/../../../../arm-none-eabi/lib/armv7e-m/libc.a(lib_a-sbrkr.o)
                0x0000000008001b7c                _sbrk_r
 .text.startup.register_fini
                0x0000000008001ba0       0x14 /Applications/Ac6/SystemWorkbench.app/Contents/Eclipse/plugins/fr.ac6.mcu.externaltools.arm-none.macos64_1.6.0.201601291255/tools/compiler/bin/../lib/gcc/arm-none-eabi/5.2.1/../../../../arm-none-eabi/lib/armv7e-m/libc.a(lib_a-__call_atexit.o)
 .text.atexit   0x0000000008001bb4        0xc /Applications/Ac6/SystemWorkbench.app/Contents/Eclipse/plugins/fr.ac6.mcu.externaltools.arm-none.macos64_1.6.0.201601291255/tools/compiler/bin/../lib/gcc/arm-none-eabi/5.2.1/../../../../arm-none-eabi/lib/armv7e-m/libc.a(lib_a-atexit.o)
                0x0000000008001bb4                atexit
 .text.__libc_fini_array
                0x0000000008001bc0       0x28 /Applications/Ac6/SystemWorkbench.app/Contents/Eclipse/plugins/fr.ac6.mcu.externaltools.arm-none.macos64_1.6.0.201601291255/tools/compiler/bin/../lib/gcc/arm-none-eabi/5.2.1/../../../../arm-none-eabi/lib/armv7e-m/libc.a(lib_a-fini.o)
                0x0000000008001bc0                __libc_fini_array
 .text._malloc_trim_r
                0x0000000008001be8       0x9c /Applications/Ac6/SystemWorkbench.app/Contents/Eclipse/plugins/fr.ac6.mcu.externaltools.arm-none.macos64_1.6.0.201601291255/tools/compiler/bin/../lib/gcc/arm-none-eabi/5.2.1/../../../../arm-none-eabi/lib/armv7e-m/libc.a(lib_a-freer.o)
                0x0000000008001be8                _malloc_trim_r
 .text._free_r  0x0000000008001c84      0x1d0 /Applications/Ac6/SystemWorkbench.app/Contents/Eclipse/plugins/fr.ac6.mcu.externaltools.arm-none.macos64_1.6.0.201601291255/tools/compiler/bin/../lib/gcc/arm-none-eabi/5.2.1/../../../../arm-none-eabi/lib/armv7e-m/libc.a(lib_a-freer.o)
                0x0000000008001c84                _free_r
 .text.__register_exitproc
                0x0000000008001e54       0xa4 /Applications/Ac6/SystemWorkbench.app/Contents/Eclipse/plugins/fr.ac6.mcu.externaltools.arm-none.macos64_1.6.0.201601291255/tools/compiler/bin/../lib/gcc/arm-none-eabi/5.2.1/../../../../arm-none-eabi/lib/armv7e-m/libc.a(lib_a-__atexit.o)
                0x0000000008001e54                __register_exitproc
 *(.glue_7)
 .glue_7        0x0000000008001ef8        0x0 linker stubs
 *(.glue_7t)
 .glue_7t       0x0000000008001ef8        0x0 linker stubs
 *(.eh_frame)
 .eh_frame      0x0000000008001ef8        0x0 /Applications/Ac6/SystemWorkbench.app/Contents/Eclipse/plugins/fr.ac6.mcu.externaltools.arm-none.macos64_1.6.0.201601291255/tools/compiler/bin/../lib/gcc/arm-none-eabi/5.2.1/armv7e-m/crtbegin.o
 *(.init)
 .init          0x0000000008001ef8        0x4 /Applications/Ac6/SystemWorkbench.app/Contents/Eclipse/plugins/fr.ac6.mcu.externaltools.arm-none.macos64_1.6.0.201601291255/tools/compiler/bin/../lib/gcc/arm-none-eabi/5.2.1/armv7e-m/crti.o
                0x0000000008001ef8                _init
 .init          0x0000000008001efc        0x8 /Applications/Ac6/SystemWorkbench.app/Contents/Eclipse/plugins/fr.ac6.mcu.externaltools.arm-none.macos64_1.6.0.201601291255/tools/compiler/bin/../lib/gcc/arm-none-eabi/5.2.1/armv7e-m/crtn.o
 *(.fini)
 .fini          0x0000000008001f04        0x4 /Applications/Ac6/SystemWorkbench.app/Contents/Eclipse/plugins/fr.ac6.mcu.externaltools.arm-none.macos64_1.6.0.201601291255/tools/compiler/bin/../lib/gcc/arm-none-eabi/5.2.1/armv7e-m/crti.o
                0x0000000008001f04                _fini
 .fini          0x0000000008001f08        0x8 /Applications/Ac6/SystemWorkbench.app/Contents/Eclipse/plugins/fr.ac6.mcu.externaltools.arm-none.macos64_1.6.0.201601291255/tools/compiler/bin/../lib/gcc/arm-none-eabi/5.2.1/armv7e-m/crtn.o
                0x0000000008001f10                . = ALIGN (0x4)
                0x0000000008001f10                _etext = .

.vfp11_veneer   0x0000000008001f10        0x0
 .vfp11_veneer  0x0000000008001f10        0x0 linker stubs

.v4_bx          0x0000000008001f10        0x0
 .v4_bx         0x0000000008001f10        0x0 linker stubs

.iplt           0x0000000008001f10        0x0
 .iplt          0x0000000008001f10        0x0 /Applications/Ac6/SystemWorkbench.app/Contents/Eclipse/plugins/fr.ac6.mcu.externaltools.arm-none.macos64_1.6.0.201601291255/tools/compiler/bin/../lib/gcc/arm-none-eabi/5.2.1/armv7e-m/crtbegin.o

.rodata         0x0000000008001f10      0x188
                0x0000000008001f10                . = ALIGN (0x4)
 *(.rodata)
 *(.rodata*)
 .rodata.APBAHBPrescTable
                0x0000000008001f10       0x10 build/stm32f4xx_hal_rcc.o
                0x0000000008001f10                APBAHBPrescTable
 .rodata.g_Pin2PortMapArray
                0x0000000008001f20      0x170 build/variant.o
                0x0000000008001f20                g_Pin2PortMapArray
 .rodata.str1.4
                0x0000000008002090        0x4 /Applications/Ac6/SystemWorkbench.app/Contents/Eclipse/plugins/fr.ac6.mcu.externaltools.arm-none.macos64_1.6.0.201601291255/tools/compiler/bin/../lib/gcc/arm-none-eabi/5.2.1/../../../../arm-none-eabi/lib/armv7e-m/libc.a(lib_a-impure.o)
                                          0x2 (size before relaxing)
 .rodata._global_impure_ptr
                0x0000000008002094        0x4 /Applications/Ac6/SystemWorkbench.app/Contents/Eclipse/plugins/fr.ac6.mcu.externaltools.arm-none.macos64_1.6.0.201601291255/tools/compiler/bin/../lib/gcc/arm-none-eabi/5.2.1/../../../../arm-none-eabi/lib/armv7e-m/libc.a(lib_a-impure.o)
                0x0000000008002094                _global_impure_ptr
                0x0000000008002098                . = ALIGN (0x4)

.ARM.extab
 *(.ARM.extab* .gnu.linkonce.armextab.*)

.ARM            0x0000000008002098        0x8
                0x0000000008002098                __exidx_start = .
 *(.ARM.exidx*)
 .ARM.exidx.text.startup._GLOBAL__sub_I___cxa_allocate_exception
                0x0000000008002098        0x8 /Applications/Ac6/SystemWorkbench.app/Contents/Eclipse/plugins/fr.ac6.mcu.externaltools.arm-none.macos64_1.6.0.201601291255/tools/compiler/bin/../lib/gcc/arm-none-eabi/5.2.1/../../../../arm-none-eabi/lib/armv7e-m/libstdc++.a(eh_alloc.o)
                0x00000000080020a0                __exidx_end = .

.rel.dyn        0x00000000080020a0        0x0
 .rel.iplt      0x00000000080020a0        0x0 /Applications/Ac6/SystemWorkbench.app/Contents/Eclipse/plugins/fr.ac6.mcu.externaltools.arm-none.macos64_1.6.0.201601291255/tools/compiler/bin/../lib/gcc/arm-none-eabi/5.2.1/armv7e-m/crtbegin.o

.preinit_array  0x00000000080020a0        0x0
                0x00000000080020a0                PROVIDE (__preinit_array_start, .)
 *(.preinit_array*)
                0x00000000080020a0                PROVIDE (__preinit_array_end, .)

.init_array     0x00000000080020a0       0x10
                0x00000000080020a0                PROVIDE (__init_array_start, .)
 *(SORT(.init_array.*))
 .init_array.00000
                0x00000000080020a0        0x4 /Applications/Ac6/SystemWorkbench.app/Contents/Eclipse/plugins/fr.ac6.mcu.externaltools.arm-none.macos64_1.6.0.201601291255/tools/compiler/bin/../lib/gcc/arm-none-eabi/5.2.1/../../../../arm-none-eabi/lib/armv7e-m/libc.a(lib_a-__call_atexit.o)
 *(.init_array*)
 .init_array    0x00000000080020a4        0x4 /Applications/Ac6/SystemWorkbench.app/Contents/Eclipse/plugins/fr.ac6.mcu.externaltools.arm-none.macos64_1.6.0.201601291255/tools/compiler/bin/../lib/gcc/arm-none-eabi/5.2.1/armv7e-m/crtbegin.o
 .init_array    0x00000000080020a8        0x4 build/variant.o
 .init_array    0x00000000080020ac        0x4 /Applications/Ac6/SystemWorkbench.app/Contents/Eclipse/plugins/fr.ac6.mcu.externaltools.arm-none.macos64_1.6.0.201601291255/tools/compiler/bin/../lib/gcc/arm-none-eabi/5.2.1/../../../../arm-none-eabi/lib/armv7e-m/libstdc++.a(eh_alloc.o)
                0x00000000080020b0                PROVIDE (__init_array_end, .)

.fini_array     0x00000000080020b0        0x4
                0x00000000080020b0                PROVIDE (__fini_array_start, .)
 *(SORT(.fini_array.*))
 *(.fini_array*)
 .fini_array    0x00000000080020b0        0x4 /Applications/Ac6/SystemWorkbench.app/Contents/Eclipse/plugins/fr.ac6.mcu.externaltools.arm-none.macos64_1.6.0.201601291255/tools/compiler/bin/../lib/gcc/arm-none-eabi/5.2.1/armv7e-m/crtbegin.o
                0x00000000080020b4                PROVIDE (__fini_array_end, .)
                0x00000000080020b4                _sidata = LOADADDR (.data)

.data           0x0000000020000000      0x844 load address 0x00000000080020b4
                0x0000000020000000                . = ALIGN (0x4)
                0x0000000020000000                _sdata = .
 *(.data)
 *(.data*)
 .data.SystemCoreClock
                0x0000000020000000        0x4 build/system_stm32f4xx.o
                0x0000000020000000                SystemCoreClock
 *fill*         0x0000000020000004        0x4 
 .data.impure_data
                0x0000000020000008      0x428 /Applications/Ac6/SystemWorkbench.app/Contents/Eclipse/plugins/fr.ac6.mcu.externaltools.arm-none.macos64_1.6.0.201601291255/tools/compiler/bin/../lib/gcc/arm-none-eabi/5.2.1/../../../../arm-none-eabi/lib/armv7e-m/libc.a(lib_a-impure.o)
 .data._impure_ptr
                0x0000000020000430        0x4 /Applications/Ac6/SystemWorkbench.app/Contents/Eclipse/plugins/fr.ac6.mcu.externaltools.arm-none.macos64_1.6.0.201601291255/tools/compiler/bin/../lib/gcc/arm-none-eabi/5.2.1/../../../../arm-none-eabi/lib/armv7e-m/libc.a(lib_a-impure.o)
                0x0000000020000430                _impure_ptr
 .data.__malloc_av_
                0x0000000020000434      0x408 /Applications/Ac6/SystemWorkbench.app/Contents/Eclipse/plugins/fr.ac6.mcu.externaltools.arm-none.macos64_1.6.0.201601291255/tools/compiler/bin/../lib/gcc/arm-none-eabi/5.2.1/../../../../arm-none-eabi/lib/armv7e-m/libc.a(lib_a-mallocr.o)
                0x0000000020000434                __malloc_av_
 .data.__malloc_trim_threshold
                0x000000002000083c        0x4 /Applications/Ac6/SystemWorkbench.app/Contents/Eclipse/plugins/fr.ac6.mcu.externaltools.arm-none.macos64_1.6.0.201601291255/tools/compiler/bin/../lib/gcc/arm-none-eabi/5.2.1/../../../../arm-none-eabi/lib/armv7e-m/libc.a(lib_a-mallocr.o)
                0x000000002000083c                __malloc_trim_threshold
 .data.__malloc_sbrk_base
                0x0000000020000840        0x4 /Applications/Ac6/SystemWorkbench.app/Contents/Eclipse/plugins/fr.ac6.mcu.externaltools.arm-none.macos64_1.6.0.201601291255/tools/compiler/bin/../lib/gcc/arm-none-eabi/5.2.1/../../../../arm-none-eabi/lib/armv7e-m/libc.a(lib_a-mallocr.o)
                0x0000000020000840                __malloc_sbrk_base
                0x0000000020000844                . = ALIGN (0x4)
                0x0000000020000844                _edata = .

.jcr            0x0000000020000844        0x0 load address 0x00000000080028f8
 .jcr           0x0000000020000844        0x0 /Applications/Ac6/SystemWorkbench.app/Contents/Eclipse/plugins/fr.ac6.mcu.externaltools.arm-none.macos64_1.6.0.201601291255/tools/compiler/bin/../lib/gcc/arm-none-eabi/5.2.1/armv7e-m/crtbegin.o

.tm_clone_table
                0x0000000020000844        0x0 load address 0x00000000080028f8
 .tm_clone_table
                0x0000000020000844        0x0 /Applications/Ac6/SystemWorkbench.app/Contents/Eclipse/plugins/fr.ac6.mcu.externaltools.arm-none.macos64_1.6.0.201601291255/tools/compiler/bin/../lib/gcc/arm-none-eabi/5.2.1/armv7e-m/crtbegin.o
 .tm_clone_table
                0x0000000020000844        0x0 /Applications/Ac6/SystemWorkbench.app/Contents/Eclipse/plugins/fr.ac6.mcu.externaltools.arm-none.macos64_1.6.0.201601291255/tools/compiler/bin/../lib/gcc/arm-none-eabi/5.2.1/armv7e-m/crtend.o

.igot.plt       0x0000000020000844        0x0 load address 0x00000000080028f8
 .igot.plt      0x0000000020000844        0x0 /Applications/Ac6/SystemWorkbench.app/Contents/Eclipse/plugins/fr.ac6.mcu.externaltools.arm-none.macos64_1.6.0.201601291255/tools/compiler/bin/../lib/gcc/arm-none-eabi/5.2.1/armv7e-m/crtbegin.o
                0x0000000020000844                . = ALIGN (0x4)

.bss            0x0000000020000844      0x354 load address 0x00000000080028f8
                0x0000000020000844                _sbss = .
                0x0000000020000844                __bss_start__ = _sbss
 *(.bss)
 .bss           0x0000000020000844       0x1c /Applications/Ac6/SystemWorkbench.app/Contents/Eclipse/plugins/fr.ac6.mcu.externaltools.arm-none.macos64_1.6.0.201601291255/tools/compiler/bin/../lib/gcc/arm-none-eabi/5.2.1/armv7e-m/crtbegin.o
 *(.bss*)
 .bss.heap_end.5920
                0x0000000020000860        0x4 build/syscalls.o
 .bss.tx_buffer1
                0x0000000020000864       0x88 build/variant.o
                0x0000000020000864                tx_buffer1
 .bss.tx_buffer2
                0x00000000200008ec       0x88 build/variant.o
                0x00000000200008ec                tx_buffer2
 .bss.rx_buffer1
                0x0000000020000974       0x88 build/variant.o
                0x0000000020000974                rx_buffer1
 .bss.rx_buffer2
                0x00000000200009fc       0x88 build/variant.o
                0x00000000200009fc                rx_buffer2
 .bss._ZN12_GLOBAL__N_114emergency_poolE
                0x0000000020000a84       0x10 /Applications/Ac6/SystemWorkbench.app/Contents/Eclipse/plugins/fr.ac6.mcu.externaltools.arm-none.macos64_1.6.0.201601291255/tools/compiler/bin/../lib/gcc/arm-none-eabi/5.2.1/../../../../arm-none-eabi/lib/armv7e-m/libstdc++.a(eh_alloc.o)
 .bss.__malloc_max_total_mem
                0x0000000020000a94        0x4 /Applications/Ac6/SystemWorkbench.app/Contents/Eclipse/plugins/fr.ac6.mcu.externaltools.arm-none.macos64_1.6.0.201601291255/tools/compiler/bin/../lib/gcc/arm-none-eabi/5.2.1/../../../../arm-none-eabi/lib/armv7e-m/libc.a(lib_a-mallocr.o)
                0x0000000020000a94                __malloc_max_total_mem
 .bss.__malloc_max_sbrked_mem
                0x0000000020000a98        0x4 /Applications/Ac6/SystemWorkbench.app/Contents/Eclipse/plugins/fr.ac6.mcu.externaltools.arm-none.macos64_1.6.0.201601291255/tools/compiler/bin/../lib/gcc/arm-none-eabi/5.2.1/../../../../arm-none-eabi/lib/armv7e-m/libc.a(lib_a-mallocr.o)
                0x0000000020000a98                __malloc_max_sbrked_mem
 .bss.__malloc_top_pad
                0x0000000020000a9c        0x4 /Applications/Ac6/SystemWorkbench.app/Contents/Eclipse/plugins/fr.ac6.mcu.externaltools.arm-none.macos64_1.6.0.201601291255/tools/compiler/bin/../lib/gcc/arm-none-eabi/5.2.1/../../../../arm-none-eabi/lib/armv7e-m/libc.a(lib_a-mallocr.o)
                0x0000000020000a9c                __malloc_top_pad
 .bss.__malloc_current_mallinfo
                0x0000000020000aa0       0x28 /Applications/Ac6/SystemWorkbench.app/Contents/Eclipse/plugins/fr.ac6.mcu.externaltools.arm-none.macos64_1.6.0.201601291255/tools/compiler/bin/../lib/gcc/arm-none-eabi/5.2.1/../../../../arm-none-eabi/lib/armv7e-m/libc.a(lib_a-mallocr.o)
                0x0000000020000aa0                __malloc_current_mallinfo
 *(COMMON)
 COMMON         0x0000000020000ac8        0x4 build/stm32f4xx_hal.o
                0x0000000020000ac8                uwTick
 COMMON         0x0000000020000acc       0x48 build/adc.o
                0x0000000020000acc                hadc1
 COMMON         0x0000000020000b14       0x80 build/usart.o
                0x0000000020000b14                huart6
                0x0000000020000b54                huart2
 COMMON         0x0000000020000b94        0x4 /Applications/Ac6/SystemWorkbench.app/Contents/Eclipse/plugins/fr.ac6.mcu.externaltools.arm-none.macos64_1.6.0.201601291255/tools/compiler/bin/../lib/gcc/arm-none-eabi/5.2.1/../../../../arm-none-eabi/lib/armv7e-m/libc.a(lib_a-reent.o)
                0x0000000020000b94                errno
                0x0000000020000b98                . = ALIGN (0x4)
                0x0000000020000b98                _ebss = .
                0x0000000020000b98                __bss_end__ = _ebss

._user_heap_stack
                0x0000000020000b98      0x600 load address 0x00000000080028f8
                0x0000000020000b98                . = ALIGN (0x8)
                0x0000000020000b98                PROVIDE (end, .)
                [!provide]                        PROVIDE (_end, .)
                0x0000000020000d98                . = (. + _Min_Heap_Size)
 *fill*         0x0000000020000b98      0x200 
                0x0000000020001198                . = (. + _Min_Stack_Size)
 *fill*         0x0000000020000d98      0x400 
                0x0000000020001198                . = ALIGN (0x8)

/DISCARD/
 libc.a(*)
 libm.a(*)
 libgcc.a(*)

.ARM.attributes
                0x0000000000000000       0x2a
 *(.ARM.attributes)
 .ARM.attributes
                0x0000000000000000       0x1e /Applications/Ac6/SystemWorkbench.app/Contents/Eclipse/plugins/fr.ac6.mcu.externaltools.arm-none.macos64_1.6.0.201601291255/tools/compiler/bin/../lib/gcc/arm-none-eabi/5.2.1/armv7e-m/crti.o
 .ARM.attributes
                0x000000000000001e       0x2e /Applications/Ac6/SystemWorkbench.app/Contents/Eclipse/plugins/fr.ac6.mcu.externaltools.arm-none.macos64_1.6.0.201601291255/tools/compiler/bin/../lib/gcc/arm-none-eabi/5.2.1/armv7e-m/crtbegin.o
 .ARM.attributes
                0x000000000000004c       0x33 build/system_stm32f4xx.o
 .ARM.attributes
                0x000000000000007f       0x33 build/stm32f4xx_hal.o
 .ARM.attributes
                0x00000000000000b2       0x33 build/stm32f4xx_hal_adc.o
 .ARM.attributes
                0x00000000000000e5       0x33 build/stm32f4xx_hal_cortex.o
 .ARM.attributes
                0x0000000000000118       0x33 build/stm32f4xx_hal_gpio.o
 .ARM.attributes
                0x000000000000014b       0x33 build/stm32f4xx_hal_rcc.o
 .ARM.attributes
                0x000000000000017e       0x33 build/stm32f4xx_hal_uart.o
 .ARM.attributes
                0x00000000000001b1       0x33 build/adc.o
 .ARM.attributes
                0x00000000000001e4       0x33 build/gpio.o
 .ARM.attributes
                0x0000000000000217       0x33 build/main.o
 .ARM.attributes
                0x000000000000024a       0x33 build/stm32f4xx_hal_msp.o
 .ARM.attributes
                0x000000000000027d       0x33 build/stm32f4xx_it.o
 .ARM.attributes
                0x00000000000002b0       0x33 build/usart.o
 .ARM.attributes
                0x00000000000002e3       0x33 build/syscalls.o
 .ARM.attributes
                0x0000000000000316       0x33 build/wiring_digital.o
 .ARM.attributes
                0x0000000000000349       0x33 build/RingBuffer.o
 .ARM.attributes
                0x000000000000037c       0x33 build/variant.o
 .ARM.attributes
                0x00000000000003af       0x33 build/sketch.o
 .ARM.attributes
                0x00000000000003e2       0x21 build/startup_stm32f401xe.o
 .ARM.attributes
                0x0000000000000403       0x2e /Applications/Ac6/SystemWorkbench.app/Contents/Eclipse/plugins/fr.ac6.mcu.externaltools.arm-none.macos64_1.6.0.201601291255/tools/compiler/bin/../lib/gcc/arm-none-eabi/5.2.1/../../../../arm-none-eabi/lib/armv7e-m/libstdc++.a(eh_alloc.o)
 .ARM.attributes
                0x0000000000000431       0x2e /Applications/Ac6/SystemWorkbench.app/Contents/Eclipse/plugins/fr.ac6.mcu.externaltools.arm-none.macos64_1.6.0.201601291255/tools/compiler/bin/../lib/gcc/arm-none-eabi/5.2.1/../../../../arm-none-eabi/lib/armv7e-m/libc.a(lib_a-errno.o)
 .ARM.attributes
                0x000000000000045f       0x2e /Applications/Ac6/SystemWorkbench.app/Contents/Eclipse/plugins/fr.ac6.mcu.externaltools.arm-none.macos64_1.6.0.201601291255/tools/compiler/bin/../lib/gcc/arm-none-eabi/5.2.1/../../../../arm-none-eabi/lib/armv7e-m/libc.a(lib_a-impure.o)
 .ARM.attributes
                0x000000000000048d       0x2e /Applications/Ac6/SystemWorkbench.app/Contents/Eclipse/plugins/fr.ac6.mcu.externaltools.arm-none.macos64_1.6.0.201601291255/tools/compiler/bin/../lib/gcc/arm-none-eabi/5.2.1/../../../../arm-none-eabi/lib/armv7e-m/libc.a(lib_a-init.o)
 .ARM.attributes
                0x00000000000004bb       0x2e /Applications/Ac6/SystemWorkbench.app/Contents/Eclipse/plugins/fr.ac6.mcu.externaltools.arm-none.macos64_1.6.0.201601291255/tools/compiler/bin/../lib/gcc/arm-none-eabi/5.2.1/../../../../arm-none-eabi/lib/armv7e-m/libc.a(lib_a-malloc.o)
 .ARM.attributes
                0x00000000000004e9       0x2e /Applications/Ac6/SystemWorkbench.app/Contents/Eclipse/plugins/fr.ac6.mcu.externaltools.arm-none.macos64_1.6.0.201601291255/tools/compiler/bin/../lib/gcc/arm-none-eabi/5.2.1/../../../../arm-none-eabi/lib/armv7e-m/libc.a(lib_a-mallocr.o)
 .ARM.attributes
                0x0000000000000517       0x2e /Applications/Ac6/SystemWorkbench.app/Contents/Eclipse/plugins/fr.ac6.mcu.externaltools.arm-none.macos64_1.6.0.201601291255/tools/compiler/bin/../lib/gcc/arm-none-eabi/5.2.1/../../../../arm-none-eabi/lib/armv7e-m/libc.a(lib_a-memset.o)
 .ARM.attributes
                0x0000000000000545       0x2e /Applications/Ac6/SystemWorkbench.app/Contents/Eclipse/plugins/fr.ac6.mcu.externaltools.arm-none.macos64_1.6.0.201601291255/tools/compiler/bin/../lib/gcc/arm-none-eabi/5.2.1/../../../../arm-none-eabi/lib/armv7e-m/libc.a(lib_a-mlock.o)
 .ARM.attributes
                0x0000000000000573       0x2e /Applications/Ac6/SystemWorkbench.app/Contents/Eclipse/plugins/fr.ac6.mcu.externaltools.arm-none.macos64_1.6.0.201601291255/tools/compiler/bin/../lib/gcc/arm-none-eabi/5.2.1/../../../../arm-none-eabi/lib/armv7e-m/libc.a(lib_a-sbrkr.o)
 .ARM.attributes
                0x00000000000005a1       0x2e /Applications/Ac6/SystemWorkbench.app/Contents/Eclipse/plugins/fr.ac6.mcu.externaltools.arm-none.macos64_1.6.0.201601291255/tools/compiler/bin/../lib/gcc/arm-none-eabi/5.2.1/../../../../arm-none-eabi/lib/armv7e-m/libc.a(lib_a-__call_atexit.o)
 .ARM.attributes
                0x00000000000005cf       0x2e /Applications/Ac6/SystemWorkbench.app/Contents/Eclipse/plugins/fr.ac6.mcu.externaltools.arm-none.macos64_1.6.0.201601291255/tools/compiler/bin/../lib/gcc/arm-none-eabi/5.2.1/../../../../arm-none-eabi/lib/armv7e-m/libc.a(lib_a-atexit.o)
 .ARM.attributes
                0x00000000000005fd       0x2e /Applications/Ac6/SystemWorkbench.app/Contents/Eclipse/plugins/fr.ac6.mcu.externaltools.arm-none.macos64_1.6.0.201601291255/tools/compiler/bin/../lib/gcc/arm-none-eabi/5.2.1/../../../../arm-none-eabi/lib/armv7e-m/libc.a(lib_a-fini.o)
 .ARM.attributes
                0x000000000000062b       0x2e /Applications/Ac6/SystemWorkbench.app/Contents/Eclipse/plugins/fr.ac6.mcu.externaltools.arm-none.macos64_1.6.0.201601291255/tools/compiler/bin/../lib/gcc/arm-none-eabi/5.2.1/../../../../arm-none-eabi/lib/armv7e-m/libc.a(lib_a-freer.o)
 .ARM.attributes
                0x0000000000000659       0x2e /Applications/Ac6/SystemWorkbench.app/Contents/Eclipse/plugins/fr.ac6.mcu.externaltools.arm-none.macos64_1.6.0.201601291255/tools/compiler/bin/../lib/gcc/arm-none-eabi/5.2.1/../../../../arm-none-eabi/lib/armv7e-m/libc.a(lib_a-reent.o)
 .ARM.attributes
                0x0000000000000687       0x2e /Applications/Ac6/SystemWorkbench.app/Contents/Eclipse/plugins/fr.ac6.mcu.externaltools.arm-none.macos64_1.6.0.201601291255/tools/compiler/bin/../lib/gcc/arm-none-eabi/5.2.1/../../../../arm-none-eabi/lib/armv7e-m/libc.a(lib_a-__atexit.o)
 .ARM.attributes
                0x00000000000006b5       0x2e /Applications/Ac6/SystemWorkbench.app/Contents/Eclipse/plugins/fr.ac6.mcu.externaltools.arm-none.macos64_1.6.0.201601291255/tools/compiler/bin/../lib/gcc/arm-none-eabi/5.2.1/armv7e-m/crtend.o
 .ARM.attributes
                0x00000000000006e3       0x1e /Applications/Ac6/SystemWorkbench.app/Contents/Eclipse/plugins/fr.ac6.mcu.externaltools.arm-none.macos64_1.6.0.201601291255/tools/compiler/bin/../lib/gcc/arm-none-eabi/5.2.1/armv7e-m/crtn.o
OUTPUT(build/MXNucleoF401.elf elf32-littlearm)

.debug_info     0x0000000000000000     0x954f
 .debug_info    0x0000000000000000      0x547 build/system_stm32f4xx.o
 .debug_info    0x0000000000000547      0x930 build/stm32f4xx_hal.o
 .debug_info    0x0000000000000e77      0xdcb build/stm32f4xx_hal_adc.o
 .debug_info    0x0000000000001c42      0xea6 build/stm32f4xx_hal_cortex.o
 .debug_info    0x0000000000002ae8      0x7e7 build/stm32f4xx_hal_gpio.o
 .debug_info    0x00000000000032cf      0xd87 build/stm32f4xx_hal_rcc.o
 .debug_info    0x0000000000004056     0x13a1 build/stm32f4xx_hal_uart.o
 .debug_info    0x00000000000053f7      0xadf build/adc.o
 .debug_info    0x0000000000005ed6      0x53e build/gpio.o
 .debug_info    0x0000000000006414      0x866 build/main.o
 .debug_info    0x0000000000006c7a      0x36a build/stm32f4xx_hal_msp.o
 .debug_info    0x0000000000006fe4       0xf7 build/stm32f4xx_it.o
 .debug_info    0x00000000000070db      0xa58 build/usart.o
 .debug_info    0x0000000000007b33      0x83a build/syscalls.o
 .debug_info    0x000000000000836d      0x351 build/wiring_digital.o
 .debug_info    0x00000000000086be      0x1d6 build/RingBuffer.o
 .debug_info    0x0000000000008894      0x995 build/variant.o
 .debug_info    0x0000000000009229      0x28f build/sketch.o
 .debug_info    0x00000000000094b8       0x97 build/startup_stm32f401xe.o

.debug_abbrev   0x0000000000000000     0x2329
 .debug_abbrev  0x0000000000000000      0x103 build/system_stm32f4xx.o
 .debug_abbrev  0x0000000000000103      0x28c build/stm32f4xx_hal.o
 .debug_abbrev  0x000000000000038f      0x2ad build/stm32f4xx_hal_adc.o
 .debug_abbrev  0x000000000000063c      0x347 build/stm32f4xx_hal_cortex.o
 .debug_abbrev  0x0000000000000983      0x200 build/stm32f4xx_hal_gpio.o
 .debug_abbrev  0x0000000000000b83      0x357 build/stm32f4xx_hal_rcc.o
 .debug_abbrev  0x0000000000000eda      0x345 build/stm32f4xx_hal_uart.o
 .debug_abbrev  0x000000000000121f      0x1da build/adc.o
 .debug_abbrev  0x00000000000013f9      0x151 build/gpio.o
 .debug_abbrev  0x000000000000154a      0x1c7 build/main.o
 .debug_abbrev  0x0000000000001711       0xc5 build/stm32f4xx_hal_msp.o
 .debug_abbrev  0x00000000000017d6       0xa8 build/stm32f4xx_it.o
 .debug_abbrev  0x000000000000187e      0x1cf build/usart.o
 .debug_abbrev  0x0000000000001a4d      0x1eb build/syscalls.o
 .debug_abbrev  0x0000000000001c38      0x1c3 build/wiring_digital.o
 .debug_abbrev  0x0000000000001dfb      0x160 build/RingBuffer.o
 .debug_abbrev  0x0000000000001f5b      0x2fc build/variant.o
 .debug_abbrev  0x0000000000002257       0xc0 build/sketch.o
 .debug_abbrev  0x0000000000002317       0x12 build/startup_stm32f401xe.o

.debug_loc      0x0000000000000000     0x3867
 .debug_loc     0x0000000000000000       0xd7 build/system_stm32f4xx.o
 .debug_loc     0x00000000000000d7      0x11e build/stm32f4xx_hal.o
 .debug_loc     0x00000000000001f5      0x96d build/stm32f4xx_hal_adc.o
 .debug_loc     0x0000000000000b62      0x50b build/stm32f4xx_hal_cortex.o
 .debug_loc     0x000000000000106d      0x414 build/stm32f4xx_hal_gpio.o
 .debug_loc     0x0000000000001481      0x55f build/stm32f4xx_hal_rcc.o
 .debug_loc     0x00000000000019e0     0x1470 build/stm32f4xx_hal_uart.o
 .debug_loc     0x0000000000002e50       0xb1 build/adc.o
 .debug_loc     0x0000000000002f01       0x38 build/gpio.o
 .debug_loc     0x0000000000002f39       0x59 build/main.o
 .debug_loc     0x0000000000002f92       0x2c build/stm32f4xx_hal_msp.o
 .debug_loc     0x0000000000002fbe       0x2c build/stm32f4xx_it.o
 .debug_loc     0x0000000000002fea      0x127 build/usart.o
 .debug_loc     0x0000000000003111      0x5ef build/syscalls.o
 .debug_loc     0x0000000000003700      0x112 build/wiring_digital.o
 .debug_loc     0x0000000000003812       0x1e build/RingBuffer.o
 .debug_loc     0x0000000000003830       0x37 build/variant.o

.debug_aranges  0x0000000000000000      0x6c8
 .debug_aranges
                0x0000000000000000       0x28 build/system_stm32f4xx.o
 .debug_aranges
                0x0000000000000028       0xb8 build/stm32f4xx_hal.o
 .debug_aranges
                0x00000000000000e0       0xb8 build/stm32f4xx_hal_adc.o
 .debug_aranges
                0x0000000000000198       0x98 build/stm32f4xx_hal_cortex.o
 .debug_aranges
                0x0000000000000230       0x58 build/stm32f4xx_hal_gpio.o
 .debug_aranges
                0x0000000000000288       0x80 build/stm32f4xx_hal_rcc.o
 .debug_aranges
                0x0000000000000308      0x120 build/stm32f4xx_hal_uart.o
 .debug_aranges
                0x0000000000000428       0x30 build/adc.o
 .debug_aranges
                0x0000000000000458       0x20 build/gpio.o
 .debug_aranges
                0x0000000000000478       0x38 build/main.o
 .debug_aranges
                0x00000000000004b0       0x20 build/stm32f4xx_hal_msp.o
 .debug_aranges
                0x00000000000004d0       0x20 build/stm32f4xx_it.o
 .debug_aranges
                0x00000000000004f0       0x38 build/usart.o
 .debug_aranges
                0x0000000000000528       0xb8 build/syscalls.o
 .debug_aranges
                0x00000000000005e0       0x30 build/wiring_digital.o
 .debug_aranges
                0x0000000000000610       0x28 build/RingBuffer.o
 .debug_aranges
                0x0000000000000638       0x40 build/variant.o
 .debug_aranges
                0x0000000000000678       0x28 build/sketch.o
 .debug_aranges
                0x00000000000006a0       0x28 build/startup_stm32f401xe.o

.debug_ranges   0x0000000000000000      0x870
 .debug_ranges  0x0000000000000000       0x18 build/system_stm32f4xx.o
 .debug_ranges  0x0000000000000018       0xa8 build/stm32f4xx_hal.o
 .debug_ranges  0x00000000000000c0       0xc0 build/stm32f4xx_hal_adc.o
 .debug_ranges  0x0000000000000180      0x148 build/stm32f4xx_hal_cortex.o
 .debug_ranges  0x00000000000002c8       0x70 build/stm32f4xx_hal_gpio.o
 .debug_ranges  0x0000000000000338      0x150 build/stm32f4xx_hal_rcc.o
 .debug_ranges  0x0000000000000488      0x128 build/stm32f4xx_hal_uart.o
 .debug_ranges  0x00000000000005b0       0x40 build/adc.o
 .debug_ranges  0x00000000000005f0       0x40 build/gpio.o
 .debug_ranges  0x0000000000000630       0x60 build/main.o
 .debug_ranges  0x0000000000000690       0x10 build/stm32f4xx_hal_msp.o
 .debug_ranges  0x00000000000006a0       0x10 build/stm32f4xx_it.o
 .debug_ranges  0x00000000000006b0       0x60 build/usart.o
 .debug_ranges  0x0000000000000710       0xa8 build/syscalls.o
 .debug_ranges  0x00000000000007b8       0x20 build/wiring_digital.o
 .debug_ranges  0x00000000000007d8       0x18 build/RingBuffer.o
 .debug_ranges  0x00000000000007f0       0x48 build/variant.o
 .debug_ranges  0x0000000000000838       0x18 build/sketch.o
 .debug_ranges  0x0000000000000850       0x20 build/startup_stm32f401xe.o

.debug_line     0x0000000000000000     0x4579
 .debug_line    0x0000000000000000      0x276 build/system_stm32f4xx.o
 .debug_line    0x0000000000000276      0x42d build/stm32f4xx_hal.o
 .debug_line    0x00000000000006a3      0x73f build/stm32f4xx_hal_adc.o
 .debug_line    0x0000000000000de2      0x474 build/stm32f4xx_hal_cortex.o
 .debug_line    0x0000000000001256      0x42f build/stm32f4xx_hal_gpio.o
 .debug_line    0x0000000000001685      0x5f0 build/stm32f4xx_hal_rcc.o
 .debug_line    0x0000000000001c75      0xa3c build/stm32f4xx_hal_uart.o
 .debug_line    0x00000000000026b1      0x2ed build/adc.o
 .debug_line    0x000000000000299e      0x267 build/gpio.o
 .debug_line    0x0000000000002c05      0x31e build/main.o
 .debug_line    0x0000000000002f23      0x25a build/stm32f4xx_hal_msp.o
 .debug_line    0x000000000000317d      0x226 build/stm32f4xx_it.o
 .debug_line    0x00000000000033a3      0x317 build/usart.o
 .debug_line    0x00000000000036ba      0x380 build/syscalls.o
 .debug_line    0x0000000000003a3a      0x2b5 build/wiring_digital.o
 .debug_line    0x0000000000003cef      0x1ef build/RingBuffer.o
 .debug_line    0x0000000000003ede      0x401 build/variant.o
 .debug_line    0x00000000000042df      0x226 build/sketch.o
 .debug_line    0x0000000000004505       0x74 build/startup_stm32f401xe.o

.debug_str      0x0000000000000000     0x24e0
 .debug_str     0x0000000000000000      0x38d build/system_stm32f4xx.o
                                        0x3ed (size before relaxing)
 .debug_str     0x000000000000038d      0x671 build/stm32f4xx_hal.o
                                        0x97e (size before relaxing)
 .debug_str     0x00000000000009fe      0x5f7 build/stm32f4xx_hal_adc.o
                                        0x92b (size before relaxing)
 .debug_str     0x0000000000000ff5      0x333 build/stm32f4xx_hal_cortex.o
                                        0xacc (size before relaxing)
 .debug_str     0x0000000000001328      0x1c3 build/stm32f4xx_hal_gpio.o
                                        0x54d (size before relaxing)
 .debug_str     0x00000000000014eb      0x2b3 build/stm32f4xx_hal_rcc.o
                                        0x719 (size before relaxing)
 .debug_str     0x000000000000179e      0x4c3 build/stm32f4xx_hal_uart.o
                                        0xa5e (size before relaxing)
 .debug_str     0x0000000000001c61       0x57 build/adc.o
                                        0x833 (size before relaxing)
 .debug_str     0x0000000000001cb8       0x18 build/gpio.o
                                        0x3e6 (size before relaxing)
 .debug_str     0x0000000000001cd0       0x62 build/main.o
                                        0x8f8 (size before relaxing)
 .debug_str     0x0000000000001d32       0x24 build/stm32f4xx_hal_msp.o
                                        0x5cc (size before relaxing)
 .debug_str     0x0000000000001d56       0x23 build/stm32f4xx_it.o
                                        0x21c (size before relaxing)
 .debug_str     0x0000000000001d79       0x49 build/usart.o
                                        0x845 (size before relaxing)
 .debug_str     0x0000000000001dc2      0x272 build/syscalls.o
                                        0x468 (size before relaxing)
 .debug_str     0x0000000000002034       0x80 build/wiring_digital.o
                                        0x361 (size before relaxing)
 .debug_str     0x00000000000020b4      0x16e build/RingBuffer.o
                                        0x282 (size before relaxing)
 .debug_str     0x0000000000002222      0x268 build/variant.o
                                        0x9ba (size before relaxing)
 .debug_str     0x000000000000248a       0x56 build/sketch.o
                                        0x275 (size before relaxing)

.comment        0x0000000000000000       0x6e
 .comment       0x0000000000000000       0x6e build/system_stm32f4xx.o
                                         0x6f (size before relaxing)
 .comment       0x000000000000006e       0x6f build/stm32f4xx_hal.o
 .comment       0x000000000000006e       0x6f build/stm32f4xx_hal_adc.o
 .comment       0x000000000000006e       0x6f build/stm32f4xx_hal_cortex.o
 .comment       0x000000000000006e       0x6f build/stm32f4xx_hal_gpio.o
 .comment       0x000000000000006e       0x6f build/stm32f4xx_hal_rcc.o
 .comment       0x000000000000006e       0x6f build/stm32f4xx_hal_uart.o
 .comment       0x000000000000006e       0x6f build/adc.o
 .comment       0x000000000000006e       0x6f build/gpio.o
 .comment       0x000000000000006e       0x6f build/main.o
 .comment       0x000000000000006e       0x6f build/stm32f4xx_hal_msp.o
 .comment       0x000000000000006e       0x6f build/stm32f4xx_it.o
 .comment       0x000000000000006e       0x6f build/usart.o
 .comment       0x000000000000006e       0x6f build/syscalls.o
 .comment       0x000000000000006e       0x6f build/wiring_digital.o
 .comment       0x000000000000006e       0x6f build/RingBuffer.o
 .comment       0x000000000000006e       0x6f build/variant.o
 .comment       0x000000000000006e       0x6f build/sketch.o

.debug_frame    0x0000000000000000     0x14c0
 .debug_frame   0x0000000000000000       0x30 build/system_stm32f4xx.o
 .debug_frame   0x0000000000000030      0x190 build/stm32f4xx_hal.o
 .debug_frame   0x00000000000001c0      0x26c build/stm32f4xx_hal_adc.o
 .debug_frame   0x000000000000042c      0x138 build/stm32f4xx_hal_cortex.o
 .debug_frame   0x0000000000000564       0xec build/stm32f4xx_hal_gpio.o
 .debug_frame   0x0000000000000650      0x154 build/stm32f4xx_hal_rcc.o
 .debug_frame   0x00000000000007a4      0x3e0 build/stm32f4xx_hal_uart.o
 .debug_frame   0x0000000000000b84       0x60 build/adc.o
 .debug_frame   0x0000000000000be4       0x38 build/gpio.o
 .debug_frame   0x0000000000000c1c       0x7c build/main.o
 .debug_frame   0x0000000000000c98       0x30 build/stm32f4xx_hal_msp.o
 .debug_frame   0x0000000000000cc8       0x30 build/stm32f4xx_it.o
 .debug_frame   0x0000000000000cf8       0x84 build/usart.o
 .debug_frame   0x0000000000000d7c      0x1e8 build/syscalls.o
 .debug_frame   0x0000000000000f64       0x58 build/wiring_digital.o
 .debug_frame   0x0000000000000fbc       0x3c build/RingBuffer.o
 .debug_frame   0x0000000000000ff8       0xa8 build/variant.o
 .debug_frame   0x00000000000010a0       0x40 build/sketch.o
 .debug_frame   0x00000000000010e0       0xd8 /Applications/Ac6/SystemWorkbench.app/Contents/Eclipse/plugins/fr.ac6.mcu.externaltools.arm-none.macos64_1.6.0.201601291255/tools/compiler/bin/../lib/gcc/arm-none-eabi/5.2.1/../../../../arm-none-eabi/lib/armv7e-m/libstdc++.a(eh_alloc.o)
 .debug_frame   0x00000000000011b8       0x20 /Applications/Ac6/SystemWorkbench.app/Contents/Eclipse/plugins/fr.ac6.mcu.externaltools.arm-none.macos64_1.6.0.201601291255/tools/compiler/bin/../lib/gcc/arm-none-eabi/5.2.1/../../../../arm-none-eabi/lib/armv7e-m/libc.a(lib_a-errno.o)
 .debug_frame   0x00000000000011d8       0x2c /Applications/Ac6/SystemWorkbench.app/Contents/Eclipse/plugins/fr.ac6.mcu.externaltools.arm-none.macos64_1.6.0.201601291255/tools/compiler/bin/../lib/gcc/arm-none-eabi/5.2.1/../../../../arm-none-eabi/lib/armv7e-m/libc.a(lib_a-init.o)
 .debug_frame   0x0000000000001204       0x30 /Applications/Ac6/SystemWorkbench.app/Contents/Eclipse/plugins/fr.ac6.mcu.externaltools.arm-none.macos64_1.6.0.201601291255/tools/compiler/bin/../lib/gcc/arm-none-eabi/5.2.1/../../../../arm-none-eabi/lib/armv7e-m/libc.a(lib_a-malloc.o)
 .debug_frame   0x0000000000001234       0x58 /Applications/Ac6/SystemWorkbench.app/Contents/Eclipse/plugins/fr.ac6.mcu.externaltools.arm-none.macos64_1.6.0.201601291255/tools/compiler/bin/../lib/gcc/arm-none-eabi/5.2.1/../../../../arm-none-eabi/lib/armv7e-m/libc.a(lib_a-mallocr.o)
 .debug_frame   0x000000000000128c       0x34 /Applications/Ac6/SystemWorkbench.app/Contents/Eclipse/plugins/fr.ac6.mcu.externaltools.arm-none.macos64_1.6.0.201601291255/tools/compiler/bin/../lib/gcc/arm-none-eabi/5.2.1/../../../../arm-none-eabi/lib/armv7e-m/libc.a(lib_a-memset.o)
 .debug_frame   0x00000000000012c0       0x30 /Applications/Ac6/SystemWorkbench.app/Contents/Eclipse/plugins/fr.ac6.mcu.externaltools.arm-none.macos64_1.6.0.201601291255/tools/compiler/bin/../lib/gcc/arm-none-eabi/5.2.1/../../../../arm-none-eabi/lib/armv7e-m/libc.a(lib_a-mlock.o)
 .debug_frame   0x00000000000012f0       0x2c /Applications/Ac6/SystemWorkbench.app/Contents/Eclipse/plugins/fr.ac6.mcu.externaltools.arm-none.macos64_1.6.0.201601291255/tools/compiler/bin/../lib/gcc/arm-none-eabi/5.2.1/../../../../arm-none-eabi/lib/armv7e-m/libc.a(lib_a-sbrkr.o)
 .debug_frame   0x000000000000131c       0x50 /Applications/Ac6/SystemWorkbench.app/Contents/Eclipse/plugins/fr.ac6.mcu.externaltools.arm-none.macos64_1.6.0.201601291255/tools/compiler/bin/../lib/gcc/arm-none-eabi/5.2.1/../../../../arm-none-eabi/lib/armv7e-m/libc.a(lib_a-__call_atexit.o)
 .debug_frame   0x000000000000136c       0x20 /Applications/Ac6/SystemWorkbench.app/Contents/Eclipse/plugins/fr.ac6.mcu.externaltools.arm-none.macos64_1.6.0.201601291255/tools/compiler/bin/../lib/gcc/arm-none-eabi/5.2.1/../../../../arm-none-eabi/lib/armv7e-m/libc.a(lib_a-atexit.o)
 .debug_frame   0x000000000000138c       0x34 /Applications/Ac6/SystemWorkbench.app/Contents/Eclipse/plugins/fr.ac6.mcu.externaltools.arm-none.macos64_1.6.0.201601291255/tools/compiler/bin/../lib/gcc/arm-none-eabi/5.2.1/../../../../arm-none-eabi/lib/armv7e-m/libc.a(lib_a-fini.o)
 .debug_frame   0x00000000000013c0       0x74 /Applications/Ac6/SystemWorkbench.app/Contents/Eclipse/plugins/fr.ac6.mcu.externaltools.arm-none.macos64_1.6.0.201601291255/tools/compiler/bin/../lib/gcc/arm-none-eabi/5.2.1/../../../../arm-none-eabi/lib/armv7e-m/libc.a(lib_a-freer.o)
 .debug_frame   0x0000000000001434       0x58 /Applications/Ac6/SystemWorkbench.app/Contents/Eclipse/plugins/fr.ac6.mcu.externaltools.arm-none.macos64_1.6.0.201601291255/tools/compiler/bin/../lib/gcc/arm-none-eabi/5.2.1/../../../../arm-none-eabi/lib/armv7e-m/libc.a(lib_a-reent.o)
 .debug_frame   0x000000000000148c       0x34 /Applications/Ac6/SystemWorkbench.app/Contents/Eclipse/plugins/fr.ac6.mcu.externaltools.arm-none.macos64_1.6.0.201601291255/tools/compiler/bin/../lib/gcc/arm-none-eabi/5.2.1/../../../../arm-none-eabi/lib/armv7e-m/libc.a(lib_a-__atexit.o)

Cross Reference Table

Symbol                                            File
ADC_IRQHandler                                    build/startup_stm32f401xe.o
AHBPrescTable                                     build/system_stm32f4xx.o
APBAHBPrescTable                                  build/stm32f4xx_hal_rcc.o
BusFault_Handler                                  build/startup_stm32f401xe.o
DMA1_Stream0_IRQHandler                           build/startup_stm32f401xe.o
DMA1_Stream1_IRQHandler                           build/startup_stm32f401xe.o
DMA1_Stream2_IRQHandler                           build/startup_stm32f401xe.o
DMA1_Stream3_IRQHandler                           build/startup_stm32f401xe.o
DMA1_Stream4_IRQHandler                           build/startup_stm32f401xe.o
DMA1_Stream5_IRQHandler                           build/startup_stm32f401xe.o
DMA1_Stream6_IRQHandler                           build/startup_stm32f401xe.o
DMA1_Stream7_IRQHandler                           build/startup_stm32f401xe.o
DMA2_Stream0_IRQHandler                           build/startup_stm32f401xe.o
DMA2_Stream1_IRQHandler                           build/startup_stm32f401xe.o
DMA2_Stream2_IRQHandler                           build/startup_stm32f401xe.o
DMA2_Stream3_IRQHandler                           build/startup_stm32f401xe.o
DMA2_Stream4_IRQHandler                           build/startup_stm32f401xe.o
DMA2_Stream5_IRQHandler                           build/startup_stm32f401xe.o
DMA2_Stream6_IRQHandler                           build/startup_stm32f401xe.o
DMA2_Stream7_IRQHandler                           build/startup_stm32f401xe.o
DebugMon_Handler                                  build/startup_stm32f401xe.o
Default_Handler                                   build/startup_stm32f401xe.o
EXTI0_IRQHandler                                  build/startup_stm32f401xe.o
EXTI15_10_IRQHandler                              build/startup_stm32f401xe.o
EXTI1_IRQHandler                                  build/startup_stm32f401xe.o
EXTI2_IRQHandler                                  build/startup_stm32f401xe.o
EXTI3_IRQHandler                                  build/startup_stm32f401xe.o
EXTI4_IRQHandler                                  build/startup_stm32f401xe.o
EXTI9_5_IRQHandler                                build/startup_stm32f401xe.o
Error_Handler                                     build/main.o
                                                  build/usart.o
                                                  build/adc.o
FLASH_Erase_Sector                                build/stm32f4xx_hal_flash_ex.o
                                                  build/stm32f4xx_hal_flash.o
FLASH_FlushCaches                                 build/stm32f4xx_hal_flash_ex.o
                                                  build/stm32f4xx_hal_flash.o
FLASH_IRQHandler                                  build/startup_stm32f401xe.o
FLASH_WaitForLastOperation                        build/stm32f4xx_hal_flash.o
                                                  build/stm32f4xx_hal_flash_ex.o
FPU_IRQHandler                                    build/startup_stm32f401xe.o
HAL_ADCEx_InjectedConfigChannel                   build/stm32f4xx_hal_adc_ex.o
HAL_ADCEx_InjectedConvCpltCallback                build/stm32f4xx_hal_adc_ex.o
                                                  build/stm32f4xx_hal_adc.o
HAL_ADCEx_InjectedGetValue                        build/stm32f4xx_hal_adc_ex.o
HAL_ADCEx_InjectedPollForConversion               build/stm32f4xx_hal_adc_ex.o
HAL_ADCEx_InjectedStart                           build/stm32f4xx_hal_adc_ex.o
HAL_ADCEx_InjectedStart_IT                        build/stm32f4xx_hal_adc_ex.o
HAL_ADCEx_InjectedStop                            build/stm32f4xx_hal_adc_ex.o
HAL_ADCEx_InjectedStop_IT                         build/stm32f4xx_hal_adc_ex.o
HAL_ADCEx_MultiModeConfigChannel                  build/stm32f4xx_hal_adc_ex.o
HAL_ADCEx_MultiModeGetValue                       build/stm32f4xx_hal_adc_ex.o
HAL_ADCEx_MultiModeStart_DMA                      build/stm32f4xx_hal_adc_ex.o
HAL_ADCEx_MultiModeStop_DMA                       build/stm32f4xx_hal_adc_ex.o
HAL_ADC_AnalogWDGConfig                           build/stm32f4xx_hal_adc.o
HAL_ADC_ConfigChannel                             build/stm32f4xx_hal_adc.o
                                                  build/adc.o
HAL_ADC_ConvCpltCallback                          build/stm32f4xx_hal_adc.o
                                                  build/stm32f4xx_hal_adc_ex.o
HAL_ADC_ConvHalfCpltCallback                      build/stm32f4xx_hal_adc.o
                                                  build/stm32f4xx_hal_adc_ex.o
HAL_ADC_DeInit                                    build/stm32f4xx_hal_adc.o
HAL_ADC_ErrorCallback                             build/stm32f4xx_hal_adc.o
                                                  build/stm32f4xx_hal_adc_ex.o
HAL_ADC_GetError                                  build/stm32f4xx_hal_adc.o
HAL_ADC_GetState                                  build/stm32f4xx_hal_adc.o
HAL_ADC_GetValue                                  build/stm32f4xx_hal_adc.o
HAL_ADC_IRQHandler                                build/stm32f4xx_hal_adc.o
HAL_ADC_Init                                      build/stm32f4xx_hal_adc.o
                                                  build/adc.o
HAL_ADC_LevelOutOfWindowCallback                  build/stm32f4xx_hal_adc.o
HAL_ADC_MspDeInit                                 build/adc.o
                                                  build/stm32f4xx_hal_adc.o
HAL_ADC_MspInit                                   build/adc.o
                                                  build/stm32f4xx_hal_adc.o
HAL_ADC_PollForConversion                         build/stm32f4xx_hal_adc.o
HAL_ADC_PollForEvent                              build/stm32f4xx_hal_adc.o
HAL_ADC_Start                                     build/stm32f4xx_hal_adc.o
HAL_ADC_Start_DMA                                 build/stm32f4xx_hal_adc.o
HAL_ADC_Start_IT                                  build/stm32f4xx_hal_adc.o
HAL_ADC_Stop                                      build/stm32f4xx_hal_adc.o
HAL_ADC_Stop_DMA                                  build/stm32f4xx_hal_adc.o
HAL_ADC_Stop_IT                                   build/stm32f4xx_hal_adc.o
HAL_DBGMCU_DisableDBGSleepMode                    build/stm32f4xx_hal.o
HAL_DBGMCU_DisableDBGStandbyMode                  build/stm32f4xx_hal.o
HAL_DBGMCU_DisableDBGStopMode                     build/stm32f4xx_hal.o
HAL_DBGMCU_EnableDBGSleepMode                     build/stm32f4xx_hal.o
HAL_DBGMCU_EnableDBGStandbyMode                   build/stm32f4xx_hal.o
HAL_DBGMCU_EnableDBGStopMode                      build/stm32f4xx_hal.o
HAL_DMAEx_ChangeMemory                            build/stm32f4xx_hal_dma_ex.o
HAL_DMAEx_MultiBufferStart                        build/stm32f4xx_hal_dma_ex.o
HAL_DMAEx_MultiBufferStart_IT                     build/stm32f4xx_hal_dma_ex.o
HAL_DMA_Abort                                     build/stm32f4xx_hal_dma.o
                                                  build/stm32f4xx_hal_uart.o
                                                  build/stm32f4xx_hal_adc_ex.o
                                                  build/stm32f4xx_hal_adc.o
HAL_DMA_Abort_IT                                  build/stm32f4xx_hal_dma.o
                                                  build/stm32f4xx_hal_uart.o
HAL_DMA_DeInit                                    build/stm32f4xx_hal_dma.o
HAL_DMA_GetError                                  build/stm32f4xx_hal_dma.o
HAL_DMA_GetState                                  build/stm32f4xx_hal_dma.o
HAL_DMA_IRQHandler                                build/stm32f4xx_hal_dma.o
HAL_DMA_Init                                      build/stm32f4xx_hal_dma.o
HAL_DMA_PollForTransfer                           build/stm32f4xx_hal_dma.o
HAL_DMA_RegisterCallback                          build/stm32f4xx_hal_dma.o
HAL_DMA_Start                                     build/stm32f4xx_hal_dma.o
HAL_DMA_Start_IT                                  build/stm32f4xx_hal_dma.o
                                                  build/stm32f4xx_hal_uart.o
                                                  build/stm32f4xx_hal_adc_ex.o
                                                  build/stm32f4xx_hal_adc.o
HAL_DMA_UnRegisterCallback                        build/stm32f4xx_hal_dma.o
HAL_DeInit                                        build/stm32f4xx_hal.o
HAL_Delay                                         build/stm32f4xx_hal.o
                                                  build/sketch.o
                                                  build/main.o
HAL_DisableCompensationCell                       build/stm32f4xx_hal.o
HAL_EnableCompensationCell                        build/stm32f4xx_hal.o
HAL_FLASHEx_AdvOBGetConfig                        build/stm32f4xx_hal_flash_ex.o
HAL_FLASHEx_AdvOBProgram                          build/stm32f4xx_hal_flash_ex.o
HAL_FLASHEx_Erase                                 build/stm32f4xx_hal_flash_ex.o
HAL_FLASHEx_Erase_IT                              build/stm32f4xx_hal_flash_ex.o
HAL_FLASHEx_OBGetConfig                           build/stm32f4xx_hal_flash_ex.o
HAL_FLASHEx_OBProgram                             build/stm32f4xx_hal_flash_ex.o
HAL_FLASHEx_OB_DeSelectPCROP                      build/stm32f4xx_hal_flash_ex.o
HAL_FLASHEx_OB_SelectPCROP                        build/stm32f4xx_hal_flash_ex.o
HAL_FLASH_EndOfOperationCallback                  build/stm32f4xx_hal_flash.o
HAL_FLASH_GetError                                build/stm32f4xx_hal_flash.o
HAL_FLASH_IRQHandler                              build/stm32f4xx_hal_flash.o
HAL_FLASH_Lock                                    build/stm32f4xx_hal_flash.o
HAL_FLASH_OB_Launch                               build/stm32f4xx_hal_flash.o
HAL_FLASH_OB_Lock                                 build/stm32f4xx_hal_flash.o
HAL_FLASH_OB_Unlock                               build/stm32f4xx_hal_flash.o
HAL_FLASH_OperationErrorCallback                  build/stm32f4xx_hal_flash.o
HAL_FLASH_Program                                 build/stm32f4xx_hal_flash.o
HAL_FLASH_Program_IT                              build/stm32f4xx_hal_flash.o
HAL_FLASH_Unlock                                  build/stm32f4xx_hal_flash.o
HAL_GPIO_DeInit                                   build/stm32f4xx_hal_gpio.o
                                                  build/usart.o
                                                  build/adc.o
HAL_GPIO_EXTI_Callback                            build/stm32f4xx_hal_gpio.o
HAL_GPIO_EXTI_IRQHandler                          build/stm32f4xx_hal_gpio.o
HAL_GPIO_Init                                     build/stm32f4xx_hal_gpio.o
                                                  build/wiring_digital.o
                                                  build/usart.o
                                                  build/gpio.o
                                                  build/adc.o
                                                  build/stm32f4xx_hal_rcc.o
HAL_GPIO_LockPin                                  build/stm32f4xx_hal_gpio.o
HAL_GPIO_ReadPin                                  build/stm32f4xx_hal_gpio.o
                                                  build/wiring_digital.o
HAL_GPIO_TogglePin                                build/stm32f4xx_hal_gpio.o
HAL_GPIO_WritePin                                 build/stm32f4xx_hal_gpio.o
                                                  build/wiring_digital.o
                                                  build/gpio.o
HAL_GetDEVID                                      build/stm32f4xx_hal.o
HAL_GetHalVersion                                 build/stm32f4xx_hal.o
HAL_GetREVID                                      build/stm32f4xx_hal.o
HAL_GetTick                                       build/stm32f4xx_hal.o
                                                  build/stm32f4xx_hal_uart.o
                                                  build/stm32f4xx_hal_rcc_ex.o
                                                  build/stm32f4xx_hal_rcc.o
                                                  build/stm32f4xx_hal_pwr_ex.o
                                                  build/stm32f4xx_hal_flash.o
                                                  build/stm32f4xx_hal_dma.o
                                                  build/stm32f4xx_hal_adc_ex.o
                                                  build/stm32f4xx_hal_adc.o
HAL_HalfDuplex_EnableReceiver                     build/stm32f4xx_hal_uart.o
HAL_HalfDuplex_EnableTransmitter                  build/stm32f4xx_hal_uart.o
HAL_HalfDuplex_Init                               build/stm32f4xx_hal_uart.o
HAL_IncTick                                       build/stm32f4xx_hal.o
                                                  build/stm32f4xx_it.o
HAL_Init                                          build/stm32f4xx_hal.o
                                                  build/main.o
HAL_InitTick                                      build/stm32f4xx_hal.o
                                                  build/stm32f4xx_hal_rcc.o
HAL_LIN_Init                                      build/stm32f4xx_hal_uart.o
HAL_LIN_SendBreak                                 build/stm32f4xx_hal_uart.o
HAL_MPU_ConfigRegion                              build/stm32f4xx_hal_cortex.o
HAL_MspDeInit                                     build/stm32f4xx_hal.o
HAL_MspInit                                       build/stm32f4xx_hal_msp.o
                                                  build/stm32f4xx_hal.o
HAL_MultiProcessor_EnterMuteMode                  build/stm32f4xx_hal_uart.o
HAL_MultiProcessor_ExitMuteMode                   build/stm32f4xx_hal_uart.o
HAL_MultiProcessor_Init                           build/stm32f4xx_hal_uart.o
HAL_NVIC_ClearPendingIRQ                          build/stm32f4xx_hal_cortex.o
HAL_NVIC_DisableIRQ                               build/stm32f4xx_hal_cortex.o
HAL_NVIC_EnableIRQ                                build/stm32f4xx_hal_cortex.o
HAL_NVIC_GetActive                                build/stm32f4xx_hal_cortex.o
HAL_NVIC_GetPendingIRQ                            build/stm32f4xx_hal_cortex.o
HAL_NVIC_GetPriority                              build/stm32f4xx_hal_cortex.o
HAL_NVIC_GetPriorityGrouping                      build/stm32f4xx_hal_cortex.o
HAL_NVIC_SetPendingIRQ                            build/stm32f4xx_hal_cortex.o
HAL_NVIC_SetPriority                              build/stm32f4xx_hal_cortex.o
                                                  build/stm32f4xx_hal_msp.o
                                                  build/main.o
                                                  build/stm32f4xx_hal.o
HAL_NVIC_SetPriorityGrouping                      build/stm32f4xx_hal_cortex.o
                                                  build/stm32f4xx_hal_msp.o
                                                  build/stm32f4xx_hal.o
HAL_NVIC_SystemReset                              build/stm32f4xx_hal_cortex.o
HAL_PWREx_ControlVoltageScaling                   build/stm32f4xx_hal_pwr_ex.o
HAL_PWREx_DisableBkUpReg                          build/stm32f4xx_hal_pwr_ex.o
HAL_PWREx_DisableFlashPowerDown                   build/stm32f4xx_hal_pwr_ex.o
HAL_PWREx_DisableLowRegulatorLowVoltage           build/stm32f4xx_hal_pwr_ex.o
HAL_PWREx_DisableMainRegulatorLowVoltage          build/stm32f4xx_hal_pwr_ex.o
HAL_PWREx_EnableBkUpReg                           build/stm32f4xx_hal_pwr_ex.o
HAL_PWREx_EnableFlashPowerDown                    build/stm32f4xx_hal_pwr_ex.o
HAL_PWREx_EnableLowRegulatorLowVoltage            build/stm32f4xx_hal_pwr_ex.o
HAL_PWREx_EnableMainRegulatorLowVoltage           build/stm32f4xx_hal_pwr_ex.o
HAL_PWREx_GetVoltageRange                         build/stm32f4xx_hal_pwr_ex.o
HAL_PWR_ConfigPVD                                 build/stm32f4xx_hal_pwr.o
HAL_PWR_DeInit                                    build/stm32f4xx_hal_pwr.o
HAL_PWR_DisableBkUpAccess                         build/stm32f4xx_hal_pwr.o
HAL_PWR_DisablePVD                                build/stm32f4xx_hal_pwr.o
HAL_PWR_DisableSEVOnPend                          build/stm32f4xx_hal_pwr.o
HAL_PWR_DisableSleepOnExit                        build/stm32f4xx_hal_pwr.o
HAL_PWR_DisableWakeUpPin                          build/stm32f4xx_hal_pwr.o
HAL_PWR_EnableBkUpAccess                          build/stm32f4xx_hal_pwr.o
HAL_PWR_EnablePVD                                 build/stm32f4xx_hal_pwr.o
HAL_PWR_EnableSEVOnPend                           build/stm32f4xx_hal_pwr.o
HAL_PWR_EnableSleepOnExit                         build/stm32f4xx_hal_pwr.o
HAL_PWR_EnableWakeUpPin                           build/stm32f4xx_hal_pwr.o
HAL_PWR_EnterSLEEPMode                            build/stm32f4xx_hal_pwr.o
HAL_PWR_EnterSTANDBYMode                          build/stm32f4xx_hal_pwr.o
HAL_PWR_EnterSTOPMode                             build/stm32f4xx_hal_pwr.o
HAL_PWR_PVDCallback                               build/stm32f4xx_hal_pwr.o
HAL_PWR_PVD_IRQHandler                            build/stm32f4xx_hal_pwr.o
HAL_RCCEx_GetPeriphCLKConfig                      build/stm32f4xx_hal_rcc_ex.o
HAL_RCCEx_PeriphCLKConfig                         build/stm32f4xx_hal_rcc_ex.o
HAL_RCC_CSSCallback                               build/stm32f4xx_hal_rcc.o
HAL_RCC_ClockConfig                               build/stm32f4xx_hal_rcc.o
                                                  build/main.o
HAL_RCC_DeInit                                    build/stm32f4xx_hal_rcc_ex.o
                                                  build/stm32f4xx_hal_rcc.o
HAL_RCC_DisableCSS                                build/stm32f4xx_hal_rcc.o
HAL_RCC_EnableCSS                                 build/stm32f4xx_hal_rcc.o
HAL_RCC_GetClockConfig                            build/stm32f4xx_hal_rcc.o
HAL_RCC_GetHCLKFreq                               build/stm32f4xx_hal_rcc.o
                                                  build/main.o
HAL_RCC_GetOscConfig                              build/stm32f4xx_hal_rcc.o
HAL_RCC_GetPCLK1Freq                              build/stm32f4xx_hal_rcc.o
                                                  build/stm32f4xx_hal_uart.o
HAL_RCC_GetPCLK2Freq                              build/stm32f4xx_hal_rcc.o
                                                  build/stm32f4xx_hal_uart.o
HAL_RCC_GetSysClockFreq                           build/stm32f4xx_hal_rcc.o
HAL_RCC_MCOConfig                                 build/stm32f4xx_hal_rcc.o
HAL_RCC_NMI_IRQHandler                            build/stm32f4xx_hal_rcc.o
HAL_RCC_OscConfig                                 build/stm32f4xx_hal_rcc.o
                                                  build/main.o
HAL_ResumeTick                                    build/stm32f4xx_hal.o
HAL_SYSTICK_CLKSourceConfig                       build/stm32f4xx_hal_cortex.o
                                                  build/main.o
HAL_SYSTICK_Callback                              build/stm32f4xx_hal_cortex.o
HAL_SYSTICK_Config                                build/stm32f4xx_hal_cortex.o
                                                  build/main.o
                                                  build/stm32f4xx_hal.o
HAL_SYSTICK_IRQHandler                            build/stm32f4xx_hal_cortex.o
                                                  build/stm32f4xx_it.o
HAL_SuspendTick                                   build/stm32f4xx_hal.o
HAL_UART_DMAPause                                 build/stm32f4xx_hal_uart.o
HAL_UART_DMAResume                                build/stm32f4xx_hal_uart.o
HAL_UART_DMAStop                                  build/stm32f4xx_hal_uart.o
HAL_UART_DeInit                                   build/stm32f4xx_hal_uart.o
HAL_UART_ErrorCallback                            build/stm32f4xx_hal_uart.o
HAL_UART_GetError                                 build/stm32f4xx_hal_uart.o
HAL_UART_GetState                                 build/stm32f4xx_hal_uart.o
HAL_UART_IRQHandler                               build/stm32f4xx_hal_uart.o
HAL_UART_Init                                     build/stm32f4xx_hal_uart.o
                                                  build/UARTClass.o
                                                  build/usart.o
HAL_UART_MspDeInit                                build/usart.o
                                                  build/stm32f4xx_hal_uart.o
HAL_UART_MspInit                                  build/usart.o
                                                  build/stm32f4xx_hal_uart.o
HAL_UART_Receive                                  build/stm32f4xx_hal_uart.o
HAL_UART_Receive_DMA                              build/stm32f4xx_hal_uart.o
HAL_UART_Receive_IT                               build/stm32f4xx_hal_uart.o
                                                  build/UARTClass.o
HAL_UART_RxCpltCallback                           build/stm32f4xx_hal_uart.o
HAL_UART_RxHalfCpltCallback                       build/stm32f4xx_hal_uart.o
HAL_UART_Transmit                                 build/stm32f4xx_hal_uart.o
                                                  build/variant.o
HAL_UART_Transmit_DMA                             build/stm32f4xx_hal_uart.o
HAL_UART_Transmit_IT                              build/stm32f4xx_hal_uart.o
                                                  build/UARTClass.o
HAL_UART_TxCpltCallback                           build/stm32f4xx_hal_uart.o
HAL_UART_TxHalfCpltCallback                       build/stm32f4xx_hal_uart.o
HardFault_Handler                                 build/startup_stm32f401xe.o
I2C1_ER_IRQHandler                                build/startup_stm32f401xe.o
I2C1_EV_IRQHandler                                build/startup_stm32f401xe.o
I2C2_ER_IRQHandler                                build/startup_stm32f401xe.o
I2C2_EV_IRQHandler                                build/startup_stm32f401xe.o
I2C3_ER_IRQHandler                                build/startup_stm32f401xe.o
I2C3_EV_IRQHandler                                build/startup_stm32f401xe.o
MX_ADC1_Init                                      build/adc.o
                                                  build/main.o
MX_GPIO_Init                                      build/gpio.o
                                                  build/main.o
MX_USART2_UART_Init                               build/usart.o
                                                  build/main.o
MX_USART6_UART_Init                               build/usart.o
                                                  build/main.o
MemManage_Handler                                 build/startup_stm32f401xe.o
NMI_Handler                                       build/startup_stm32f401xe.o
OTG_FS_IRQHandler                                 build/startup_stm32f401xe.o
OTG_FS_WKUP_IRQHandler                            build/startup_stm32f401xe.o
PVD_IRQHandler                                    build/startup_stm32f401xe.o
PendSV_Handler                                    build/startup_stm32f401xe.o
Print::print(Printable const&)                    build/Print.o
Print::print(String const&)                       build/Print.o
Print::print(__FlashStringHelper const*)          build/Print.o
Print::print(char const*)                         build/Print.o
Print::print(char)                                build/Print.o
Print::print(double, int)                         build/Print.o
Print::print(int, int)                            build/Print.o
Print::print(long, int)                           build/Print.o
Print::print(unsigned char, int)                  build/Print.o
Print::print(unsigned int, int)                   build/Print.o
Print::print(unsigned long, int)                  build/Print.o
Print::printFloat(double, unsigned char)          build/Print.o
Print::printNumber(unsigned long, unsigned char)  build/Print.o
Print::println()                                  build/Print.o
Print::println(Printable const&)                  build/Print.o
Print::println(String const&)                     build/Print.o
Print::println(__FlashStringHelper const*)        build/Print.o
Print::println(char const*)                       build/Print.o
Print::println(char)                              build/Print.o
Print::println(double, int)                       build/Print.o
Print::println(int, int)                          build/Print.o
Print::println(long, int)                         build/Print.o
Print::println(unsigned char, int)                build/Print.o
Print::println(unsigned int, int)                 build/Print.o
Print::println(unsigned long, int)                build/Print.o
Print::write(char const*)                         build/Print.o
Print::write(unsigned char const*, unsigned int)  build/Print.o
                                                  build/USARTClass.o
                                                  build/UARTClass.o
RCC_IRQHandler                                    build/startup_stm32f401xe.o
RTC_Alarm_IRQHandler                              build/startup_stm32f401xe.o
RTC_WKUP_IRQHandler                               build/startup_stm32f401xe.o
Reset_Handler                                     build/startup_stm32f401xe.o
RingBuffer::RingBuffer()                          build/RingBuffer.o
RingBuffer::RingBuffer()                          build/RingBuffer.o
                                                  build/variant.o
RingBuffer::store_char(unsigned char)             build/RingBuffer.o
SDIO_IRQHandler                                   build/startup_stm32f401xe.o
SPI1_IRQHandler                                   build/startup_stm32f401xe.o
SPI2_IRQHandler                                   build/startup_stm32f401xe.o
SPI3_IRQHandler                                   build/startup_stm32f401xe.o
SPI4_IRQHandler                                   build/startup_stm32f401xe.o
SVC_Handler                                       build/startup_stm32f401xe.o
Serial                                            build/variant.o
Serial1                                           build/variant.o
String::String(String const&)                     build/WString.o
String::String(String const&)                     build/WString.o
String::String(__FlashStringHelper const*)        build/WString.o
String::String(__FlashStringHelper const*)        build/WString.o
String::String(char const*)                       build/WString.o
String::String(char const*)                       build/WString.o
String::String(char)                              build/WString.o
String::String(char)                              build/WString.o
String::String(double, unsigned char)             build/WString.o
String::String(double, unsigned char)             build/WString.o
String::String(float, unsigned char)              build/WString.o
String::String(float, unsigned char)              build/WString.o
String::String(int, unsigned char)                build/WString.o
String::String(int, unsigned char)                build/WString.o
String::String(long, unsigned char)               build/WString.o
String::String(long, unsigned char)               build/WString.o
String::String(unsigned char, unsigned char)      build/WString.o
String::String(unsigned char, unsigned char)      build/WString.o
String::String(unsigned int, unsigned char)       build/WString.o
String::String(unsigned int, unsigned char)       build/WString.o
String::String(unsigned long, unsigned char)      build/WString.o
String::String(unsigned long, unsigned char)      build/WString.o
String::changeBuffer(unsigned int)                build/WString.o
String::charAt(unsigned int) const                build/WString.o
String::compareTo(String const&) const            build/WString.o
String::concat(String const&)                     build/WString.o
String::concat(char const*, unsigned int)         build/WString.o
String::copy(__FlashStringHelper const*, unsigned int) build/WString.o
String::copy(char const*, unsigned int)           build/WString.o
String::endsWith(String const&) const             build/WString.o
String::equals(String const&) const               build/WString.o
String::equals(char const*) const                 build/WString.o
String::equalsIgnoreCase(String const&) const     build/WString.o
String::getBytes(unsigned char*, unsigned int, unsigned int) const build/WString.o
String::indexOf(String const&) const              build/WString.o
String::indexOf(String const&, unsigned int) const build/WString.o
String::indexOf(char) const                       build/WString.o
String::indexOf(char, unsigned int) const         build/WString.o
String::invalidate()                              build/WString.o
String::lastIndexOf(String const&) const          build/WString.o
String::lastIndexOf(String const&, unsigned int) const build/WString.o
String::lastIndexOf(char) const                   build/WString.o
String::lastIndexOf(char, unsigned int) const     build/WString.o
String::operator<(String const&) const            build/WString.o
String::operator<=(String const&) const           build/WString.o
String::operator=(String const&)                  build/WString.o
String::operator=(__FlashStringHelper const*)     build/WString.o
String::operator=(char const*)                    build/WString.o
String::operator>(String const&) const            build/WString.o
String::operator>=(String const&) const           build/WString.o
String::operator[](unsigned int)                  build/WString.o
String::operator[](unsigned int) const            build/WString.o
String::remove(unsigned int)                      build/WString.o
String::remove(unsigned int, unsigned int)        build/WString.o
String::replace(String const&, String const&)     build/WString.o
String::replace(char, char)                       build/WString.o
String::reserve(unsigned int)                     build/WString.o
String::setCharAt(unsigned int, char)             build/WString.o
String::startsWith(String const&) const           build/WString.o
String::startsWith(String const&, unsigned int) const build/WString.o
String::substring(unsigned int, unsigned int) const build/WString.o
String::toFloat() const                           build/WString.o
String::toInt() const                             build/WString.o
String::toLowerCase()                             build/WString.o
String::toUpperCase()                             build/WString.o
String::trim()                                    build/WString.o
String::~String()                                 build/WString.o
String::~String()                                 build/WString.o
SysTick_Handler                                   build/stm32f4xx_it.o
SystemClock_Config                                build/main.o
SystemCoreClock                                   build/system_stm32f4xx.o
                                                  build/stm32f4xx_hal_rcc_ex.o
                                                  build/stm32f4xx_hal_rcc.o
                                                  build/stm32f4xx_hal_dma.o
                                                  build/stm32f4xx_hal_adc_ex.o
                                                  build/stm32f4xx_hal_adc.o
                                                  build/stm32f4xx_hal.o
SystemCoreClockUpdate                             build/system_stm32f4xx.o
SystemInit                                        build/system_stm32f4xx.o
                                                  build/startup_stm32f401xe.o
TAMP_STAMP_IRQHandler                             build/startup_stm32f401xe.o
TIM1_BRK_TIM9_IRQHandler                          build/startup_stm32f401xe.o
TIM1_CC_IRQHandler                                build/startup_stm32f401xe.o
TIM1_TRG_COM_TIM11_IRQHandler                     build/startup_stm32f401xe.o
TIM1_UP_TIM10_IRQHandler                          build/startup_stm32f401xe.o
TIM2_IRQHandler                                   build/startup_stm32f401xe.o
TIM3_IRQHandler                                   build/startup_stm32f401xe.o
TIM4_IRQHandler                                   build/startup_stm32f401xe.o
TIM5_IRQHandler                                   build/startup_stm32f401xe.o
UARTClass::RxHandler()                            build/UARTClass.o
UARTClass::TxHandler()                            build/UARTClass.o
UARTClass::UARTClass()                            build/UARTClass.o
UARTClass::UARTClass()                            build/UARTClass.o
UARTClass::UARTClass(UART_HandleTypeDef*, IRQn_Type, unsigned long) build/UARTClass.o
                                                  build/USARTClass.o
UARTClass::UARTClass(UART_HandleTypeDef*, IRQn_Type, unsigned long) build/UARTClass.o
UARTClass::UARTClass(UART_HandleTypeDef*, IRQn_Type, unsigned long, USART_TypeDef*) build/UARTClass.o
UARTClass::UARTClass(UART_HandleTypeDef*, IRQn_Type, unsigned long, USART_TypeDef*) build/UARTClass.o
UARTClass::available()                            build/UARTClass.o
                                                  build/variant.o
                                                  build/USARTClass.o
UARTClass::availableForWrite()                    build/UARTClass.o
UARTClass::begin(unsigned long)                   build/UARTClass.o
UARTClass::begin(unsigned long, UARTClass::UARTModes) build/UARTClass.o
UARTClass::end()                                  build/UARTClass.o
                                                  build/USARTClass.o
UARTClass::flush()                                build/UARTClass.o
                                                  build/USARTClass.o
UARTClass::getInterruptPriority()                 build/UARTClass.o
UARTClass::init(unsigned long, unsigned long)     build/UARTClass.o
UARTClass::operator bool()                        build/UARTClass.o
                                                  build/USARTClass.o
UARTClass::peek()                                 build/UARTClass.o
                                                  build/USARTClass.o
UARTClass::read()                                 build/UARTClass.o
                                                  build/USARTClass.o
UARTClass::write(unsigned char)                   build/UARTClass.o
                                                  build/USARTClass.o
UART_Handler()                                    build/variant.o
USART0_Handler()                                  build/variant.o
USART1_IRQHandler                                 build/startup_stm32f401xe.o
USART2_IRQHandler                                 build/startup_stm32f401xe.o
USART6_IRQHandler                                 build/startup_stm32f401xe.o