Archive member included because of file (symbol)

/Users/Arethusa/Library/Arduino15/packages/arduino/tools/arm-none-eabi-gcc/4.8.3-2014q1/bin/../lib/gcc/arm-none-eabi/4.8.3/libgcc.a(_arm_addsubdf3.o)
                              build/Print.o (__aeabi_dsub)
/Users/Arethusa/Library/Arduino15/packages/arduino/tools/arm-none-eabi-gcc/4.8.3-2014q1/bin/../lib/gcc/arm-none-eabi/4.8.3/libgcc.a(_arm_muldivdf3.o)
                              build/Print.o (__aeabi_dmul)
/Users/Arethusa/Library/Arduino15/packages/arduino/tools/arm-none-eabi-gcc/4.8.3-2014q1/bin/../lib/gcc/arm-none-eabi/4.8.3/libgcc.a(_arm_cmpdf2.o)
                              build/Print.o (__aeabi_dcmplt)
/Users/Arethusa/Library/Arduino15/packages/arduino/tools/arm-none-eabi-gcc/4.8.3-2014q1/bin/../lib/gcc/arm-none-eabi/4.8.3/libgcc.a(_arm_fixdfsi.o)
                              build/Print.o (__aeabi_d2iz)
/Users/Arethusa/Library/Arduino15/packages/arduino/tools/arm-none-eabi-gcc/4.8.3-2014q1/bin/../lib/gcc/arm-none-eabi/4.8.3/libgcc.a(_arm_fixunsdfsi.o)
                              build/Print.o (__aeabi_d2uiz)
/Users/Arethusa/Library/Arduino15/packages/arduino/tools/arm-none-eabi-gcc/4.8.3-2014q1/bin/../lib/gcc/arm-none-eabi/4.8.3/libgcc.a(_arm_truncdfsf2.o)
                              build/WString.o (__aeabi_d2f)
/Users/Arethusa/Library/Arduino15/packages/arduino/tools/arm-none-eabi-gcc/4.8.3-2014q1/bin/../lib/gcc/arm-none-eabi/4.8.3/../../../../arm-none-eabi/lib/libstdc++.a(atexit_arm.o)
                              build/variant.o (__aeabi_atexit)
/Users/Arethusa/Library/Arduino15/packages/arduino/tools/arm-none-eabi-gcc/4.8.3-2014q1/bin/../lib/gcc/arm-none-eabi/4.8.3/../../../../arm-none-eabi/lib/libm.a(lib_a-s_fpclassify.o)
                              build/Print.o (__fpclassifyd)
/Users/Arethusa/Library/Arduino15/packages/arduino/tools/arm-none-eabi-gcc/4.8.3-2014q1/bin/../lib/gcc/arm-none-eabi/4.8.3/../../../../arm-none-eabi/lib/libc.a(lib_a-atof.o)
                              build/WString.o (atof)
/Users/Arethusa/Library/Arduino15/packages/arduino/tools/arm-none-eabi-gcc/4.8.3-2014q1/bin/../lib/gcc/arm-none-eabi/4.8.3/../../../../arm-none-eabi/lib/libc.a(lib_a-atol.o)
                              build/WString.o (atol)
/Users/Arethusa/Library/Arduino15/packages/arduino/tools/arm-none-eabi-gcc/4.8.3-2014q1/bin/../lib/gcc/arm-none-eabi/4.8.3/../../../../arm-none-eabi/lib/libc.a(lib_a-cxa_atexit.o)
                              /Users/Arethusa/Library/Arduino15/packages/arduino/tools/arm-none-eabi-gcc/4.8.3-2014q1/bin/../lib/gcc/arm-none-eabi/4.8.3/../../../../arm-none-eabi/lib/libstdc++.a(atexit_arm.o) (__cxa_atexit)
/Users/Arethusa/Library/Arduino15/packages/arduino/tools/arm-none-eabi-gcc/4.8.3-2014q1/bin/../lib/gcc/arm-none-eabi/4.8.3/../../../../arm-none-eabi/lib/libc.a(lib_a-errno.o)
                              build/syscalls.o (__errno)
/Users/Arethusa/Library/Arduino15/packages/arduino/tools/arm-none-eabi-gcc/4.8.3-2014q1/bin/../lib/gcc/arm-none-eabi/4.8.3/../../../../arm-none-eabi/lib/libc.a(lib_a-exit.o)
                              /Users/Arethusa/Library/Arduino15/packages/arduino/tools/arm-none-eabi-gcc/4.8.3-2014q1/bin/../lib/gcc/arm-none-eabi/4.8.3/../../../../arm-none-eabi/lib/crt0.o (exit)
/Users/Arethusa/Library/Arduino15/packages/arduino/tools/arm-none-eabi-gcc/4.8.3-2014q1/bin/../lib/gcc/arm-none-eabi/4.8.3/../../../../arm-none-eabi/lib/libc.a(lib_a-impure.o)
                              /Users/Arethusa/Library/Arduino15/packages/arduino/tools/arm-none-eabi-gcc/4.8.3-2014q1/bin/../lib/gcc/arm-none-eabi/4.8.3/../../../../arm-none-eabi/lib/libc.a(lib_a-exit.o) (_global_impure_ptr)
/Users/Arethusa/Library/Arduino15/packages/arduino/tools/arm-none-eabi-gcc/4.8.3-2014q1/bin/../lib/gcc/arm-none-eabi/4.8.3/../../../../arm-none-eabi/lib/libc.a(lib_a-init.o)
                              /Users/Arethusa/Library/Arduino15/packages/arduino/tools/arm-none-eabi-gcc/4.8.3-2014q1/bin/../lib/gcc/arm-none-eabi/4.8.3/../../../../arm-none-eabi/lib/crt0.o (__libc_init_array)
/Users/Arethusa/Library/Arduino15/packages/arduino/tools/arm-none-eabi-gcc/4.8.3-2014q1/bin/../lib/gcc/arm-none-eabi/4.8.3/../../../../arm-none-eabi/lib/libc.a(lib_a-isspace.o)
                              build/WString.o (isspace)
/Users/Arethusa/Library/Arduino15/packages/arduino/tools/arm-none-eabi-gcc/4.8.3-2014q1/bin/../lib/gcc/arm-none-eabi/4.8.3/../../../../arm-none-eabi/lib/libc.a(lib_a-malloc.o)
                              build/usbd_cdc.o (malloc)
/Users/Arethusa/Library/Arduino15/packages/arduino/tools/arm-none-eabi-gcc/4.8.3-2014q1/bin/../lib/gcc/arm-none-eabi/4.8.3/../../../../arm-none-eabi/lib/libc.a(lib_a-mallocr.o)
                              /Users/Arethusa/Library/Arduino15/packages/arduino/tools/arm-none-eabi-gcc/4.8.3-2014q1/bin/../lib/gcc/arm-none-eabi/4.8.3/../../../../arm-none-eabi/lib/libc.a(lib_a-malloc.o) (_malloc_r)
[...]
Memory Configuration

Name             Origin             Length             Attributes
FLASH            0x0000000008000000 0x0000000000080000 xr
RAM              0x0000000020000000 0x0000000000018000 xrw
*default*        0x0000000000000000 0xffffffffffffffff

Linker script and memory map

LOAD /Users/Arethusa/Library/Arduino15/packages/arduino/tools/arm-none-eabi-gcc/4.8.3-2014q1/bin/../lib/gcc/arm-none-eabi/4.8.3/crti.o
LOAD /Users/Arethusa/Library/Arduino15/packages/arduino/tools/arm-none-eabi-gcc/4.8.3-2014q1/bin/../lib/gcc/arm-none-eabi/4.8.3/crtbegin.o
LOAD /Users/Arethusa/Library/Arduino15/packages/arduino/tools/arm-none-eabi-gcc/4.8.3-2014q1/bin/../lib/gcc/arm-none-eabi/4.8.3/../../../../arm-none-eabi/lib/crt0.o
LOAD build/system_stm32f4xx.o
LOAD build/stm32f4xx_hal.o
LOAD build/stm32f4xx_hal_adc.o
LOAD build/stm32f4xx_hal_adc_ex.o
LOAD build/stm32f4xx_hal_cortex.o
LOAD build/stm32f4xx_hal_dma.o
LOAD build/stm32f4xx_hal_dma_ex.o
LOAD build/stm32f4xx_hal_flash.o
LOAD build/stm32f4xx_hal_flash_ex.o
LOAD build/stm32f4xx_hal_flash_ramfunc.o
LOAD build/stm32f4xx_hal_gpio.o
LOAD build/stm32f4xx_hal_pcd.o
LOAD build/stm32f4xx_hal_pcd_ex.o
LOAD build/stm32f4xx_hal_pwr.o
LOAD build/stm32f4xx_hal_pwr_ex.o
LOAD build/stm32f4xx_hal_rcc.o
LOAD build/stm32f4xx_hal_rcc_ex.o
LOAD build/stm32f4xx_hal_sd.o
LOAD build/stm32f4xx_hal_spi.o
LOAD build/stm32f4xx_hal_uart.o
LOAD build/stm32f4xx_ll_sdmmc.o
LOAD build/stm32f4xx_ll_usb.o
LOAD build/usbd_cdc.o
LOAD build/usbd_core.o
LOAD build/usbd_ctlreq.o
LOAD build/usbd_ioreq.o
LOAD build/diskio.o
LOAD build/sd_diskio.o
LOAD build/ff.o
LOAD build/ff_gen_drv.o
LOAD build/syscall.o
LOAD build/adc.o
LOAD build/bsp_driver_sd.o
LOAD build/fatfs.o
LOAD build/gpio.o
LOAD build/main.o
LOAD build/sdio.o
LOAD build/spi.o
LOAD build/stm32f4xx_hal_msp.o
LOAD build/stm32f4xx_it.o
LOAD build/usart.o
LOAD build/usb_device.o
LOAD build/usbd_cdc_if.o
LOAD build/usbd_conf.o
LOAD build/usbd_desc.o
LOAD build/itoa.o
LOAD build/syscalls.o
LOAD build/wiring_digital.o
LOAD build/wiring_shift.o
LOAD build/wiring.o
LOAD build/dtostrf.o
LOAD build/new.o
LOAD build/Print.o
LOAD build/RingBuffer.o
LOAD build/UARTClass.o
LOAD build/USARTClass.o
LOAD build/WMath.o
LOAD build/WString.o
LOAD build/variant.o
LOAD build/sketch.o
LOAD build/startup_stm32f401xe.o
LOAD /Users/Arethusa/Library/Arduino15/packages/arduino/tools/arm-none-eabi-gcc/4.8.3-2014q1/bin/../lib/gcc/arm-none-eabi/4.8.3/libgcc.a
LOAD /Users/Arethusa/Library/Arduino15/packages/arduino/tools/arm-none-eabi-gcc/4.8.3-2014q1/bin/../lib/gcc/arm-none-eabi/4.8.3/../../../../arm-none-eabi/lib/libstdc++.a
LOAD /Users/Arethusa/Library/Arduino15/packages/arduino/tools/arm-none-eabi-gcc/4.8.3-2014q1/bin/../lib/gcc/arm-none-eabi/4.8.3/../../../../arm-none-eabi/lib/libm.a
START GROUP
LOAD /Users/Arethusa/Library/Arduino15/packages/arduino/tools/arm-none-eabi-gcc/4.8.3-2014q1/bin/../lib/gcc/arm-none-eabi/4.8.3/libgcc.a
LOAD /Users/Arethusa/Library/Arduino15/packages/arduino/tools/arm-none-eabi-gcc/4.8.3-2014q1/bin/../lib/gcc/arm-none-eabi/4.8.3/../../../../arm-none-eabi/lib/libc.a
END GROUP
LOAD /Users/Arethusa/Library/Arduino15/packages/arduino/tools/arm-none-eabi-gcc/4.8.3-2014q1/bin/../lib/gcc/arm-none-eabi/4.8.3/crtend.o
LOAD /Users/Arethusa/Library/Arduino15/packages/arduino/tools/arm-none-eabi-gcc/4.8.3-2014q1/bin/../lib/gcc/arm-none-eabi/4.8.3/crtn.o
                0x0000000020018000                _estack = 0x20018000
                0x0000000000000200                _Min_Heap_Size = 0x200
                0x0000000000000400                _Min_Stack_Size = 0x400

.isr_vector     0x0000000008000000      0x194
                0x0000000008000000                . = ALIGN (0x4)
 *(.isr_vector)
 .isr_vector    0x0000000008000000      0x194 build/startup_stm32f401xe.o
                0x0000000008000000                g_pfnVectors
                0x0000000008000194                . = ALIGN (0x4)

.text           0x0000000008000194     0x53e4
                0x0000000008000194                . = ALIGN (0x4)
 *(.text)
 .text          0x0000000008000194       0x94 /Users/Arethusa/Library/Arduino15/packages/arduino/tools/arm-none-eabi-gcc/4.8.3-2014q1/bin/../lib/gcc/arm-none-eabi/4.8.3/crtbegin.o
 *(.text*)
 .text.SystemInit
                0x0000000008000228       0x40 build/system_stm32f4xx.o
                0x0000000008000228                SystemInit
 .text.HAL_InitTick
                0x0000000008000268       0x24 build/stm32f4xx_hal.o
                0x0000000008000268                HAL_InitTick
 .text.HAL_Init
                0x000000000800028c       0x34 build/stm32f4xx_hal.o
                0x000000000800028c                HAL_Init
 .text.HAL_IncTick
                0x00000000080002c0       0x10 build/stm32f4xx_hal.o
                0x00000000080002c0                HAL_IncTick
 .text.HAL_GetTick
                0x00000000080002d0        0xc build/stm32f4xx_hal.o
                0x00000000080002d0                HAL_GetTick
 .text.HAL_Delay
                0x00000000080002dc       0x1a build/stm32f4xx_hal.o
                0x00000000080002dc                HAL_Delay
 *fill*         0x00000000080002f6        0x2 
 .text.HAL_ADC_Init
                0x00000000080002f8      0x138 build/stm32f4xx_hal_adc.o
                0x00000000080002f8                HAL_ADC_Init
 .text.HAL_ADC_ConfigChannel
                0x0000000008000430      0x12c build/stm32f4xx_hal_adc.o
                0x0000000008000430                HAL_ADC_ConfigChannel
 .text.HAL_NVIC_SetPriorityGrouping
                0x000000000800055c       0x24 build/stm32f4xx_hal_cortex.o
                0x000000000800055c                HAL_NVIC_SetPriorityGrouping
 .text.HAL_NVIC_SetPriority
                0x0000000008000580       0x64 build/stm32f4xx_hal_cortex.o
                0x0000000008000580                HAL_NVIC_SetPriority
 .text.HAL_NVIC_EnableIRQ
                0x00000000080005e4       0x18 build/stm32f4xx_hal_cortex.o
                0x00000000080005e4                HAL_NVIC_EnableIRQ
 .text.HAL_SYSTICK_Config
                0x00000000080005fc       0x2c build/stm32f4xx_hal_cortex.o
                0x00000000080005fc                HAL_SYSTICK_Config
 .text.HAL_SYSTICK_CLKSourceConfig
                0x0000000008000628       0x18 build/stm32f4xx_hal_cortex.o
                0x0000000008000628                HAL_SYSTICK_CLKSourceConfig
 .text.HAL_SYSTICK_Callback
                0x0000000008000640        0x2 build/stm32f4xx_hal_cortex.o
                0x0000000008000640                HAL_SYSTICK_Callback
 .text.HAL_SYSTICK_IRQHandler
                0x0000000008000642        0x8 build/stm32f4xx_hal_cortex.o
                0x0000000008000642                HAL_SYSTICK_IRQHandler
 *fill*         0x000000000800064a        0x2 
 .text.HAL_GPIO_Init
                0x000000000800064c      0x1a8 build/stm32f4xx_hal_gpio.o
                0x000000000800064c                HAL_GPIO_Init
 .text.HAL_GPIO_WritePin
                0x00000000080007f4        0x8 build/stm32f4xx_hal_gpio.o
                0x00000000080007f4                HAL_GPIO_WritePin
 .text.HAL_PCD_Init
                0x00000000080007fc       0xde build/stm32f4xx_hal_pcd.o
                0x00000000080007fc                HAL_PCD_Init
 .text.HAL_PCD_Start
                0x00000000080008da       0x2a build/stm32f4xx_hal_pcd.o
                0x00000000080008da                HAL_PCD_Start
 .text.HAL_PCD_IRQHandler
                0x0000000008000904      0x476 build/stm32f4xx_hal_pcd.o
                0x0000000008000904                HAL_PCD_IRQHandler
 .text.HAL_PCD_SetAddress
                0x0000000008000d7a       0x24 build/stm32f4xx_hal_pcd.o
                0x0000000008000d7a                HAL_PCD_SetAddress
 .text.HAL_PCD_EP_Open
                0x0000000008000d9e       0x5a build/stm32f4xx_hal_pcd.o
                0x0000000008000d9e                HAL_PCD_EP_Open
 .text.HAL_PCD_EP_Close
                0x0000000008000df8       0x48 build/stm32f4xx_hal_pcd.o
                0x0000000008000df8                HAL_PCD_EP_Close
 .text.HAL_PCD_EP_Receive
                0x0000000008000e40       0x54 build/stm32f4xx_hal_pcd.o
                0x0000000008000e40                HAL_PCD_EP_Receive
 .text.HAL_PCD_EP_GetRxCount
                0x0000000008000e94       0x10 build/stm32f4xx_hal_pcd.o
                0x0000000008000e94                HAL_PCD_EP_GetRxCount
 .text.HAL_PCD_EP_Transmit
                0x0000000008000ea4       0x52 build/stm32f4xx_hal_pcd.o
                0x0000000008000ea4                HAL_PCD_EP_Transmit
 .text.HAL_PCD_EP_SetStall
                0x0000000008000ef6       0x5a build/stm32f4xx_hal_pcd.o
                0x0000000008000ef6                HAL_PCD_EP_SetStall
 .text.HAL_PCD_EP_ClrStall
                0x0000000008000f50       0x4c build/stm32f4xx_hal_pcd.o
                0x0000000008000f50                HAL_PCD_EP_ClrStall
 .text.HAL_PCDEx_SetTxFiFo
                0x0000000008000f9c       0x42 build/stm32f4xx_hal_pcd_ex.o
                0x0000000008000f9c                HAL_PCDEx_SetTxFiFo
 .text.HAL_PCDEx_SetRxFiFo
                0x0000000008000fde        0x8 build/stm32f4xx_hal_pcd_ex.o
                0x0000000008000fde                HAL_PCDEx_SetRxFiFo
 *fill*         0x0000000008000fe6        0x2 
 .text.HAL_RCC_OscConfig
                0x0000000008000fe8      0x2f8 build/stm32f4xx_hal_rcc.o
                0x0000000008000fe8                HAL_RCC_OscConfig
 .text.HAL_RCC_ClockConfig
                0x00000000080012e0      0x204 build/stm32f4xx_hal_rcc.o
                0x00000000080012e0                HAL_RCC_ClockConfig
 .text.HAL_RCC_GetSysClockFreq
                0x00000000080014e4       0x8c build/stm32f4xx_hal_rcc.o
                0x00000000080014e4                HAL_RCC_GetSysClockFreq
 .text.HAL_RCC_GetHCLKFreq
                0x0000000008001570       0x34 build/stm32f4xx_hal_rcc.o
                0x0000000008001570                HAL_RCC_GetHCLKFreq
 .text.HAL_RCC_GetPCLK1Freq
                0x00000000080015a4       0x2c build/stm32f4xx_hal_rcc.o
                0x00000000080015a4                HAL_RCC_GetPCLK1Freq
 .text.HAL_RCC_GetPCLK2Freq
                0x00000000080015d0       0x2c build/stm32f4xx_hal_rcc.o
                0x00000000080015d0                HAL_RCC_GetPCLK2Freq
 .text.SD_CmdResp2Error
                0x00000000080015fc       0x2c build/stm32f4xx_hal_sd.o
 .text.SD_IsCardProgramming
                0x0000000008001628      0x144 build/stm32f4xx_hal_sd.o
 .text.SD_CmdResp1Error
                0x000000000800176c       0xf0 build/stm32f4xx_hal_sd.o
 .text.SD_FindSCR
                0x000000000800185c       0xfe build/stm32f4xx_hal_sd.o
 .text.HAL_SD_Get_CardInfo
                0x000000000800195a      0x296 build/stm32f4xx_hal_sd.o
                0x000000000800195a                HAL_SD_Get_CardInfo
 .text.HAL_SD_Init
                0x0000000008001bf0      0x394 build/stm32f4xx_hal_sd.o
                0x0000000008001bf0                HAL_SD_Init
 .text.HAL_SD_WideBusOperation_Config
                0x0000000008001f84      0x12c build/stm32f4xx_hal_sd.o
                0x0000000008001f84                HAL_SD_WideBusOperation_Config
 .text.HAL_SD_StopTransfer
                0x00000000080020b0       0x2e build/stm32f4xx_hal_sd.o
                0x00000000080020b0                HAL_SD_StopTransfer
 .text.HAL_SD_ReadBlocks
                0x00000000080020de      0x176 build/stm32f4xx_hal_sd.o
                0x00000000080020de                HAL_SD_ReadBlocks
 .text.HAL_SD_WriteBlocks
                0x0000000008002254      0x1e0 build/stm32f4xx_hal_sd.o
                0x0000000008002254                HAL_SD_WriteBlocks
 .text.HAL_SD_GetStatus
                0x0000000008002434       0x46 build/stm32f4xx_hal_sd.o
                0x0000000008002434                HAL_SD_GetStatus
 .text.HAL_SPI_Init
                0x000000000800247a       0x7a build/stm32f4xx_hal_spi.o
                0x000000000800247a                HAL_SPI_Init
 .text.UART_SetConfig
                0x00000000080024f4      0x14c build/stm32f4xx_hal_uart.o
 .text.UART_WaitOnFlagUntilTimeout.constprop.0
                0x0000000008002640       0x60 build/stm32f4xx_hal_uart.o
 .text.HAL_UART_Init
                0x00000000080026a0       0x58 build/stm32f4xx_hal_uart.o
                0x00000000080026a0                HAL_UART_Init
 .text.HAL_UART_Transmit
                0x00000000080026f8       0xb8 build/stm32f4xx_hal_uart.o
                0x00000000080026f8                HAL_UART_Transmit
 .text.SDIO_Init
                0x00000000080027b0       0x38 build/stm32f4xx_ll_sdmmc.o
                0x00000000080027b0                SDIO_Init
 .text.SDIO_ReadFIFO
                0x00000000080027e8        0x6 build/stm32f4xx_ll_sdmmc.o
                0x00000000080027e8                SDIO_ReadFIFO
 .text.SDIO_WriteFIFO
                0x00000000080027ee        0xa build/stm32f4xx_ll_sdmmc.o
                0x00000000080027ee                SDIO_WriteFIFO
 .text.SDIO_PowerState_ON
                0x00000000080027f8        0x8 build/stm32f4xx_ll_sdmmc.o
                0x00000000080027f8                SDIO_PowerState_ON
 .text.SDIO_GetPowerState
                0x0000000008002800        0x8 build/stm32f4xx_ll_sdmmc.o
                0x0000000008002800                SDIO_GetPowerState
 .text.SDIO_SendCommand
                0x0000000008002808       0x26 build/stm32f4xx_ll_sdmmc.o
                0x0000000008002808                SDIO_SendCommand
 .text.SDIO_GetCommandResponse
                0x000000000800282e        0x6 build/stm32f4xx_ll_sdmmc.o
                0x000000000800282e                SDIO_GetCommandResponse
 .text.SDIO_GetResponse
                0x0000000008002834       0x18 build/stm32f4xx_ll_sdmmc.o
                0x0000000008002834                SDIO_GetResponse
 .text.SDIO_DataConfig
                0x000000000800284c       0x26 build/stm32f4xx_ll_sdmmc.o
                0x000000000800284c                SDIO_DataConfig
 *fill*         0x0000000008002872        0x2 
 .text.USB_CoreReset
                0x0000000008002874       0x30 build/stm32f4xx_ll_usb.o
 .text.USB_CoreInit
                0x00000000080028a4       0x76 build/stm32f4xx_ll_usb.o
                0x00000000080028a4                USB_CoreInit
 .text.USB_EnableGlobalInt
                0x000000000800291a        0xc build/stm32f4xx_ll_usb.o
                0x000000000800291a                USB_EnableGlobalInt
 .text.USB_DisableGlobalInt
                0x0000000008002926        0xc build/stm32f4xx_ll_usb.o
                0x0000000008002926                USB_DisableGlobalInt
 .text.USB_SetCurrentMode
                0x0000000008002932       0x2c build/stm32f4xx_ll_usb.o
                0x0000000008002932                USB_SetCurrentMode
 *fill*         0x000000000800295e        0x2 
 .text.USB_FlushTxFifo
                0x0000000008002960       0x24 build/stm32f4xx_ll_usb.o
                0x0000000008002960                USB_FlushTxFifo
 .text.USB_FlushRxFifo
                0x0000000008002984       0x20 build/stm32f4xx_ll_usb.o
                0x0000000008002984                USB_FlushRxFifo
 .text.USB_SetDevSpeed
                0x00000000080029a4        0xe build/stm32f4xx_ll_usb.o
                0x00000000080029a4                USB_SetDevSpeed
 *fill*         0x00000000080029b2        0x2 
 .text.USB_DevInit
                0x00000000080029b4      0x12c build/stm32f4xx_ll_usb.o
                0x00000000080029b4                USB_DevInit
 .text.USB_GetDevSpeed
                0x0000000008002ae0       0x36 build/stm32f4xx_ll_usb.o
                0x0000000008002ae0                USB_GetDevSpeed
 .text.USB_ActivateEndpoint
                0x0000000008002b16       0x86 build/stm32f4xx_ll_usb.o
                0x0000000008002b16                USB_ActivateEndpoint
 .text.USB_DeactivateEndpoint
                0x0000000008002b9c       0x6c build/stm32f4xx_ll_usb.o
                0x0000000008002b9c                USB_DeactivateEndpoint
 .text.USB_EP0StartXfer
                0x0000000008002c08      0x150 build/stm32f4xx_ll_usb.o
                0x0000000008002c08                USB_EP0StartXfer
 .text.USB_WritePacket
                0x0000000008002d58       0x26 build/stm32f4xx_ll_usb.o
                0x0000000008002d58                USB_WritePacket
 *fill*         0x0000000008002d7e        0x2 
 .text.USB_EPStartXfer
                0x0000000008002d80      0x228 build/stm32f4xx_ll_usb.o
                0x0000000008002d80                USB_EPStartXfer
 .text.USB_ReadPacket
                0x0000000008002fa8       0x22 build/stm32f4xx_ll_usb.o
                0x0000000008002fa8                USB_ReadPacket
 .text.USB_EPSetStall
                0x0000000008002fca       0x64 build/stm32f4xx_ll_usb.o
                0x0000000008002fca                USB_EPSetStall
 .text.USB_EPClearStall
                0x000000000800302e       0x3a build/stm32f4xx_ll_usb.o
                0x000000000800302e                USB_EPClearStall
 .text.USB_SetDevAddress
                0x0000000008003068       0x20 build/stm32f4xx_ll_usb.o
                0x0000000008003068                USB_SetDevAddress
 .text.USB_DevConnect
                0x0000000008003088       0x18 build/stm32f4xx_ll_usb.o
                0x0000000008003088                USB_DevConnect
 .text.USB_DevDisconnect
                0x00000000080030a0       0x18 build/stm32f4xx_ll_usb.o
                0x00000000080030a0                USB_DevDisconnect
 .text.USB_ReadInterrupts
                0x00000000080030b8        0x8 build/stm32f4xx_ll_usb.o
                0x00000000080030b8                USB_ReadInterrupts
 .text.USB_ReadDevAllOutEpInterrupt
                0x00000000080030c0       0x10 build/stm32f4xx_ll_usb.o
                0x00000000080030c0                USB_ReadDevAllOutEpInterrupt
 .text.USB_ReadDevAllInEpInterrupt
                0x00000000080030d0       0x10 build/stm32f4xx_ll_usb.o
                0x00000000080030d0                USB_ReadDevAllInEpInterrupt
 .text.USB_ReadDevOutEPInterrupt
                0x00000000080030e0       0x12 build/stm32f4xx_ll_usb.o
                0x00000000080030e0                USB_ReadDevOutEPInterrupt
 .text.USB_ReadDevInEPInterrupt
                0x00000000080030f2       0x20 build/stm32f4xx_ll_usb.o
                0x00000000080030f2                USB_ReadDevInEPInterrupt
 .text.USB_GetMode
                0x0000000008003112        0x8 build/stm32f4xx_ll_usb.o
                0x0000000008003112                USB_GetMode
 .text.USB_ActivateSetup
                0x000000000800311a       0x36 build/stm32f4xx_ll_usb.o
                0x000000000800311a                USB_ActivateSetup
 .text.USB_EP0_OutStart
                0x0000000008003150       0x40 build/stm32f4xx_ll_usb.o
                0x0000000008003150                USB_EP0_OutStart
 .text.USBD_CDC_DataIn
                0x0000000008003190       0x12 build/usbd_cdc.o
 .text.USBD_CDC_EP0_RxReady
                0x00000000080031a2       0x28 build/usbd_cdc.o
 *fill*         0x00000000080031ca        0x2 
 .text.USBD_CDC_GetFSCfgDesc
                0x00000000080031cc        0xc build/usbd_cdc.o
 .text.USBD_CDC_GetHSCfgDesc
                0x00000000080031d8        0xc build/usbd_cdc.o
 .text.USBD_CDC_GetOtherSpeedCfgDesc
                0x00000000080031e4        0xc build/usbd_cdc.o
 .text.USBD_CDC_GetDeviceQualifierDescriptor
                0x00000000080031f0        0xc build/usbd_cdc.o
                0x00000000080031f0                USBD_CDC_GetDeviceQualifierDescriptor
 .text.USBD_CDC_DataOut
                0x00000000080031fc       0x2e build/usbd_cdc.o
 *fill*         0x000000000800322a        0x2 
 .text.USBD_CDC_Setup
                0x000000000800322c       0x6c build/usbd_cdc.o
 .text.USBD_CDC_DeInit
                0x0000000008003298       0x3a build/usbd_cdc.o
 .text.USBD_CDC_Init
                0x00000000080032d2       0x86 build/usbd_cdc.o
 .text.USBD_CDC_RegisterInterface
                0x0000000008003358        0xe build/usbd_cdc.o
                0x0000000008003358                USBD_CDC_RegisterInterface
 .text.USBD_CDC_SetTxBuffer
                0x0000000008003366       0x10 build/usbd_cdc.o
                0x0000000008003366                USBD_CDC_SetTxBuffer
 .text.USBD_CDC_SetRxBuffer
                0x0000000008003376        0xc build/usbd_cdc.o
                0x0000000008003376                USBD_CDC_SetRxBuffer
 .text.USBD_Init
                0x0000000008003382       0x2a build/usbd_core.o
                0x0000000008003382                USBD_Init
 .text.USBD_RegisterClass
                0x00000000080033ac        0xe build/usbd_core.o
                0x00000000080033ac                USBD_RegisterClass
 .text.USBD_Start
                0x00000000080033ba        0xa build/usbd_core.o
                0x00000000080033ba                USBD_Start
 .text.USBD_SetClassConfig
                0x00000000080033c4       0x16 build/usbd_core.o
                0x00000000080033c4                USBD_SetClassConfig
 .text.USBD_ClrClassConfig
                0x00000000080033da        0xe build/usbd_core.o
                0x00000000080033da                USBD_ClrClassConfig
 .text.USBD_LL_SetupStage
                0x00000000080033e8       0x5a build/usbd_core.o
                0x00000000080033e8                USBD_LL_SetupStage
 .text.USBD_LL_DataOutStage
                0x0000000008003442       0x60 build/usbd_core.o
                0x0000000008003442                USBD_LL_DataOutStage
 .text.USBD_LL_DataInStage
                0x00000000080034a2       0x9c build/usbd_core.o
                0x00000000080034a2                USBD_LL_DataInStage
 .text.USBD_LL_Reset
                0x000000000800353e       0x3e build/usbd_core.o
                0x000000000800353e                USBD_LL_Reset
 .text.USBD_LL_SetSpeed
                0x000000000800357c        0x6 build/usbd_core.o
                0x000000000800357c                USBD_LL_SetSpeed
 .text.USBD_LL_Suspend
                0x0000000008003582       0x12 build/usbd_core.o
                0x0000000008003582                USBD_LL_Suspend
 .text.USBD_LL_Resume
                0x0000000008003594        0xc build/usbd_core.o
                0x0000000008003594                USBD_LL_Resume
 .text.USBD_LL_SOF
                0x00000000080035a0       0x18 build/usbd_core.o
                0x00000000080035a0                USBD_LL_SOF
 .text.USBD_LL_IsoINIncomplete
                0x00000000080035b8        0x4 build/usbd_core.o
                0x00000000080035b8                USBD_LL_IsoINIncomplete
 .text.USBD_LL_IsoOUTIncomplete
                0x00000000080035bc        0x4 build/usbd_core.o
                0x00000000080035bc                USBD_LL_IsoOUTIncomplete
 .text.USBD_LL_DevConnected
                0x00000000080035c0        0x4 build/usbd_core.o
                0x00000000080035c0                USBD_LL_DevConnected
 .text.USBD_LL_DevDisconnected
                0x00000000080035c4       0x16 build/usbd_core.o
                0x00000000080035c4                USBD_LL_DevDisconnected
 .text.USBD_ParseSetupRequest
                0x00000000080035da       0x28 build/usbd_ctlreq.o
                0x00000000080035da                USBD_ParseSetupRequest
 .text.USBD_CtlError
                0x0000000008003602       0x16 build/usbd_ctlreq.o
                0x0000000008003602                USBD_CtlError
 .text.USBD_StdDevReq
                0x0000000008003618      0x218 build/usbd_ctlreq.o
                0x0000000008003618                USBD_StdDevReq
 .text.USBD_StdItfReq
                0x0000000008003830       0x30 build/usbd_ctlreq.o
                0x0000000008003830                USBD_StdItfReq
 .text.USBD_StdEPReq
                0x0000000008003860       0xc8 build/usbd_ctlreq.o
                0x0000000008003860                USBD_StdEPReq
 .text.USBD_GetString
                0x0000000008003928       0x3c build/usbd_ctlreq.o
                0x0000000008003928                USBD_GetString
 .text.USBD_CtlSendData
                0x0000000008003964       0x1c build/usbd_ioreq.o
                0x0000000008003964                USBD_CtlSendData
 .text.USBD_CtlContinueSendData
                0x0000000008003980       0x12 build/usbd_ioreq.o
                0x0000000008003980                USBD_CtlContinueSendData
 .text.USBD_CtlPrepareRx
                0x0000000008003992       0x20 build/usbd_ioreq.o
                0x0000000008003992                USBD_CtlPrepareRx
 .text.USBD_CtlContinueRx
                0x00000000080039b2       0x12 build/usbd_ioreq.o
                0x00000000080039b2                USBD_CtlContinueRx
 .text.USBD_CtlSendStatus
                0x00000000080039c4       0x16 build/usbd_ioreq.o
                0x00000000080039c4                USBD_CtlSendStatus
 .text.USBD_CtlReceiveStatus
                0x00000000080039da       0x16 build/usbd_ioreq.o
                0x00000000080039da                USBD_CtlReceiveStatus
 .text.SD_initialize
                0x00000000080039f0       0x20 build/sd_diskio.o
                0x00000000080039f0                SD_initialize
 .text.SD_status
                0x0000000008003a10       0x20 build/sd_diskio.o
                0x0000000008003a10                SD_status
 .text.SD_read  0x0000000008003a30       0x20 build/sd_diskio.o
                0x0000000008003a30                SD_read
 .text.SD_write
                0x0000000008003a50       0x20 build/sd_diskio.o
                0x0000000008003a50                SD_write
 .text.SD_ioctl
                0x0000000008003a70       0x50 build/sd_diskio.o
                0x0000000008003a70                SD_ioctl
 .text.FATFS_LinkDriverEx
                0x0000000008003ac0       0x44 build/ff_gen_drv.o
                0x0000000008003ac0                FATFS_LinkDriverEx
 .text.FATFS_LinkDriver
                0x0000000008003b04        0x6 build/ff_gen_drv.o
                0x0000000008003b04                FATFS_LinkDriver
 *fill*         0x0000000008003b0a        0x2 
 .text.MX_ADC1_Init
                0x0000000008003b0c       0x48 build/adc.o
                0x0000000008003b0c                MX_ADC1_Init
 .text.HAL_ADC_MspInit
                0x0000000008003b54       0x44 build/adc.o
                0x0000000008003b54                HAL_ADC_MspInit
 .text.BSP_SD_Init
                0x0000000008003b98       0x38 build/bsp_driver_sd.o
                0x0000000008003b98                BSP_SD_Init
 .text.BSP_SD_ReadBlocks
                0x0000000008003bd0       0x20 build/bsp_driver_sd.o
                0x0000000008003bd0                BSP_SD_ReadBlocks
 .text.BSP_SD_WriteBlocks
                0x0000000008003bf0       0x20 build/bsp_driver_sd.o
                0x0000000008003bf0                BSP_SD_WriteBlocks
 .text.BSP_SD_GetStatus
                0x0000000008003c10        0xc build/bsp_driver_sd.o
                0x0000000008003c10                BSP_SD_GetStatus
 .text.BSP_SD_GetCardInfo
                0x0000000008003c1c        0xc build/bsp_driver_sd.o
                0x0000000008003c1c                BSP_SD_GetCardInfo
 .text.MX_FATFS_Init
                0x0000000008003c28       0x1c build/fatfs.o
                0x0000000008003c28                MX_FATFS_Init
 .text.MX_GPIO_Init
                0x0000000008003c44       0xa8 build/gpio.o
                0x0000000008003c44                MX_GPIO_Init
 .text.init     0x0000000008003cec        0x2 build/main.o
                0x0000000008003cec                init
 .text.initVariant
                0x0000000008003cee        0x2 build/main.o
                0x0000000008003cee                initVariant
 .text.SystemClock_Config
                0x0000000008003cf0       0xa4 build/main.o
                0x0000000008003cf0                SystemClock_Config
 .text.startup.main
                0x0000000008003d94       0x44 build/main.o
                0x0000000008003d94                main
 .text.MX_SDIO_SD_Init
                0x0000000008003dd8       0x20 build/sdio.o
                0x0000000008003dd8                MX_SDIO_SD_Init
 .text.HAL_SD_MspInit
                0x0000000008003df8       0x68 build/sdio.o
                0x0000000008003df8                HAL_SD_MspInit
 .text.MX_SPI2_Init
                0x0000000008003e60       0x34 build/spi.o
                0x0000000008003e60                MX_SPI2_Init
 .text.HAL_SPI_MspInit
                0x0000000008003e94       0x50 build/spi.o
                0x0000000008003e94                HAL_SPI_MspInit
 .text.HAL_MspInit
                0x0000000008003ee4       0x18 build/stm32f4xx_hal_msp.o
                0x0000000008003ee4                HAL_MspInit
 .text.SysTick_Handler
                0x0000000008003efc        0xe build/stm32f4xx_it.o
                0x0000000008003efc                SysTick_Handler
 *fill*         0x0000000008003f0a        0x2 
 .text.OTG_FS_IRQHandler
                0x0000000008003f0c        0xc build/stm32f4xx_it.o
                0x0000000008003f0c                OTG_FS_IRQHandler
 .text.MX_USART2_UART_Init
                0x0000000008003f18       0x28 build/usart.o
                0x0000000008003f18                MX_USART2_UART_Init
 .text.MX_USART6_UART_Init
                0x0000000008003f40       0x28 build/usart.o
                0x0000000008003f40                MX_USART6_UART_Init
 .text.HAL_UART_MspInit
                0x0000000008003f68       0x90 build/usart.o
                0x0000000008003f68                HAL_UART_MspInit
 .text.MX_USB_DEVICE_Init
                0x0000000008003ff8       0x38 build/usb_device.o
                0x0000000008003ff8                MX_USB_DEVICE_Init
 .text.CDC_DeInit_FS
                0x0000000008004030        0x4 build/usbd_cdc_if.o
 .text.CDC_Control_FS
                0x0000000008004034        0x4 build/usbd_cdc_if.o
 .text.CDC_Receive_FS
                0x0000000008004038        0x4 build/usbd_cdc_if.o
 .text.CDC_Init_FS
                0x000000000800403c       0x2c build/usbd_cdc_if.o
 .text.HAL_PCD_MspInit
                0x0000000008004068       0x78 build/usbd_conf.o
                0x0000000008004068                HAL_PCD_MspInit
 .text.HAL_PCD_SetupStageCallback
                0x00000000080040e0        0xe build/usbd_conf.o
                0x00000000080040e0                HAL_PCD_SetupStageCallback
 .text.HAL_PCD_DataOutStageCallback
                0x00000000080040ee       0x12 build/usbd_conf.o
                0x00000000080040ee                HAL_PCD_DataOutStageCallback
 .text.HAL_PCD_DataInStageCallback
                0x0000000008004100       0x10 build/usbd_conf.o
                0x0000000008004100                HAL_PCD_DataInStageCallback
 .text.HAL_PCD_SOFCallback
                0x0000000008004110        0x8 build/usbd_conf.o
                0x0000000008004110                HAL_PCD_SOFCallback
 .text.HAL_PCD_ResetCallback
                0x0000000008004118       0x20 build/usbd_conf.o
                0x0000000008004118                HAL_PCD_ResetCallback
 .text.HAL_PCD_SuspendCallback
                0x0000000008004138       0x30 build/usbd_conf.o
                0x0000000008004138                HAL_PCD_SuspendCallback
 .text.HAL_PCD_ResumeCallback
                0x0000000008004168        0x8 build/usbd_conf.o
                0x0000000008004168                HAL_PCD_ResumeCallback
 .text.HAL_PCD_ISOOUTIncompleteCallback
                0x0000000008004170        0x8 build/usbd_conf.o
                0x0000000008004170                HAL_PCD_ISOOUTIncompleteCallback
 .text.HAL_PCD_ISOINIncompleteCallback
                0x0000000008004178        0x8 build/usbd_conf.o
                0x0000000008004178                HAL_PCD_ISOINIncompleteCallback
 .text.HAL_PCD_ConnectCallback
                0x0000000008004180        0x8 build/usbd_conf.o
                0x0000000008004180                HAL_PCD_ConnectCallback
 .text.HAL_PCD_DisconnectCallback
                0x0000000008004188        0x8 build/usbd_conf.o
                0x0000000008004188                HAL_PCD_DisconnectCallback
 .text.USBD_LL_Init
                0x0000000008004190       0x5c build/usbd_conf.o
                0x0000000008004190                USBD_LL_Init
 .text.USBD_LL_Start
                0x00000000080041ec        0xe build/usbd_conf.o
                0x00000000080041ec                USBD_LL_Start
 .text.USBD_LL_OpenEP
                0x00000000080041fa       0x14 build/usbd_conf.o
                0x00000000080041fa                USBD_LL_OpenEP
 .text.USBD_LL_CloseEP
                0x000000000800420e        0xe build/usbd_conf.o
                0x000000000800420e                USBD_LL_CloseEP
 .text.USBD_LL_StallEP
                0x000000000800421c        0xe build/usbd_conf.o
                0x000000000800421c                USBD_LL_StallEP
 .text.USBD_LL_ClearStallEP
                0x000000000800422a        0xe build/usbd_conf.o
                0x000000000800422a                USBD_LL_ClearStallEP
 .text.USBD_LL_IsStallEP
                0x0000000008004238       0x26 build/usbd_conf.o
                0x0000000008004238                USBD_LL_IsStallEP
 .text.USBD_LL_SetUSBAddress
                0x000000000800425e        0xe build/usbd_conf.o
                0x000000000800425e                USBD_LL_SetUSBAddress
 .text.USBD_LL_Transmit
                0x000000000800426c        0xe build/usbd_conf.o
                0x000000000800426c                USBD_LL_Transmit
 .text.USBD_LL_PrepareReceive
                0x000000000800427a        0xe build/usbd_conf.o
                0x000000000800427a                USBD_LL_PrepareReceive
 .text.USBD_LL_GetRxDataSize
                0x0000000008004288        0xc build/usbd_conf.o
                0x0000000008004288                USBD_LL_GetRxDataSize
 .text.USBD_FS_DeviceDescriptor
                0x0000000008004294        0xc build/usbd_desc.o
                0x0000000008004294                USBD_FS_DeviceDescriptor
 .text.USBD_FS_LangIDStrDescriptor
                0x00000000080042a0        0xc build/usbd_desc.o
                0x00000000080042a0                USBD_FS_LangIDStrDescriptor
 .text.USBD_FS_ManufacturerStrDescriptor
                0x00000000080042ac       0x1c build/usbd_desc.o
                0x00000000080042ac                USBD_FS_ManufacturerStrDescriptor
 .text.USBD_FS_ProductStrDescriptor
                0x00000000080042c8       0x1c build/usbd_desc.o
                0x00000000080042c8                USBD_FS_ProductStrDescriptor
 .text.USBD_FS_SerialStrDescriptor
                0x00000000080042e4       0x1c build/usbd_desc.o
                0x00000000080042e4                USBD_FS_SerialStrDescriptor
 .text.USBD_FS_ConfigStrDescriptor
                0x0000000008004300       0x1c build/usbd_desc.o
                0x0000000008004300                USBD_FS_ConfigStrDescriptor
 .text.USBD_FS_InterfaceStrDescriptor
                0x000000000800431c       0x1c build/usbd_desc.o
                0x000000000800431c                USBD_FS_InterfaceStrDescriptor
 .text._sbrk    0x0000000008004338       0x40 build/syscalls.o
                0x0000000008004338                _sbrk
 .text.pinMode  0x0000000008004378       0x44 build/wiring_digital.o
                0x0000000008004378                pinMode
 .text.digitalWrite
                0x00000000080043bc       0x20 build/wiring_digital.o
                0x00000000080043bc                digitalWrite
 .text._ZdlPv   0x00000000080043dc        0x4 build/new.o
                0x00000000080043dc                operator delete(void*)
 .text._ZN5Print5writeEPKhj
                0x00000000080043e0       0x22 build/Print.o
                0x00000000080043e0                Print::write(unsigned char const*, unsigned int)
 *fill*         0x0000000008004402        0x2 
 .text._ZN5PrintD2Ev
                0x0000000008004404        0xc build/Print.o
                0x0000000008004404                Print::~Print()
                0x0000000008004404                Print::~Print()
 .text._ZN10RingBufferC2Ev
                0x0000000008004410       0x1a build/RingBuffer.o
                0x0000000008004410                RingBuffer::RingBuffer()
                0x0000000008004410                RingBuffer::RingBuffer()
 .text._ZN9UARTClasscvbEv
                0x000000000800442a        0x4 build/UARTClass.o
                0x000000000800442a                UARTClass::operator bool()
 .text._ZN9UARTClass5beginEm
                0x000000000800442e        0x2 build/UARTClass.o
                0x000000000800442e                UARTClass::begin(unsigned long)
 .text._ZN9UARTClass3endEv
                0x0000000008004430       0x14 build/UARTClass.o
                0x0000000008004430                UARTClass::end()
 .text._ZN9UARTClass9availableEv
                0x0000000008004444       0x12 build/UARTClass.o
                0x0000000008004444                UARTClass::available()
 .text._ZN9UARTClass4peekEv
                0x0000000008004456       0x1c build/UARTClass.o
                0x0000000008004456                UARTClass::peek()
 .text._ZN9UARTClass4readEv
                0x0000000008004472       0x2a build/UARTClass.o
                0x0000000008004472                UARTClass::read()
 .text._ZN9UARTClass5flushEv
                0x000000000800449c       0x10 build/UARTClass.o
                0x000000000800449c                UARTClass::flush()
 .text._ZN6StreamD2Ev
                0x00000000080044ac       0x14 build/UARTClass.o
                0x00000000080044ac                Stream::~Stream()
                0x00000000080044ac                Stream::~Stream()
 .text._ZN14HardwareSerialD2Ev
                0x00000000080044c0       0x14 build/UARTClass.o
                0x00000000080044c0                HardwareSerial::~HardwareSerial()
                0x00000000080044c0                HardwareSerial::~HardwareSerial()
 .text._ZN9UARTClassD2Ev
                0x00000000080044d4       0x14 build/UARTClass.o
                0x00000000080044d4                UARTClass::~UARTClass()
                0x00000000080044d4                UARTClass::~UARTClass()
 .text._ZN6StreamD0Ev
                0x00000000080044e8       0x12 build/UARTClass.o
                0x00000000080044e8                Stream::~Stream()
 .text._ZN9UARTClassD0Ev
                0x00000000080044fa       0x12 build/UARTClass.o
                0x00000000080044fa                UARTClass::~UARTClass()
 .text._ZN9UARTClass5writeEh
                0x000000000800450c       0x1e build/UARTClass.o
                0x000000000800450c                UARTClass::write(unsigned char)
 .text.__cxa_pure_virtual
                0x000000000800452a        0x2 build/UARTClass.o
                0x000000000800452a                __cxa_pure_virtual
 .text._ZN9UARTClassC2EP18UART_HandleTypeDef9IRQn_TypemP10RingBufferS4_
                0x000000000800452c       0x24 build/UARTClass.o
                0x000000000800452c                UARTClass::UARTClass(UART_HandleTypeDef*, IRQn_Type, unsigned long, RingBuffer*, RingBuffer*)
                0x000000000800452c                UARTClass::UARTClass(UART_HandleTypeDef*, IRQn_Type, unsigned long, RingBuffer*, RingBuffer*)
 .text._ZN10USARTClass5beginEm
                0x0000000008004550        0x2 build/USARTClass.o
                0x0000000008004550                USARTClass::begin(unsigned long)
 *fill*         0x0000000008004552        0x2 
 .text._ZN10USARTClassD2Ev
                0x0000000008004554       0x14 build/USARTClass.o
                0x0000000008004554                USARTClass::~USARTClass()
                0x0000000008004554                USARTClass::~USARTClass()
 .text._ZN10USARTClassD0Ev
                0x0000000008004568       0x12 build/USARTClass.o
                0x0000000008004568                USARTClass::~USARTClass()
 *fill*         0x000000000800457a        0x2 
 .text._ZN10USARTClassC2EP18UART_HandleTypeDef9IRQn_TypemP10RingBufferS4_
                0x000000000800457c       0x24 build/USARTClass.o
                0x000000000800457c                USARTClass::USARTClass(UART_HandleTypeDef*, IRQn_Type, unsigned long, RingBuffer*, RingBuffer*)
                0x000000000800457c                USARTClass::USARTClass(UART_HandleTypeDef*, IRQn_Type, unsigned long, RingBuffer*, RingBuffer*)
 .text.startup._GLOBAL__sub_I_g_Pin2PortMapArray
                0x00000000080045a0       0x90 build/variant.o
 .text.setup    0x0000000008004630        0x8 build/sketch.o
                0x0000000008004630                setup
 .text.loop     0x0000000008004638       0x26 build/sketch.o
                0x0000000008004638                loop
 *fill*         0x000000000800465e        0x2 
 .text.Reset_Handler
                0x0000000008004660       0x58 build/startup_stm32f401xe.o
                0x0000000008004660                Reset_Handler
 .text.Default_Handler
                0x00000000080046b8        0x4 build/startup_stm32f401xe.o
                0x00000000080046b8                DMA1_Stream3_IRQHandler
                0x00000000080046b8                EXTI2_IRQHandler
                0x00000000080046b8                DebugMon_Handler
                0x00000000080046b8                SPI4_IRQHandler
                0x00000000080046b8                TIM1_CC_IRQHandler
                0x00000000080046b8                DMA2_Stream5_IRQHandler
                0x00000000080046b8                HardFault_Handler
                0x00000000080046b8                DMA1_Stream5_IRQHandler
                0x00000000080046b8                PVD_IRQHandler
                0x00000000080046b8                SDIO_IRQHandler
                0x00000000080046b8                TAMP_STAMP_IRQHandler
                0x00000000080046b8                PendSV_Handler
                0x00000000080046b8                NMI_Handler
                0x00000000080046b8                EXTI3_IRQHandler
                0x00000000080046b8                TIM1_UP_TIM10_IRQHandler
                0x00000000080046b8                I2C3_ER_IRQHandler
                0x00000000080046b8                EXTI0_IRQHandler
                0x00000000080046b8                I2C2_EV_IRQHandler
                0x00000000080046b8                DMA1_Stream2_IRQHandler
                0x00000000080046b8                FPU_IRQHandler
                0x00000000080046b8                UsageFault_Handler
                0x00000000080046b8                DMA2_Stream2_IRQHandler
                0x00000000080046b8                SPI1_IRQHandler
                0x00000000080046b8                TIM1_BRK_TIM9_IRQHandler
                0x00000000080046b8                DMA2_Stream3_IRQHandler
                0x00000000080046b8                USART6_IRQHandler
                0x00000000080046b8                DMA2_Stream0_IRQHandler
                0x00000000080046b8                TIM4_IRQHandler
                0x00000000080046b8                I2C1_EV_IRQHandler
                0x00000000080046b8                DMA1_Stream6_IRQHandler
                0x00000000080046b8                DMA1_Stream1_IRQHandler
                0x00000000080046b8                TIM3_IRQHandler
                0x00000000080046b8                RCC_IRQHandler
                0x00000000080046b8                Default_Handler
                0x00000000080046b8                EXTI15_10_IRQHandler
                0x00000000080046b8                ADC_IRQHandler
                0x00000000080046b8                DMA1_Stream7_IRQHandler
                0x00000000080046b8                TIM5_IRQHandler
                0x00000000080046b8                DMA2_Stream7_IRQHandler
                0x00000000080046b8                I2C3_EV_IRQHandler
                0x00000000080046b8                EXTI9_5_IRQHandler
                0x00000000080046b8                RTC_WKUP_IRQHandler
                0x00000000080046b8                SPI2_IRQHandler
                0x00000000080046b8                MemManage_Handler
                0x00000000080046b8                DMA1_Stream0_IRQHandler
                0x00000000080046b8                SVC_Handler
                0x00000000080046b8                EXTI4_IRQHandler
                0x00000000080046b8                WWDG_IRQHandler
                0x00000000080046b8                TIM2_IRQHandler
                0x00000000080046b8                OTG_FS_WKUP_IRQHandler
                0x00000000080046b8                TIM1_TRG_COM_TIM11_IRQHandler
                0x00000000080046b8                EXTI1_IRQHandler
                0x00000000080046b8                USART2_IRQHandler
                0x00000000080046b8                I2C2_ER_IRQHandler
                0x00000000080046b8                DMA2_Stream1_IRQHandler
                0x00000000080046b8                FLASH_IRQHandler
                0x00000000080046b8                DMA2_Stream4_IRQHandler
                0x00000000080046b8                BusFault_Handler
                0x00000000080046b8                USART1_IRQHandler
                0x00000000080046b8                SPI3_IRQHandler
                0x00000000080046b8                DMA1_Stream4_IRQHandler
                0x00000000080046b8                I2C1_ER_IRQHandler
                0x00000000080046b8                DMA2_Stream6_IRQHandler
                0x00000000080046b8                RTC_Alarm_IRQHandler
 .text.__aeabi_atexit
                0x00000000080046bc       0x1c /Users/Arethusa/Library/Arduino15/packages/arduino/tools/arm-none-eabi-gcc/4.8.3-2014q1/bin/../lib/gcc/arm-none-eabi/4.8.3/../../../../arm-none-eabi/lib/libstdc++.a(atexit_arm.o)
                0x00000000080046bc                __aeabi_atexit
 .text.__cxa_atexit
                0x00000000080046d8       0x24 /Users/Arethusa/Library/Arduino15/packages/arduino/tools/arm-none-eabi-gcc/4.8.3-2014q1/bin/../lib/gcc/arm-none-eabi/4.8.3/../../../../arm-none-eabi/lib/libc.a(lib_a-cxa_atexit.o)
                0x00000000080046d8                __cxa_atexit
 .text.__errno  0x00000000080046fc       0x10 /Users/Arethusa/Library/Arduino15/packages/arduino/tools/arm-none-eabi-gcc/4.8.3-2014q1/bin/../lib/gcc/arm-none-eabi/4.8.3/../../../../arm-none-eabi/lib/libc.a(lib_a-errno.o)
                0x00000000080046fc                __errno
 .text.__libc_init_array
                0x000000000800470c       0x88 /Users/Arethusa/Library/Arduino15/packages/arduino/tools/arm-none-eabi-gcc/4.8.3-2014q1/bin/../lib/gcc/arm-none-eabi/4.8.3/../../../../arm-none-eabi/lib/libc.a(lib_a-init.o)
                0x000000000800470c                __libc_init_array
 .text.malloc   0x0000000008004794       0x20 /Users/Arethusa/Library/Arduino15/packages/arduino/tools/arm-none-eabi-gcc/4.8.3-2014q1/bin/../lib/gcc/arm-none-eabi/4.8.3/../../../../arm-none-eabi/lib/libc.a(lib_a-malloc.o)
                0x0000000008004794                malloc
 .text.free     0x00000000080047b4       0x20 /Users/Arethusa/Library/Arduino15/packages/arduino/tools/arm-none-eabi-gcc/4.8.3-2014q1/bin/../lib/gcc/arm-none-eabi/4.8.3/../../../../arm-none-eabi/lib/libc.a(lib_a-malloc.o)
                0x00000000080047b4                free
 .text._malloc_r
                0x00000000080047d4      0x74c /Users/Arethusa/Library/Arduino15/packages/arduino/tools/arm-none-eabi-gcc/4.8.3-2014q1/bin/../lib/gcc/arm-none-eabi/4.8.3/../../../../arm-none-eabi/lib/libc.a(lib_a-mallocr.o)
                0x00000000080047d4                _malloc_r
 .text.memset   0x0000000008004f20       0xf4 /Users/Arethusa/Library/Arduino15/packages/arduino/tools/arm-none-eabi-gcc/4.8.3-2014q1/bin/../lib/gcc/arm-none-eabi/4.8.3/../../../../arm-none-eabi/lib/libc.a(lib_a-memset.o)
                0x0000000008004f20                memset
 .text.__malloc_lock
                0x0000000008005014        0x4 /Users/Arethusa/Library/Arduino15/packages/arduino/tools/arm-none-eabi-gcc/4.8.3-2014q1/bin/../lib/gcc/arm-none-eabi/4.8.3/../../../../arm-none-eabi/lib/libc.a(lib_a-mlock.o)
                0x0000000008005014                __malloc_lock
 .text.__malloc_unlock
                0x0000000008005018        0x4 /Users/Arethusa/Library/Arduino15/packages/arduino/tools/arm-none-eabi-gcc/4.8.3-2014q1/bin/../lib/gcc/arm-none-eabi/4.8.3/../../../../arm-none-eabi/lib/libc.a(lib_a-mlock.o)
                0x0000000008005018                __malloc_unlock
 .text._sbrk_r  0x000000000800501c       0x44 /Users/Arethusa/Library/Arduino15/packages/arduino/tools/arm-none-eabi-gcc/4.8.3-2014q1/bin/../lib/gcc/arm-none-eabi/4.8.3/../../../../arm-none-eabi/lib/libc.a(lib_a-sbrkr.o)
                0x000000000800501c                _sbrk_r
 .text.__register_exitproc
                0x0000000008005060       0xf0 /Users/Arethusa/Library/Arduino15/packages/arduino/tools/arm-none-eabi-gcc/4.8.3-2014q1/bin/../lib/gcc/arm-none-eabi/4.8.3/../../../../arm-none-eabi/lib/libc.a(lib_a-__atexit.o)
                0x0000000008005060                __register_exitproc
 .text.startup.register_fini
                0x0000000008005150       0x24 /Users/Arethusa/Library/Arduino15/packages/arduino/tools/arm-none-eabi-gcc/4.8.3-2014q1/bin/../lib/gcc/arm-none-eabi/4.8.3/../../../../arm-none-eabi/lib/libc.a(lib_a-__call_atexit.o)
 .text.atexit   0x0000000008005174       0x20 /Users/Arethusa/Library/Arduino15/packages/arduino/tools/arm-none-eabi-gcc/4.8.3-2014q1/bin/../lib/gcc/arm-none-eabi/4.8.3/../../../../arm-none-eabi/lib/libc.a(lib_a-atexit.o)
                0x0000000008005174                atexit
 .text.__libc_fini_array
                0x0000000008005194       0x48 /Users/Arethusa/Library/Arduino15/packages/arduino/tools/arm-none-eabi-gcc/4.8.3-2014q1/bin/../lib/gcc/arm-none-eabi/4.8.3/../../../../arm-none-eabi/lib/libc.a(lib_a-fini.o)
                0x0000000008005194                __libc_fini_array
 .text._malloc_trim_r
                0x00000000080051dc      0x100 /Users/Arethusa/Library/Arduino15/packages/arduino/tools/arm-none-eabi-gcc/4.8.3-2014q1/bin/../lib/gcc/arm-none-eabi/4.8.3/../../../../arm-none-eabi/lib/libc.a(lib_a-freer.o)
                0x00000000080051dc                _malloc_trim_r
 .text._free_r  0x00000000080052dc      0x26c /Users/Arethusa/Library/Arduino15/packages/arduino/tools/arm-none-eabi-gcc/4.8.3-2014q1/bin/../lib/gcc/arm-none-eabi/4.8.3/../../../../arm-none-eabi/lib/libc.a(lib_a-freer.o)
                0x00000000080052dc                _free_r
 *(.glue_7)
 .glue_7        0x0000000000000000        0x0 linker stubs
 *(.glue_7t)
 .glue_7t       0x0000000000000000        0x0 linker stubs
 *(.eh_frame)
 .eh_frame      0x0000000008005548        0x0 /Users/Arethusa/Library/Arduino15/packages/arduino/tools/arm-none-eabi-gcc/4.8.3-2014q1/bin/../lib/gcc/arm-none-eabi/4.8.3/crtbegin.o
 *(.init)
 .init          0x0000000008005548        0xc /Users/Arethusa/Library/Arduino15/packages/arduino/tools/arm-none-eabi-gcc/4.8.3-2014q1/bin/../lib/gcc/arm-none-eabi/4.8.3/crti.o
                0x0000000008005548                _init
 .init          0x0000000008005554        0xc /Users/Arethusa/Library/Arduino15/packages/arduino/tools/arm-none-eabi-gcc/4.8.3-2014q1/bin/../lib/gcc/arm-none-eabi/4.8.3/crtn.o
 *(.fini)
 .fini          0x0000000008005560        0xc /Users/Arethusa/Library/Arduino15/packages/arduino/tools/arm-none-eabi-gcc/4.8.3-2014q1/bin/../lib/gcc/arm-none-eabi/4.8.3/crti.o
                0x0000000008005560                _fini
 .fini          0x000000000800556c        0xc /Users/Arethusa/Library/Arduino15/packages/arduino/tools/arm-none-eabi-gcc/4.8.3-2014q1/bin/../lib/gcc/arm-none-eabi/4.8.3/crtn.o
                0x0000000008005578                . = ALIGN (0x4)
                0x0000000008005578                _etext = .

.vfp11_veneer   0x0000000008005578        0x0
 .vfp11_veneer  0x0000000000000000        0x0 linker stubs

.v4_bx          0x0000000008005578        0x0
 .v4_bx         0x0000000000000000        0x0 linker stubs

.iplt           0x0000000008005578        0x0
 .iplt          0x0000000000000000        0x0 /Users/Arethusa/Library/Arduino15/packages/arduino/tools/arm-none-eabi-gcc/4.8.3-2014q1/bin/../lib/gcc/arm-none-eabi/4.8.3/crtbegin.o

.rodata         0x0000000008005578      0x2a0
                0x0000000008005578                . = ALIGN (0x4)
 *(.rodata)
 *(.rodata*)
 .rodata.APBAHBPrescTable
                0x0000000008005578       0x10 build/stm32f4xx_hal_rcc.o
                0x0000000008005578                APBAHBPrescTable
 .rodata.SD_Driver
                0x0000000008005588       0x14 build/sd_diskio.o
                0x0000000008005588                SD_Driver
 .rodata.str1.1
                0x000000000800559c       0x4f build/usbd_desc.o
 *fill*         0x00000000080055eb        0x5 
 .rodata._ZTV5Print
                0x00000000080055f0       0x18 build/Print.o
                0x00000000080055f0                vtable for Print
 .rodata._ZTV6Stream
                0x0000000008005608       0x28 build/UARTClass.o
                0x0000000008005608                vtable for Stream
 .rodata._ZTV9UARTClass
                0x0000000008005630       0x38 build/UARTClass.o
                0x0000000008005630                vtable for UARTClass
 .rodata._ZTV10USARTClass
                0x0000000008005668       0x38 build/USARTClass.o
                0x0000000008005668                vtable for USARTClass
 .rodata.g_Pin2PortMapArray
                0x00000000080056a0      0x170 build/variant.o
                0x00000000080056a0                g_Pin2PortMapArray
 .rodata.str1.4
                0x0000000008005810        0x4 /Users/Arethusa/Library/Arduino15/packages/arduino/tools/arm-none-eabi-gcc/4.8.3-2014q1/bin/../lib/gcc/arm-none-eabi/4.8.3/../../../../arm-none-eabi/lib/libc.a(lib_a-impure.o)
 .rodata._global_impure_ptr
                0x0000000008005814        0x4 /Users/Arethusa/Library/Arduino15/packages/arduino/tools/arm-none-eabi-gcc/4.8.3-2014q1/bin/../lib/gcc/arm-none-eabi/4.8.3/../../../../arm-none-eabi/lib/libc.a(lib_a-impure.o)
                0x0000000008005814                _global_impure_ptr
                0x0000000008005818                . = ALIGN (0x4)

.ARM.extab
 *(.ARM.extab* .gnu.linkonce.armextab.*)

.ARM            0x0000000008005818        0x8
                0x0000000008005818                __exidx_start = .
 *(.ARM.exidx*)
 .ARM.exidx.text.__aeabi_atexit
                0x0000000008005818        0x8 /Users/Arethusa/Library/Arduino15/packages/arduino/tools/arm-none-eabi-gcc/4.8.3-2014q1/bin/../lib/gcc/arm-none-eabi/4.8.3/../../../../arm-none-eabi/lib/libstdc++.a(atexit_arm.o)
                0x0000000008005820                __exidx_end = .

.rel.dyn        0x0000000008005820        0x0
 .rel.iplt      0x0000000000000000        0x0 /Users/Arethusa/Library/Arduino15/packages/arduino/tools/arm-none-eabi-gcc/4.8.3-2014q1/bin/../lib/gcc/arm-none-eabi/4.8.3/crtbegin.o

.preinit_array  0x0000000008005820        0x0
                0x0000000008005820                PROVIDE (__preinit_array_start, .)
 *(.preinit_array*)
                0x0000000008005820                PROVIDE (__preinit_array_end, .)

.init_array     0x0000000008005820        0xc
                0x0000000008005820                PROVIDE (__init_array_start, .)
 *(SORT(.init_array.*))
 .init_array.00000
                0x0000000008005820        0x4 /Users/Arethusa/Library/Arduino15/packages/arduino/tools/arm-none-eabi-gcc/4.8.3-2014q1/bin/../lib/gcc/arm-none-eabi/4.8.3/../../../../arm-none-eabi/lib/libc.a(lib_a-__call_atexit.o)
 *(.init_array*)
 .init_array    0x0000000008005824        0x4 /Users/Arethusa/Library/Arduino15/packages/arduino/tools/arm-none-eabi-gcc/4.8.3-2014q1/bin/../lib/gcc/arm-none-eabi/4.8.3/crtbegin.o
 .init_array    0x0000000008005828        0x4 build/variant.o
                0x000000000800582c                PROVIDE (__init_array_end, .)

.fini_array     0x000000000800582c        0x4
                0x000000000800582c                PROVIDE (__fini_array_start, .)
 *(SORT(.fini_array.*))
 *(.fini_array*)
 .fini_array    0x000000000800582c        0x4 /Users/Arethusa/Library/Arduino15/packages/arduino/tools/arm-none-eabi-gcc/4.8.3-2014q1/bin/../lib/gcc/arm-none-eabi/4.8.3/crtbegin.o
                0x0000000008005830                PROVIDE (__fini_array_end, .)
                0x0000000008005830                _sidata = LOADADDR (.data)

.data           0x0000000020000000      0x99c load address 0x0000000008005830
                0x0000000020000000                . = ALIGN (0x4)
                0x0000000020000000                _sdata = .
 *(.data)
 .data          0x0000000020000000        0x4 /Users/Arethusa/Library/Arduino15/packages/arduino/tools/arm-none-eabi-gcc/4.8.3-2014q1/bin/../lib/gcc/arm-none-eabi/4.8.3/crtbegin.o
                0x0000000020000000                __dso_handle
 *(.data*)
 .data.SystemCoreClock
                0x0000000020000004        0x4 build/system_stm32f4xx.o
                0x0000000020000004                SystemCoreClock
 .data.USBD_CDC_CfgFSDesc
                0x0000000020000008       0x44 build/usbd_cdc.o
                0x0000000020000008                USBD_CDC_CfgFSDesc
 .data.USBD_CDC
                0x000000002000004c       0x38 build/usbd_cdc.o
                0x000000002000004c                USBD_CDC
 .data.USBD_CDC_DeviceQualifierDesc
                0x0000000020000084        0xc build/usbd_cdc.o
 .data.USBD_CDC_OtherSpeedCfgDesc
                0x0000000020000090       0x44 build/usbd_cdc.o
                0x0000000020000090                USBD_CDC_OtherSpeedCfgDesc
 .data.USBD_CDC_CfgHSDesc
                0x00000000200000d4       0x44 build/usbd_cdc.o
                0x00000000200000d4                USBD_CDC_CfgHSDesc
 .data.Stat     0x0000000020000118        0x1 build/sd_diskio.o
 *fill*         0x0000000020000119        0x3 
 .data.USBD_Interface_fops_FS
                0x000000002000011c       0x10 build/usbd_cdc_if.o
                0x000000002000011c                USBD_Interface_fops_FS
 .data.FS_Desc  0x000000002000012c       0x1c build/usbd_desc.o
                0x000000002000012c                FS_Desc
 .data.USBD_LangIDDesc
                0x0000000020000148        0x4 build/usbd_desc.o
                0x0000000020000148                USBD_LangIDDesc
 .data.USBD_FS_DeviceDesc
                0x000000002000014c       0x14 build/usbd_desc.o
                0x000000002000014c                USBD_FS_DeviceDesc
 .data.impure_data
                0x0000000020000160      0x428 /Users/Arethusa/Library/Arduino15/packages/arduino/tools/arm-none-eabi-gcc/4.8.3-2014q1/bin/../lib/gcc/arm-none-eabi/4.8.3/../../../../arm-none-eabi/lib/libc.a(lib_a-impure.o)
 .data._impure_ptr
                0x0000000020000588        0x4 /Users/Arethusa/Library/Arduino15/packages/arduino/tools/arm-none-eabi-gcc/4.8.3-2014q1/bin/../lib/gcc/arm-none-eabi/4.8.3/../../../../arm-none-eabi/lib/libc.a(lib_a-impure.o)
                0x0000000020000588                _impure_ptr
 .data.__malloc_av_
                0x000000002000058c      0x408 /Users/Arethusa/Library/Arduino15/packages/arduino/tools/arm-none-eabi-gcc/4.8.3-2014q1/bin/../lib/gcc/arm-none-eabi/4.8.3/../../../../arm-none-eabi/lib/libc.a(lib_a-mallocr.o)
                0x000000002000058c                __malloc_av_
 .data.__malloc_trim_threshold
                0x0000000020000994        0x4 /Users/Arethusa/Library/Arduino15/packages/arduino/tools/arm-none-eabi-gcc/4.8.3-2014q1/bin/../lib/gcc/arm-none-eabi/4.8.3/../../../../arm-none-eabi/lib/libc.a(lib_a-mallocr.o)
                0x0000000020000994                __malloc_trim_threshold
 .data.__malloc_sbrk_base
                0x0000000020000998        0x4 /Users/Arethusa/Library/Arduino15/packages/arduino/tools/arm-none-eabi-gcc/4.8.3-2014q1/bin/../lib/gcc/arm-none-eabi/4.8.3/../../../../arm-none-eabi/lib/libc.a(lib_a-mallocr.o)
                0x0000000020000998                __malloc_sbrk_base
                0x000000002000099c                . = ALIGN (0x4)
                0x000000002000099c                _edata = .

.jcr            0x000000002000099c        0x0 load address 0x00000000080061cc
 .jcr           0x000000002000099c        0x0 /Users/Arethusa/Library/Arduino15/packages/arduino/tools/arm-none-eabi-gcc/4.8.3-2014q1/bin/../lib/gcc/arm-none-eabi/4.8.3/crtbegin.o

.igot.plt       0x000000002000099c        0x0 load address 0x00000000080061cc
 .igot.plt      0x0000000000000000        0x0 /Users/Arethusa/Library/Arduino15/packages/arduino/tools/arm-none-eabi-gcc/4.8.3-2014q1/bin/../lib/gcc/arm-none-eabi/4.8.3/crtbegin.o
                0x000000002000099c                . = ALIGN (0x4)

.bss            0x00000000200009a0      0xc9c load address 0x00000000080061cc
                0x00000000200009a0                _sbss = .
                0x00000000200009a0                __bss_start__ = _sbss
 *(.bss)
 .bss           0x00000000200009a0       0x1c /Users/Arethusa/Library/Arduino15/packages/arduino/tools/arm-none-eabi-gcc/4.8.3-2014q1/bin/../lib/gcc/arm-none-eabi/4.8.3/crtbegin.o
 *(.bss*)
 .bss.uwTick    0x00000000200009bc        0x4 build/stm32f4xx_hal.o
 .bss.ifalt.8507
                0x00000000200009c0        0x1 build/usbd_cdc.o
 .bss.cfgidx.8512
                0x00000000200009c1        0x1 build/usbd_ctlreq.o
 *fill*         0x00000000200009c2        0x2 
 .bss.disk      0x00000000200009c4        0xc build/ff_gen_drv.o
                0x00000000200009c4                disk
 .bss.heap_end.5591
                0x00000000200009d0        0x4 build/syscalls.o
 .bss.Serial    0x00000000200009d4       0x24 build/variant.o
                0x00000000200009d4                Serial
 .bss.Serial1   0x00000000200009f8       0x28 build/variant.o
                0x00000000200009f8                Serial1
 .bss.tx_buffer1
                0x0000000020000a20       0x88 build/variant.o
                0x0000000020000a20                tx_buffer1
 .bss.tx_buffer2
                0x0000000020000aa8       0x88 build/variant.o
                0x0000000020000aa8                tx_buffer2
 .bss.rx_buffer1
                0x0000000020000b30       0x88 build/variant.o
                0x0000000020000b30                rx_buffer1
 .bss.rx_buffer2
                0x0000000020000bb8       0x88 build/variant.o
                0x0000000020000bb8                rx_buffer2
 .bss.__malloc_max_total_mem
                0x0000000020000c40        0x4 /Users/Arethusa/Library/Arduino15/packages/arduino/tools/arm-none-eabi-gcc/4.8.3-2014q1/bin/../lib/gcc/arm-none-eabi/4.8.3/../../../../arm-none-eabi/lib/libc.a(lib_a-mallocr.o)
                0x0000000020000c40                __malloc_max_total_mem
 .bss.__malloc_max_sbrked_mem
                0x0000000020000c44        0x4 /Users/Arethusa/Library/Arduino15/packages/arduino/tools/arm-none-eabi-gcc/4.8.3-2014q1/bin/../lib/gcc/arm-none-eabi/4.8.3/../../../../arm-none-eabi/lib/libc.a(lib_a-mallocr.o)
                0x0000000020000c44                __malloc_max_sbrked_mem
 .bss.__malloc_top_pad
                0x0000000020000c48        0x4 /Users/Arethusa/Library/Arduino15/packages/arduino/tools/arm-none-eabi-gcc/4.8.3-2014q1/bin/../lib/gcc/arm-none-eabi/4.8.3/../../../../arm-none-eabi/lib/libc.a(lib_a-mallocr.o)
                0x0000000020000c48                __malloc_top_pad
 .bss.__malloc_current_mallinfo
                0x0000000020000c4c       0x28 /Users/Arethusa/Library/Arduino15/packages/arduino/tools/arm-none-eabi-gcc/4.8.3-2014q1/bin/../lib/gcc/arm-none-eabi/4.8.3/../../../../arm-none-eabi/lib/libc.a(lib_a-mallocr.o)
                0x0000000020000c4c                __malloc_current_mallinfo
 *(COMMON)
 COMMON         0x0000000020000c74       0x44 build/adc.o
                0x0000000020000c74                hadc1
 COMMON         0x0000000020000cb8        0x5 build/fatfs.o
                0x0000000020000cb8                retSD
                0x0000000020000cb9                SD_Path
 *fill*         0x0000000020000cbd        0x3 
 COMMON         0x0000000020000cc0       0xb8 build/sdio.o
                0x0000000020000cc0                SDCardInfo
                0x0000000020000d18                hsd
 COMMON         0x0000000020000d78       0x58 build/spi.o
                0x0000000020000d78                hspi2
 COMMON         0x0000000020000dd0       0x80 build/usart.o
                0x0000000020000dd0                huart6
                0x0000000020000e10                huart2
 COMMON         0x0000000020000e50      0x224 build/usb_device.o
                0x0000000020000e50                hUsbDeviceFS
 COMMON         0x0000000020001074        0xc build/usbd_cdc_if.o
                0x0000000020001074                hUsbDevice_0
                0x0000000020001078                UserRxBufferFS
                0x000000002000107c                UserTxBufferFS
 COMMON         0x0000000020001080      0x3b8 build/usbd_conf.o
                0x0000000020001080                hpcd_USB_OTG_FS
 COMMON         0x0000000020001438      0x200 build/usbd_desc.o
                0x0000000020001438                USBD_StrDesc
 COMMON         0x0000000020001638        0x4 /Users/Arethusa/Library/Arduino15/packages/arduino/tools/arm-none-eabi-gcc/4.8.3-2014q1/bin/../lib/gcc/arm-none-eabi/4.8.3/../../../../arm-none-eabi/lib/libc.a(lib_a-reent.o)
                0x0000000020001638                errno
                0x000000002000163c                . = ALIGN (0x4)
                0x000000002000163c                _ebss = .
                0x000000002000163c                __bss_end__ = _ebss

._user_heap_stack
                0x000000002000163c      0x604 load address 0x00000000080061cc
                0x0000000020001640                . = ALIGN (0x8)
 *fill*         0x000000002000163c        0x4 
                0x0000000020001640                PROVIDE (end, .)
                0x0000000020001640                PROVIDE (_end, .)
                0x0000000020001840                . = (. + _Min_Heap_Size)
 *fill*         0x0000000020001640      0x200 
                0x0000000020001c40                . = (. + _Min_Stack_Size)
 *fill*         0x0000000020001840      0x400 
                0x0000000020001c40                . = ALIGN (0x8)

/DISCARD/
 libc.a(*)
 libm.a(*)
 libgcc.a(*)

.ARM.attributes
                0x0000000000000000       0x31
 *(.ARM.attributes)
 .ARM.attributes
                0x0000000000000000       0x16 /Users/Arethusa/Library/Arduino15/packages/arduino/tools/arm-none-eabi-gcc/4.8.3-2014q1/bin/../lib/gcc/arm-none-eabi/4.8.3/crti.o
 .ARM.attributes
                0x0000000000000016       0x30 /Users/Arethusa/Library/Arduino15/packages/arduino/tools/arm-none-eabi-gcc/4.8.3-2014q1/bin/../lib/gcc/arm-none-eabi/4.8.3/crtbegin.o
 .ARM.attributes
                0x0000000000000046       0x33 build/system_stm32f4xx.o
 .ARM.attributes
                0x0000000000000079       0x33 build/stm32f4xx_hal.o
 .ARM.attributes
                0x00000000000000ac       0x33 build/stm32f4xx_hal_adc.o
 .ARM.attributes
                0x00000000000000df       0x33 build/stm32f4xx_hal_cortex.o
 .ARM.attributes
                0x0000000000000112       0x33 build/stm32f4xx_hal_gpio.o
 .ARM.attributes
                0x0000000000000145       0x33 build/stm32f4xx_hal_pcd.o
 .ARM.attributes
                0x0000000000000178       0x33 build/stm32f4xx_hal_pcd_ex.o
 .ARM.attributes
                0x00000000000001ab       0x33 build/stm32f4xx_hal_rcc.o
 .ARM.attributes
                0x00000000000001de       0x33 build/stm32f4xx_hal_sd.o
 .ARM.attributes
                0x0000000000000211       0x33 build/stm32f4xx_hal_spi.o
 .ARM.attributes
                0x0000000000000244       0x33 build/stm32f4xx_hal_uart.o
 .ARM.attributes
                0x0000000000000277       0x33 build/stm32f4xx_ll_sdmmc.o
 .ARM.attributes
                0x00000000000002aa       0x33 build/stm32f4xx_ll_usb.o
 .ARM.attributes
                0x00000000000002dd       0x33 build/usbd_cdc.o
 .ARM.attributes
                0x0000000000000310       0x33 build/usbd_core.o
 .ARM.attributes
                0x0000000000000343       0x33 build/usbd_ctlreq.o
 .ARM.attributes
                0x0000000000000376       0x33 build/usbd_ioreq.o
 .ARM.attributes
                0x00000000000003a9       0x33 build/sd_diskio.o
 .ARM.attributes
                0x00000000000003dc       0x33 build/ff_gen_drv.o
 .ARM.attributes
                0x000000000000040f       0x33 build/adc.o
 .ARM.attributes
                0x0000000000000442       0x33 build/bsp_driver_sd.o
 .ARM.attributes
                0x0000000000000475       0x33 build/fatfs.o
 .ARM.attributes
                0x00000000000004a8       0x33 build/gpio.o
 .ARM.attributes
                0x00000000000004db       0x33 build/main.o
 .ARM.attributes
                0x000000000000050e       0x33 build/sdio.o
 .ARM.attributes
                0x0000000000000541       0x33 build/spi.o
 .ARM.attributes
                0x0000000000000574       0x33 build/stm32f4xx_hal_msp.o
 .ARM.attributes
                0x00000000000005a7       0x33 build/stm32f4xx_it.o
 .ARM.attributes
                0x00000000000005da       0x33 build/usart.o
 .ARM.attributes
                0x000000000000060d       0x33 build/usb_device.o
 .ARM.attributes
                0x0000000000000640       0x33 build/usbd_cdc_if.o
 .ARM.attributes
                0x0000000000000673       0x33 build/usbd_conf.o
 .ARM.attributes
                0x00000000000006a6       0x33 build/usbd_desc.o
 .ARM.attributes
                0x00000000000006d9       0x33 build/syscalls.o
 .ARM.attributes
                0x000000000000070c       0x33 build/wiring_digital.o
 .ARM.attributes
                0x000000000000073f       0x33 build/new.o
 .ARM.attributes
                0x0000000000000772       0x33 build/Print.o
 .ARM.attributes
                0x00000000000007a5       0x33 build/RingBuffer.o
 .ARM.attributes
                0x00000000000007d8       0x33 build/UARTClass.o
 .ARM.attributes
                0x000000000000080b       0x33 build/USARTClass.o
 .ARM.attributes
                0x000000000000083e       0x33 build/variant.o
 .ARM.attributes
                0x0000000000000871       0x33 build/sketch.o
 .ARM.attributes
                0x00000000000008a4       0x21 build/startup_stm32f401xe.o
 .ARM.attributes
                0x00000000000008c5       0x30 /Users/Arethusa/Library/Arduino15/packages/arduino/tools/arm-none-eabi-gcc/4.8.3-2014q1/bin/../lib/gcc/arm-none-eabi/4.8.3/../../../../arm-none-eabi/lib/libstdc++.a(atexit_arm.o)
 .ARM.attributes
                0x00000000000008f5       0x30 /Users/Arethusa/Library/Arduino15/packages/arduino/tools/arm-none-eabi-gcc/4.8.3-2014q1/bin/../lib/gcc/arm-none-eabi/4.8.3/../../../../arm-none-eabi/lib/libc.a(lib_a-cxa_atexit.o)
 .ARM.attributes
                0x0000000000000925       0x30 /Users/Arethusa/Library/Arduino15/packages/arduino/tools/arm-none-eabi-gcc/4.8.3-2014q1/bin/../lib/gcc/arm-none-eabi/4.8.3/../../../../arm-none-eabi/lib/libc.a(lib_a-errno.o)
 .ARM.attributes
                0x0000000000000955       0x30 /Users/Arethusa/Library/Arduino15/packages/arduino/tools/arm-none-eabi-gcc/4.8.3-2014q1/bin/../lib/gcc/arm-none-eabi/4.8.3/../../../../arm-none-eabi/lib/libc.a(lib_a-impure.o)
 .ARM.attributes
                0x0000000000000985       0x30 /Users/Arethusa/Library/Arduino15/packages/arduino/tools/arm-none-eabi-gcc/4.8.3-2014q1/bin/../lib/gcc/arm-none-eabi/4.8.3/../../../../arm-none-eabi/lib/libc.a(lib_a-init.o)
 .ARM.attributes
                0x00000000000009b5       0x30 /Users/Arethusa/Library/Arduino15/packages/arduino/tools/arm-none-eabi-gcc/4.8.3-2014q1/bin/../lib/gcc/arm-none-eabi/4.8.3/../../../../arm-none-eabi/lib/libc.a(lib_a-malloc.o)
 .ARM.attributes
                0x00000000000009e5       0x30 /Users/Arethusa/Library/Arduino15/packages/arduino/tools/arm-none-eabi-gcc/4.8.3-2014q1/bin/../lib/gcc/arm-none-eabi/4.8.3/../../../../arm-none-eabi/lib/libc.a(lib_a-mallocr.o)
 .ARM.attributes
                0x0000000000000a15       0x30 /Users/Arethusa/Library/Arduino15/packages/arduino/tools/arm-none-eabi-gcc/4.8.3-2014q1/bin/../lib/gcc/arm-none-eabi/4.8.3/../../../../arm-none-eabi/lib/libc.a(lib_a-memset.o)
 .ARM.attributes
                0x0000000000000a45       0x30 /Users/Arethusa/Library/Arduino15/packages/arduino/tools/arm-none-eabi-gcc/4.8.3-2014q1/bin/../lib/gcc/arm-none-eabi/4.8.3/../../../../arm-none-eabi/lib/libc.a(lib_a-mlock.o)
 .ARM.attributes
                0x0000000000000a75       0x30 /Users/Arethusa/Library/Arduino15/packages/arduino/tools/arm-none-eabi-gcc/4.8.3-2014q1/bin/../lib/gcc/arm-none-eabi/4.8.3/../../../../arm-none-eabi/lib/libc.a(lib_a-sbrkr.o)
 .ARM.attributes
                0x0000000000000aa5       0x30 /Users/Arethusa/Library/Arduino15/packages/arduino/tools/arm-none-eabi-gcc/4.8.3-2014q1/bin/../lib/gcc/arm-none-eabi/4.8.3/../../../../arm-none-eabi/lib/libc.a(lib_a-__atexit.o)
 .ARM.attributes
                0x0000000000000ad5       0x30 /Users/Arethusa/Library/Arduino15/packages/arduino/tools/arm-none-eabi-gcc/4.8.3-2014q1/bin/../lib/gcc/arm-none-eabi/4.8.3/../../../../arm-none-eabi/lib/libc.a(lib_a-__call_atexit.o)
 .ARM.attributes
                0x0000000000000b05       0x30 /Users/Arethusa/Library/Arduino15/packages/arduino/tools/arm-none-eabi-gcc/4.8.3-2014q1/bin/../lib/gcc/arm-none-eabi/4.8.3/../../../../arm-none-eabi/lib/libc.a(lib_a-atexit.o)
 .ARM.attributes
                0x0000000000000b35       0x30 /Users/Arethusa/Library/Arduino15/packages/arduino/tools/arm-none-eabi-gcc/4.8.3-2014q1/bin/../lib/gcc/arm-none-eabi/4.8.3/../../../../arm-none-eabi/lib/libc.a(lib_a-fini.o)
 .ARM.attributes
                0x0000000000000b65       0x30 /Users/Arethusa/Library/Arduino15/packages/arduino/tools/arm-none-eabi-gcc/4.8.3-2014q1/bin/../lib/gcc/arm-none-eabi/4.8.3/../../../../arm-none-eabi/lib/libc.a(lib_a-freer.o)
 .ARM.attributes
                0x0000000000000b95       0x30 /Users/Arethusa/Library/Arduino15/packages/arduino/tools/arm-none-eabi-gcc/4.8.3-2014q1/bin/../lib/gcc/arm-none-eabi/4.8.3/../../../../arm-none-eabi/lib/libc.a(lib_a-reent.o)
 .ARM.attributes
                0x0000000000000bc5       0x18 /Users/Arethusa/Library/Arduino15/packages/arduino/tools/arm-none-eabi-gcc/4.8.3-2014q1/bin/../lib/gcc/arm-none-eabi/4.8.3/crtn.o
OUTPUT(build/MXNucleoF401.elf elf32-littlearm)

.debug_info     0x0000000000000000    0x2376e
 .debug_info    0x0000000000000000      0x517 build/system_stm32f4xx.o
 .debug_info    0x0000000000000517      0x93f build/stm32f4xx_hal.o
 .debug_info    0x0000000000000e56      0xeee build/stm32f4xx_hal_adc.o
 .debug_info    0x0000000000001d44      0xeac build/stm32f4xx_hal_cortex.o
 .debug_info    0x0000000000002bf0      0x7a8 build/stm32f4xx_hal_gpio.o
 .debug_info    0x0000000000003398     0x171f build/stm32f4xx_hal_pcd.o
 .debug_info    0x0000000000004ab7      0x5d2 build/stm32f4xx_hal_pcd_ex.o
 .debug_info    0x0000000000005089      0xdd0 build/stm32f4xx_hal_rcc.o
 .debug_info    0x0000000000005e59     0x2b3c build/stm32f4xx_hal_sd.o
 .debug_info    0x0000000000008995     0x1776 build/stm32f4xx_hal_spi.o
 .debug_info    0x000000000000a10b     0x1340 build/stm32f4xx_hal_uart.o
 .debug_info    0x000000000000b44b      0x68d build/stm32f4xx_ll_sdmmc.o
 .debug_info    0x000000000000bad8     0x17d7 build/stm32f4xx_ll_usb.o
 .debug_info    0x000000000000d2af      0xde5 build/usbd_cdc.o
 .debug_info    0x000000000000e094      0xdc4 build/usbd_core.o
 .debug_info    0x000000000000ee58      0xcc1 build/usbd_ctlreq.o
 .debug_info    0x000000000000fb19      0x828 build/usbd_ioreq.o
 .debug_info    0x0000000000010341      0x8c1 build/sd_diskio.o
 .debug_info    0x0000000000010c02      0x426 build/ff_gen_drv.o
 .debug_info    0x0000000000011028      0xb25 build/adc.o
 .debug_info    0x0000000000011b4d     0x10fa build/bsp_driver_sd.o
 .debug_info    0x0000000000012c47      0x2cb build/fatfs.o
 .debug_info    0x0000000000012f12      0x4c9 build/gpio.o
 .debug_info    0x00000000000133db      0x8d3 build/main.o
 .debug_info    0x0000000000013cae      0xd9a build/sdio.o
 .debug_info    0x0000000000014a48      0xa64 build/spi.o
 .debug_info    0x00000000000154ac      0x2d3 build/stm32f4xx_hal_msp.o
 .debug_info    0x000000000001577f      0x58f build/stm32f4xx_it.o
 .debug_info    0x0000000000015d0e      0xa1a build/usart.o
 .debug_info    0x0000000000016728      0x709 build/usb_device.o
 .debug_info    0x0000000000016e31      0x7e7 build/usbd_cdc_if.o
 .debug_info    0x0000000000017618     0x1be6 build/usbd_conf.o
 .debug_info    0x00000000000191fe      0x538 build/usbd_desc.o
 .debug_info    0x0000000000019736      0x835 build/syscalls.o
 .debug_info    0x0000000000019f6b      0x3d3 build/wiring_digital.o
 .debug_info    0x000000000001a33e      0x199 build/new.o
 .debug_info    0x000000000001a4d7     0x2927 build/Print.o
 .debug_info    0x000000000001cdfe      0x1ee build/RingBuffer.o
 .debug_info    0x000000000001cfec     0x22e8 build/UARTClass.o
 .debug_info    0x000000000001f2d4     0x2032 build/USARTClass.o
 .debug_info    0x0000000000021306     0x2119 build/variant.o
 .debug_info    0x000000000002341f      0x2b9 build/sketch.o
 .debug_info    0x00000000000236d8       0x96 build/startup_stm32f401xe.o

.debug_abbrev   0x0000000000000000     0x5fec
 .debug_abbrev  0x0000000000000000      0x103 build/system_stm32f4xx.o
 .debug_abbrev  0x0000000000000103      0x29f build/stm32f4xx_hal.o
 .debug_abbrev  0x00000000000003a2      0x27c build/stm32f4xx_hal_adc.o
 .debug_abbrev  0x000000000000061e      0x2f8 build/stm32f4xx_hal_cortex.o
 .debug_abbrev  0x0000000000000916      0x200 build/stm32f4xx_hal_gpio.o
 .debug_abbrev  0x0000000000000b16      0x2f3 build/stm32f4xx_hal_pcd.o
 .debug_abbrev  0x0000000000000e09      0x16d build/stm32f4xx_hal_pcd_ex.o
 .debug_abbrev  0x0000000000000f76      0x33c build/stm32f4xx_hal_rcc.o
 .debug_abbrev  0x00000000000012b2      0x37d build/stm32f4xx_hal_sd.o
 .debug_abbrev  0x000000000000162f      0x33b build/stm32f4xx_hal_spi.o
 .debug_abbrev  0x000000000000196a      0x305 build/stm32f4xx_hal_uart.o
 .debug_abbrev  0x0000000000001c6f      0x19a build/stm32f4xx_ll_sdmmc.o
 .debug_abbrev  0x0000000000001e09      0x298 build/stm32f4xx_ll_usb.o
 .debug_abbrev  0x00000000000020a1      0x298 build/usbd_cdc.o
 .debug_abbrev  0x0000000000002339      0x2a3 build/usbd_core.o
 .debug_abbrev  0x00000000000025dc      0x2df build/usbd_ctlreq.o
 .debug_abbrev  0x00000000000028bb      0x15d build/usbd_ioreq.o
 .debug_abbrev  0x0000000000002a18      0x22a build/sd_diskio.o
 .debug_abbrev  0x0000000000002c42      0x195 build/ff_gen_drv.o
 .debug_abbrev  0x0000000000002dd7      0x1e2 build/adc.o
 .debug_abbrev  0x0000000000002fb9      0x2e9 build/bsp_driver_sd.o
 .debug_abbrev  0x00000000000032a2      0x13e build/fatfs.o
 .debug_abbrev  0x00000000000033e0      0x14a build/gpio.o
 .debug_abbrev  0x000000000000352a      0x1fc build/main.o
 .debug_abbrev  0x0000000000003726      0x1e3 build/sdio.o
 .debug_abbrev  0x0000000000003909      0x1d5 build/spi.o
 .debug_abbrev  0x0000000000003ade       0xd3 build/stm32f4xx_hal_msp.o
 .debug_abbrev  0x0000000000003bb1      0x193 build/stm32f4xx_it.o
 .debug_abbrev  0x0000000000003d44      0x1e3 build/usart.o
 .debug_abbrev  0x0000000000003f27      0x178 build/usb_device.o
 .debug_abbrev  0x000000000000409f      0x21c build/usbd_cdc_if.o
 .debug_abbrev  0x00000000000042bb      0x2d4 build/usbd_conf.o
 .debug_abbrev  0x000000000000458f      0x1c6 build/usbd_desc.o
 .debug_abbrev  0x0000000000004755      0x212 build/syscalls.o
 .debug_abbrev  0x0000000000004967      0x1d1 build/wiring_digital.o
 .debug_abbrev  0x0000000000004b38       0xd5 build/new.o
 .debug_abbrev  0x0000000000004c0d      0x496 build/Print.o
 .debug_abbrev  0x00000000000050a3      0x170 build/RingBuffer.o
 .debug_abbrev  0x0000000000005213      0x474 build/UARTClass.o
 .debug_abbrev  0x0000000000005687      0x3c1 build/USARTClass.o
 .debug_abbrev  0x0000000000005a48      0x4be build/variant.o
 .debug_abbrev  0x0000000000005f06       0xd4 build/sketch.o
 .debug_abbrev  0x0000000000005fda       0x12 build/startup_stm32f401xe.o

.debug_loc      0x0000000000000000     0xd990
 .debug_loc     0x0000000000000000       0xc4 build/system_stm32f4xx.o
 .debug_loc     0x00000000000000c4      0x10e build/stm32f4xx_hal.o
 .debug_loc     0x00000000000001d2      0x829 build/stm32f4xx_hal_adc.o
 .debug_loc     0x00000000000009fb      0x482 build/stm32f4xx_hal_cortex.o
 .debug_loc     0x0000000000000e7d      0x463 build/stm32f4xx_hal_gpio.o
 .debug_loc     0x00000000000012e0      0xc78 build/stm32f4xx_hal_pcd.o
 .debug_loc     0x0000000000001f58       0xf1 build/stm32f4xx_hal_pcd_ex.o
 .debug_loc     0x0000000000002049      0x7c3 build/stm32f4xx_hal_rcc.o
 .debug_loc     0x000000000000280c     0x2145 build/stm32f4xx_hal_sd.o
 .debug_loc     0x0000000000004951     0x1354 build/stm32f4xx_hal_spi.o
 .debug_loc     0x0000000000005ca5     0x10b2 build/stm32f4xx_hal_uart.o
 .debug_loc     0x0000000000006d57      0x3c7 build/stm32f4xx_ll_sdmmc.o
 .debug_loc     0x000000000000711e     0x1757 build/stm32f4xx_ll_usb.o
 .debug_loc     0x0000000000008875      0x597 build/usbd_cdc.o
 .debug_loc     0x0000000000008e0c      0x7de build/usbd_core.o
 .debug_loc     0x00000000000095ea      0x6f9 build/usbd_ctlreq.o
 .debug_loc     0x0000000000009ce3      0x2e4 build/usbd_ioreq.o
 .debug_loc     0x0000000000009fc7      0x3c9 build/sd_diskio.o
 .debug_loc     0x000000000000a390      0x255 build/ff_gen_drv.o
 .debug_loc     0x000000000000a5e5       0x8d build/adc.o
 .debug_loc     0x000000000000a672      0x3ff build/bsp_driver_sd.o
 .debug_loc     0x000000000000aa71       0x20 build/fatfs.o
 .debug_loc     0x000000000000aa91       0x2c build/gpio.o
 .debug_loc     0x000000000000aabd       0x4d build/main.o
 .debug_loc     0x000000000000ab0a       0x99 build/sdio.o
 .debug_loc     0x000000000000aba3       0x6d build/spi.o
 .debug_loc     0x000000000000ac10       0x20 build/stm32f4xx_hal_msp.o
 .debug_loc     0x000000000000ac30       0x20 build/stm32f4xx_it.o
 .debug_loc     0x000000000000ac50       0xab build/usart.o
 .debug_loc     0x000000000000acfb       0x20 build/usb_device.o
 .debug_loc     0x000000000000ad1b       0xcf build/usbd_cdc_if.o
 .debug_loc     0x000000000000adea      0x94a build/usbd_conf.o
 .debug_loc     0x000000000000b734      0x313 build/usbd_desc.o
 .debug_loc     0x000000000000ba47      0x569 build/syscalls.o
 .debug_loc     0x000000000000bfb0      0x106 build/wiring_digital.o
 .debug_loc     0x000000000000c0b6       0x84 build/new.o
 .debug_loc     0x000000000000c13a     0x120c build/Print.o
 .debug_loc     0x000000000000d346       0x1e build/RingBuffer.o
 .debug_loc     0x000000000000d364      0x2c7 build/UARTClass.o
 .debug_loc     0x000000000000d62b      0x212 build/USARTClass.o
 .debug_loc     0x000000000000d83d      0x153 build/variant.o

.debug_aranges  0x0000000000000000     0x14c0
 .debug_aranges
                0x0000000000000000       0x28 build/system_stm32f4xx.o
 .debug_aranges
                0x0000000000000028       0xc0 build/stm32f4xx_hal.o
 .debug_aranges
                0x00000000000000e8       0xe0 build/stm32f4xx_hal_adc.o
 .debug_aranges
                0x00000000000001c8       0x98 build/stm32f4xx_hal_cortex.o
 .debug_aranges
                0x0000000000000260       0x58 build/stm32f4xx_hal_gpio.o
 .debug_aranges
                0x00000000000002b8      0x118 build/stm32f4xx_hal_pcd.o
 .debug_aranges
                0x00000000000003d0       0x28 build/stm32f4xx_hal_pcd_ex.o
 .debug_aranges
                0x00000000000003f8       0x88 build/stm32f4xx_hal_rcc.o
 .debug_aranges
                0x0000000000000480      0x120 build/stm32f4xx_hal_sd.o
 .debug_aranges
                0x00000000000005a0      0x150 build/stm32f4xx_hal_spi.o
 .debug_aranges
                0x00000000000006f0      0x138 build/stm32f4xx_hal_uart.o
 .debug_aranges
                0x0000000000000828       0x80 build/stm32f4xx_ll_sdmmc.o
 .debug_aranges
                0x00000000000008a8      0x180 build/stm32f4xx_ll_usb.o
 .debug_aranges
                0x0000000000000a28       0x90 build/usbd_cdc.o
 .debug_aranges
                0x0000000000000ab8       0xb8 build/usbd_core.o
 .debug_aranges
                0x0000000000000b70       0x48 build/usbd_ctlreq.o
 .debug_aranges
                0x0000000000000bb8       0x50 build/usbd_ioreq.o
 .debug_aranges
                0x0000000000000c08       0x40 build/sd_diskio.o
 .debug_aranges
                0x0000000000000c48       0x40 build/ff_gen_drv.o
 .debug_aranges
                0x0000000000000c88       0x30 build/adc.o
 .debug_aranges
                0x0000000000000cb8       0x90 build/bsp_driver_sd.o
 .debug_aranges
                0x0000000000000d48       0x28 build/fatfs.o
 .debug_aranges
                0x0000000000000d70       0x20 build/gpio.o
 .debug_aranges
                0x0000000000000d90       0x38 build/main.o
 .debug_aranges
                0x0000000000000dc8       0x30 build/sdio.o
 .debug_aranges
                0x0000000000000df8       0x30 build/spi.o
 .debug_aranges
                0x0000000000000e28       0x20 build/stm32f4xx_hal_msp.o
 .debug_aranges
                0x0000000000000e48       0x28 build/stm32f4xx_it.o
 .debug_aranges
                0x0000000000000e70       0x38 build/usart.o
 .debug_aranges
                0x0000000000000ea8       0x20 build/usb_device.o
 .debug_aranges
                0x0000000000000ec8       0x40 build/usbd_cdc_if.o
 .debug_aranges
                0x0000000000000f08       0xf8 build/usbd_conf.o
 .debug_aranges
                0x0000000000001000       0x50 build/usbd_desc.o
 .debug_aranges
                0x0000000000001050       0xb8 build/syscalls.o
 .debug_aranges
                0x0000000000001108       0x30 build/wiring_digital.o
 .debug_aranges
                0x0000000000001138       0x38 build/new.o
 .debug_aranges
                0x0000000000001170      0x100 build/Print.o
 .debug_aranges
                0x0000000000001270       0x28 build/RingBuffer.o
 .debug_aranges
                0x0000000000001298       0xc8 build/UARTClass.o
 .debug_aranges
                0x0000000000001360       0x80 build/USARTClass.o
 .debug_aranges
                0x00000000000013e0       0x90 build/variant.o
 .debug_aranges
                0x0000000000001470       0x28 build/sketch.o
 .debug_aranges
                0x0000000000001498       0x28 build/startup_stm32f401xe.o

.debug_ranges   0x0000000000000000     0x1630
 .debug_ranges  0x0000000000000000       0x18 build/system_stm32f4xx.o
 .debug_ranges  0x0000000000000018       0xb0 build/stm32f4xx_hal.o
 .debug_ranges  0x00000000000000c8       0xd0 build/stm32f4xx_hal_adc.o
 .debug_ranges  0x0000000000000198       0xd8 build/stm32f4xx_hal_cortex.o
 .debug_ranges  0x0000000000000270       0x48 build/stm32f4xx_hal_gpio.o
 .debug_ranges  0x00000000000002b8      0x108 build/stm32f4xx_hal_pcd.o
 .debug_ranges  0x00000000000003c0       0x18 build/stm32f4xx_hal_pcd_ex.o
 .debug_ranges  0x00000000000003d8      0x170 build/stm32f4xx_hal_rcc.o
 .debug_ranges  0x0000000000000548      0x1c8 build/stm32f4xx_hal_sd.o
 .debug_ranges  0x0000000000000710      0x140 build/stm32f4xx_hal_spi.o
 .debug_ranges  0x0000000000000850      0x128 build/stm32f4xx_hal_uart.o
 .debug_ranges  0x0000000000000978       0x70 build/stm32f4xx_ll_sdmmc.o
 .debug_ranges  0x00000000000009e8      0x170 build/stm32f4xx_ll_usb.o
 .debug_ranges  0x0000000000000b58       0x80 build/usbd_cdc.o
 .debug_ranges  0x0000000000000bd8       0xa8 build/usbd_core.o
 .debug_ranges  0x0000000000000c80       0x38 build/usbd_ctlreq.o
 .debug_ranges  0x0000000000000cb8       0x40 build/usbd_ioreq.o
 .debug_ranges  0x0000000000000cf8       0x30 build/sd_diskio.o
 .debug_ranges  0x0000000000000d28       0x30 build/ff_gen_drv.o
 .debug_ranges  0x0000000000000d58       0x40 build/adc.o
 .debug_ranges  0x0000000000000d98       0x80 build/bsp_driver_sd.o
 .debug_ranges  0x0000000000000e18       0x18 build/fatfs.o
 .debug_ranges  0x0000000000000e30       0x28 build/gpio.o
 .debug_ranges  0x0000000000000e58       0x50 build/main.o
 .debug_ranges  0x0000000000000ea8       0x40 build/sdio.o
 .debug_ranges  0x0000000000000ee8       0x40 build/spi.o
 .debug_ranges  0x0000000000000f28       0x10 build/stm32f4xx_hal_msp.o
 .debug_ranges  0x0000000000000f38       0x18 build/stm32f4xx_it.o
 .debug_ranges  0x0000000000000f50       0x60 build/usart.o
 .debug_ranges  0x0000000000000fb0       0x10 build/usb_device.o
 .debug_ranges  0x0000000000000fc0       0x30 build/usbd_cdc_if.o
 .debug_ranges  0x0000000000000ff0      0x100 build/usbd_conf.o
 .debug_ranges  0x00000000000010f0       0xa0 build/usbd_desc.o
 .debug_ranges  0x0000000000001190       0xa8 build/syscalls.o
 .debug_ranges  0x0000000000001238       0x20 build/wiring_digital.o
 .debug_ranges  0x0000000000001258       0x28 build/new.o
 .debug_ranges  0x0000000000001280      0x1a0 build/Print.o
 .debug_ranges  0x0000000000001420       0x18 build/RingBuffer.o
 .debug_ranges  0x0000000000001438       0xb8 build/UARTClass.o
 .debug_ranges  0x00000000000014f0       0x70 build/USARTClass.o
 .debug_ranges  0x0000000000001560       0x98 build/variant.o
 .debug_ranges  0x00000000000015f8       0x18 build/sketch.o
 .debug_ranges  0x0000000000001610       0x20 build/startup_stm32f401xe.o

.debug_line     0x0000000000000000     0xa079
 .debug_line    0x0000000000000000      0x20e build/system_stm32f4xx.o
 .debug_line    0x000000000000020e      0x3d2 build/stm32f4xx_hal.o
 .debug_line    0x00000000000005e0      0x6c1 build/stm32f4xx_hal_adc.o
 .debug_line    0x0000000000000ca1      0x3fc build/stm32f4xx_hal_cortex.o
 .debug_line    0x000000000000109d      0x3ae build/stm32f4xx_hal_gpio.o
 .debug_line    0x000000000000144b      0x75a build/stm32f4xx_hal_pcd.o
 .debug_line    0x0000000000001ba5      0x25f build/stm32f4xx_hal_pcd_ex.o
 .debug_line    0x0000000000001e04      0x5fa build/stm32f4xx_hal_rcc.o
 .debug_line    0x00000000000023fe      0xba7 build/stm32f4xx_hal_sd.o
 .debug_line    0x0000000000002fa5      0xbbc build/stm32f4xx_hal_spi.o
 .debug_line    0x0000000000003b61      0x9cf build/stm32f4xx_hal_uart.o
 .debug_line    0x0000000000004530      0x332 build/stm32f4xx_ll_sdmmc.o
 .debug_line    0x0000000000004862      0x7ee build/stm32f4xx_ll_usb.o
 .debug_line    0x0000000000005050      0x3e0 build/usbd_cdc.o
 .debug_line    0x0000000000005430      0x3ac build/usbd_core.o
 .debug_line    0x00000000000057dc      0x2d2 build/usbd_ctlreq.o
 .debug_line    0x0000000000005aae      0x233 build/usbd_ioreq.o
 .debug_line    0x0000000000005ce1      0x271 build/sd_diskio.o
 .debug_line    0x0000000000005f52      0x215 build/ff_gen_drv.o
 .debug_line    0x0000000000006167      0x274 build/adc.o
 .debug_line    0x00000000000063db      0x33b build/bsp_driver_sd.o
 .debug_line    0x0000000000006716      0x1b0 build/fatfs.o
 .debug_line    0x00000000000068c6      0x1ef build/gpio.o
 .debug_line    0x0000000000006ab5      0x2f8 build/main.o
 .debug_line    0x0000000000006dad      0x290 build/sdio.o
 .debug_line    0x000000000000703d      0x265 build/spi.o
 .debug_line    0x00000000000072a2      0x1e9 build/stm32f4xx_hal_msp.o
 .debug_line    0x000000000000748b      0x24b build/stm32f4xx_it.o
 .debug_line    0x00000000000076d6      0x293 build/usart.o
 .debug_line    0x0000000000007969      0x1bd build/usb_device.o
 .debug_line    0x0000000000007b26      0x1db build/usbd_cdc_if.o
 .debug_line    0x0000000000007d01      0x4bf build/usbd_conf.o
 .debug_line    0x00000000000081c0      0x203 build/usbd_desc.o
 .debug_line    0x00000000000083c3      0x297 build/syscalls.o
 .debug_line    0x000000000000865a      0x24a build/wiring_digital.o
 .debug_line    0x00000000000088a4      0x17e build/new.o
 .debug_line    0x0000000000008a22      0x54b build/Print.o
 .debug_line    0x0000000000008f6d      0x184 build/RingBuffer.o
 .debug_line    0x00000000000090f1      0x4c0 build/UARTClass.o
 .debug_line    0x00000000000095b1      0x3f4 build/USARTClass.o
 .debug_line    0x00000000000099a5      0x4a5 build/variant.o
 .debug_line    0x0000000000009e4a      0x1bb build/sketch.o
 .debug_line    0x000000000000a005       0x74 build/startup_stm32f401xe.o

.debug_str      0x0000000000000000     0x6e3c
 .debug_str     0x0000000000000000      0x37b build/system_stm32f4xx.o
                                        0x3db (size before relaxing)
 .debug_str     0x000000000000037b      0x66e build/stm32f4xx_hal.o
                                        0x97a (size before relaxing)
 .debug_str     0x00000000000009e9      0x7d0 build/stm32f4xx_hal_adc.o
                                        0xb2a (size before relaxing)
 .debug_str     0x00000000000011b9      0x31d build/stm32f4xx_hal_cortex.o
                                        0xac0 (size before relaxing)
 .debug_str     0x00000000000014d6      0x1bd build/stm32f4xx_hal_gpio.o
                                        0x52f (size before relaxing)
 .debug_str     0x0000000000001693      0x98b build/stm32f4xx_hal_pcd.o
                                        0xc32 (size before relaxing)
 .debug_str     0x000000000000201e       0x6f build/stm32f4xx_hal_pcd_ex.o
                                        0x5bb (size before relaxing)
 .debug_str     0x000000000000208d      0x2ae build/stm32f4xx_hal_rcc.o
                                        0x70a (size before relaxing)
 .debug_str     0x000000000000233b      0xf37 build/stm32f4xx_hal_sd.o
                                       0x14c3 (size before relaxing)
 .debug_str     0x0000000000003272      0x516 build/stm32f4xx_hal_spi.o
                                        0xabc (size before relaxing)
 .debug_str     0x0000000000003788      0x451 build/stm32f4xx_hal_uart.o
                                        0xaab (size before relaxing)
 .debug_str     0x0000000000003bd9       0xc9 build/stm32f4xx_ll_sdmmc.o
                                        0x518 (size before relaxing)
 .debug_str     0x0000000000003ca2      0x3ad build/stm32f4xx_ll_usb.o
                                        0xbdf (size before relaxing)
 .debug_str     0x000000000000404f      0x622 build/usbd_cdc.o
                                        0x908 (size before relaxing)
 .debug_str     0x0000000000004671      0x28a build/usbd_core.o
                                        0x880 (size before relaxing)
 .debug_str     0x00000000000048fb      0x122 build/usbd_ctlreq.o
                                        0x79a (size before relaxing)
 .debug_str     0x0000000000004a1d       0x4e build/usbd_ioreq.o
                                        0x6c7 (size before relaxing)
 .debug_str     0x0000000000004a6b      0x172 build/sd_diskio.o
                                        0x68f (size before relaxing)