Archive member included because of file (symbol)

/Users/Arethusa/Library/Arduino15/packages/arduino/tools/arm-none-eabi-gcc/4.8.3-2014q1/bin/../lib/gcc/arm-none-eabi/4.8.3/armv7e-m/libgcc.a(_lshrdi3.o)
                              Debug/stm32f1xx_hal_flash.o (__aeabi_llsr)
/Users/Arethusa/Library/Arduino15/packages/arduino/tools/arm-none-eabi-gcc/4.8.3-2014q1/bin/../lib/gcc/arm-none-eabi/4.8.3/armv7e-m/libgcc.a(_arm_addsubdf3.o)
                              Debug/Print.o (__aeabi_dsub)
/Users/Arethusa/Library/Arduino15/packages/arduino/tools/arm-none-eabi-gcc/4.8.3-2014q1/bin/../lib/gcc/arm-none-eabi/4.8.3/armv7e-m/libgcc.a(_arm_muldivdf3.o)
                              Debug/Print.o (__aeabi_dmul)
/Users/Arethusa/Library/Arduino15/packages/arduino/tools/arm-none-eabi-gcc/4.8.3-2014q1/bin/../lib/gcc/arm-none-eabi/4.8.3/armv7e-m/libgcc.a(_arm_cmpdf2.o)
                              Debug/Print.o (__aeabi_dcmplt)
/Users/Arethusa/Library/Arduino15/packages/arduino/tools/arm-none-eabi-gcc/4.8.3-2014q1/bin/../lib/gcc/arm-none-eabi/4.8.3/armv7e-m/libgcc.a(_arm_fixdfsi.o)
                              Debug/Print.o (__aeabi_d2iz)
/Users/Arethusa/Library/Arduino15/packages/arduino/tools/arm-none-eabi-gcc/4.8.3-2014q1/bin/../lib/gcc/arm-none-eabi/4.8.3/armv7e-m/libgcc.a(_arm_fixunsdfsi.o)
                              Debug/Print.o (__aeabi_d2uiz)
/Users/Arethusa/Library/Arduino15/packages/arduino/tools/arm-none-eabi-gcc/4.8.3-2014q1/bin/../lib/gcc/arm-none-eabi/4.8.3/armv7e-m/libgcc.a(_arm_truncdfsf2.o)
                              Debug/WString.o (__aeabi_d2f)
/Users/Arethusa/Library/Arduino15/packages/arduino/tools/arm-none-eabi-gcc/4.8.3-2014q1/bin/../lib/gcc/arm-none-eabi/4.8.3/../../../../arm-none-eabi/lib/armv7e-m/libstdc++.a(pure.o)
                              Debug/Print.o (__cxa_pure_virtual)
/Users/Arethusa/Library/Arduino15/packages/arduino/tools/arm-none-eabi-gcc/4.8.3-2014q1/bin/../lib/gcc/arm-none-eabi/4.8.3/../../../../arm-none-eabi/lib/armv7e-m/libstdc++.a(eh_terminate.o)
                              /Users/Arethusa/Library/Arduino15/packages/arduino/tools/arm-none-eabi-gcc/4.8.3-2014q1/bin/../lib/gcc/arm-none-eabi/4.8.3/../../../../arm-none-eabi/lib/armv7e-m/libstdc++.a(pure.o) (std::terminate())
/Users/Arethusa/Library/Arduino15/packages/arduino/tools/arm-none-eabi-gcc/4.8.3-2014q1/bin/../lib/gcc/arm-none-eabi/4.8.3/../../../../arm-none-eabi/lib/armv7e-m/libstdc++.a(eh_unex_handler.o)
                              /Users/Arethusa/Library/Arduino15/packages/arduino/tools/arm-none-eabi-gcc/4.8.3-2014q1/bin/../lib/gcc/arm-none-eabi/4.8.3/../../../../arm-none-eabi/lib/armv7e-m/libstdc++.a(eh_terminate.o) (__cxxabiv1::__unexpected_handler)
/Users/Arethusa/Library/Arduino15/packages/arduino/tools/arm-none-eabi-gcc/4.8.3-2014q1/bin/../lib/gcc/arm-none-eabi/4.8.3/../../../../arm-none-eabi/lib/armv7e-m/libstdc++.a(eh_arm.o)
                              /Users/Arethusa/Library/Arduino15/packages/arduino/tools/arm-none-eabi-gcc/4.8.3-2014q1/bin/../lib/gcc/arm-none-eabi/4.8.3/../../../../arm-none-eabi/lib/armv7e-m/libstdc++.a(eh_terminate.o) (__cxa_end_cleanup)
/Users/Arethusa/Library/Arduino15/packages/arduino/tools/arm-none-eabi-gcc/4.8.3-2014q1/bin/../lib/gcc/arm-none-eabi/4.8.3/../../../../arm-none-eabi/lib/armv7e-m/libstdc++.a(eh_call.o)
                              /Users/Arethusa/Library/Arduino15/packages/arduino/tools/arm-none-eabi-gcc/4.8.3-2014q1/bin/../lib/gcc/arm-none-eabi/4.8.3/../../../../arm-none-eabi/lib/armv7e-m/libstdc++.a(eh_terminate.o) (__cxa_call_unexpected)
/Users/Arethusa/Library/Arduino15/packages/arduino/tools/arm-none-eabi-gcc/4.8.3-2014q1/bin/../lib/gcc/arm-none-eabi/4.8.3/../../../../arm-none-eabi/lib/armv7e-m/libstdc++.a(eh_catch.o)
                              /Users/Arethusa/Library/Arduino15/packages/arduino/tools/arm-none-eabi-gcc/4.8.3-2014q1/bin/../lib/gcc/arm-none-eabi/4.8.3/../../../../arm-none-eabi/lib/armv7e-m/libstdc++.a(eh_terminate.o) (__cxa_begin_catch)
/Users/Arethusa/Library/Arduino15/packages/arduino/tools/arm-none-eabi-gcc/4.8.3-2014q1/bin/../lib/gcc/arm-none-eabi/4.8.3/../../../../arm-none-eabi/lib/armv7e-m/libstdc++.a(eh_exception.o)
                              /Users/Arethusa/Library/Arduino15/packages/arduino/tools/arm-none-eabi-gcc/4.8.3-2014q1/bin/../lib/gcc/arm-none-eabi/4.8.3/../../../../arm-none-eabi/lib/armv7e-m/libstdc++.a(eh_call.o) (std::bad_exception::~bad_exception())
/Users/Arethusa/Library/Arduino15/packages/arduino/tools/arm-none-eabi-gcc/4.8.3-2014q1/bin/../lib/gcc/arm-none-eabi/4.8.3/../../../../arm-none-eabi/lib/armv7e-m/libstdc++.a(eh_globals.o)
                              /Users/Arethusa/Library/Arduino15/packages/arduino/tools/arm-none-eabi-gcc/4.8.3-2014q1/bin/../lib/gcc/arm-none-eabi/4.8.3/../../../../arm-none-eabi/lib/armv7e-m/libstdc++.a(eh_call.o) (__cxa_get_globals_fast)
[...]
Memory Configuration

Name             Origin             Length             Attributes
FLASH            0x0000000008000000 0x0000000000020000 xr
RAM              0x0000000020000000 0x0000000000005000 xrw
*default*        0x0000000000000000 0xffffffffffffffff

Linker script and memory map

LOAD /Users/Arethusa/Library/Arduino15/packages/arduino/tools/arm-none-eabi-gcc/4.8.3-2014q1/bin/../lib/gcc/arm-none-eabi/4.8.3/armv7e-m/crti.o
LOAD /Users/Arethusa/Library/Arduino15/packages/arduino/tools/arm-none-eabi-gcc/4.8.3-2014q1/bin/../lib/gcc/arm-none-eabi/4.8.3/armv7e-m/crtbegin.o
LOAD /Users/Arethusa/Library/Arduino15/packages/arduino/tools/arm-none-eabi-gcc/4.8.3-2014q1/bin/../lib/gcc/arm-none-eabi/4.8.3/../../../../arm-none-eabi/lib/armv7e-m/crt0.o
LOAD Debug/system_stm32f1xx.o
LOAD Debug/stm32f1xx_hal.o
LOAD Debug/stm32f1xx_hal_adc.o
LOAD Debug/stm32f1xx_hal_adc_ex.o
LOAD Debug/stm32f1xx_hal_cortex.o
LOAD Debug/stm32f1xx_hal_dma.o
LOAD Debug/stm32f1xx_hal_flash.o
LOAD Debug/stm32f1xx_hal_flash_ex.o
LOAD Debug/stm32f1xx_hal_gpio.o
LOAD Debug/stm32f1xx_hal_pwr.o
LOAD Debug/stm32f1xx_hal_rcc.o
LOAD Debug/stm32f1xx_hal_rcc_ex.o
LOAD Debug/stm32f1xx_hal_uart.o
LOAD Debug/adc.o
LOAD Debug/gpio.o
LOAD Debug/main.o
LOAD Debug/stm32f1xx_hal_msp.o
LOAD Debug/stm32f1xx_it.o
LOAD Debug/usart.o
LOAD Debug/itoa.o
LOAD Debug/syscalls.o
LOAD Debug/wiring_digital.o
LOAD Debug/wiring_shift.o
LOAD Debug/wiring.o
LOAD Debug/dtostrf.o
LOAD Debug/usbd_cdc.o
LOAD Debug/usbd_core.o
LOAD Debug/usbd_ctlreq.o
LOAD Debug/usbd_ioreq.o
LOAD Debug/new.o
LOAD Debug/Print.o
LOAD Debug/RingBuffer.o
LOAD Debug/UARTClass.o
LOAD Debug/USARTClass.o
LOAD Debug/WMath.o
LOAD Debug/WString.o
LOAD Debug/variant.o
LOAD Debug/sketch.o
LOAD Debug/startup_stm32f103xb.o
LOAD /Users/Arethusa/Library/Arduino15/packages/arduino/tools/arm-none-eabi-gcc/4.8.3-2014q1/bin/../lib/gcc/arm-none-eabi/4.8.3/armv7e-m/libgcc.a
LOAD /Users/Arethusa/Library/Arduino15/packages/arduino/tools/arm-none-eabi-gcc/4.8.3-2014q1/bin/../lib/gcc/arm-none-eabi/4.8.3/../../../../arm-none-eabi/lib/armv7e-m/libstdc++.a
LOAD /Users/Arethusa/Library/Arduino15/packages/arduino/tools/arm-none-eabi-gcc/4.8.3-2014q1/bin/../lib/gcc/arm-none-eabi/4.8.3/../../../../arm-none-eabi/lib/armv7e-m/libm.a
START GROUP
LOAD /Users/Arethusa/Library/Arduino15/packages/arduino/tools/arm-none-eabi-gcc/4.8.3-2014q1/bin/../lib/gcc/arm-none-eabi/4.8.3/armv7e-m/libgcc.a
LOAD /Users/Arethusa/Library/Arduino15/packages/arduino/tools/arm-none-eabi-gcc/4.8.3-2014q1/bin/../lib/gcc/arm-none-eabi/4.8.3/../../../../arm-none-eabi/lib/armv7e-m/libc.a
END GROUP
LOAD /Users/Arethusa/Library/Arduino15/packages/arduino/tools/arm-none-eabi-gcc/4.8.3-2014q1/bin/../lib/gcc/arm-none-eabi/4.8.3/armv7e-m/crtend.o
LOAD /Users/Arethusa/Library/Arduino15/packages/arduino/tools/arm-none-eabi-gcc/4.8.3-2014q1/bin/../lib/gcc/arm-none-eabi/4.8.3/armv7e-m/crtn.o
                0x0000000020005000                _estack = 0x20005000
                0x0000000000002a78                _Min_Heap_Size = 0x2a78
                0x0000000000000e20                _Min_Stack_Size = 0xe20

.isr_vector     0x0000000008000000      0x10c
                0x0000000008000000                . = ALIGN (0x4)
 *(.isr_vector)
 .isr_vector    0x0000000008000000      0x10c Debug/startup_stm32f103xb.o
                0x0000000008000000                g_pfnVectors
                0x000000000800010c                . = ALIGN (0x4)

.text           0x000000000800010c     0x227c
                0x000000000800010c                . = ALIGN (0x4)
 *(.text)
 .text          0x000000000800010c       0x54 /Users/Arethusa/Library/Arduino15/packages/arduino/tools/arm-none-eabi-gcc/4.8.3-2014q1/bin/../lib/gcc/arm-none-eabi/4.8.3/armv7e-m/crtbegin.o
 *(.text*)
 .text.SystemInit
                0x0000000008000160       0x4c Debug/system_stm32f1xx.o
                0x0000000008000160                SystemInit
 .text.HAL_InitTick
                0x00000000080001ac       0x24 Debug/stm32f1xx_hal.o
                0x00000000080001ac                HAL_InitTick
 .text.HAL_Init
                0x00000000080001d0       0x24 Debug/stm32f1xx_hal.o
                0x00000000080001d0                HAL_Init
 .text.HAL_IncTick
                0x00000000080001f4       0x10 Debug/stm32f1xx_hal.o
                0x00000000080001f4                HAL_IncTick
 .text.HAL_GetTick
                0x0000000008000204        0xc Debug/stm32f1xx_hal.o
                0x0000000008000204                HAL_GetTick
 .text.HAL_Delay
                0x0000000008000210       0x1a Debug/stm32f1xx_hal.o
                0x0000000008000210                HAL_Delay
 *fill*         0x000000000800022a        0x2 
 .text.HAL_ADC_ConfigChannel
                0x000000000800022c      0x198 Debug/stm32f1xx_hal_adc.o
                0x000000000800022c                HAL_ADC_ConfigChannel
 .text.ADC_ConversionStop_Disable
                0x00000000080003c4       0x44 Debug/stm32f1xx_hal_adc.o
                0x00000000080003c4                ADC_ConversionStop_Disable
 .text.HAL_ADC_Init
                0x0000000008000408      0x138 Debug/stm32f1xx_hal_adc.o
                0x0000000008000408                HAL_ADC_Init
 .text.HAL_NVIC_SetPriorityGrouping
                0x0000000008000540       0x24 Debug/stm32f1xx_hal_cortex.o
                0x0000000008000540                HAL_NVIC_SetPriorityGrouping
 .text.HAL_NVIC_SetPriority
                0x0000000008000564       0x64 Debug/stm32f1xx_hal_cortex.o
                0x0000000008000564                HAL_NVIC_SetPriority
 .text.HAL_SYSTICK_Config
                0x00000000080005c8       0x2c Debug/stm32f1xx_hal_cortex.o
                0x00000000080005c8                HAL_SYSTICK_Config
 .text.HAL_SYSTICK_CLKSourceConfig
                0x00000000080005f4       0x18 Debug/stm32f1xx_hal_cortex.o
                0x00000000080005f4                HAL_SYSTICK_CLKSourceConfig
 .text.HAL_SYSTICK_Callback
                0x000000000800060c        0x2 Debug/stm32f1xx_hal_cortex.o
                0x000000000800060c                HAL_SYSTICK_Callback
 .text.HAL_SYSTICK_IRQHandler
                0x000000000800060e        0x8 Debug/stm32f1xx_hal_cortex.o
                0x000000000800060e                HAL_SYSTICK_IRQHandler
 *fill*         0x0000000008000616        0x2 
 .text.HAL_GPIO_Init
                0x0000000008000618      0x19c Debug/stm32f1xx_hal_gpio.o
                0x0000000008000618                HAL_GPIO_Init
 .text.HAL_GPIO_WritePin
                0x00000000080007b4        0x8 Debug/stm32f1xx_hal_gpio.o
                0x00000000080007b4                HAL_GPIO_WritePin
 .text.HAL_RCC_OscConfig
                0x00000000080007bc      0x4dc Debug/stm32f1xx_hal_rcc.o
                0x00000000080007bc                HAL_RCC_OscConfig
 .text.HAL_RCC_GetSysClockFreq
                0x0000000008000c98       0x94 Debug/stm32f1xx_hal_rcc.o
                0x0000000008000c98                HAL_RCC_GetSysClockFreq
 .text.HAL_RCC_ClockConfig
                0x0000000008000d2c      0x17c Debug/stm32f1xx_hal_rcc.o
                0x0000000008000d2c                HAL_RCC_ClockConfig
 .text.HAL_RCC_GetHCLKFreq
                0x0000000008000ea8        0xc Debug/stm32f1xx_hal_rcc.o
                0x0000000008000ea8                HAL_RCC_GetHCLKFreq
 .text.HAL_RCC_GetPCLK1Freq
                0x0000000008000eb4       0x30 Debug/stm32f1xx_hal_rcc.o
                0x0000000008000eb4                HAL_RCC_GetPCLK1Freq
 .text.HAL_RCC_GetPCLK2Freq
                0x0000000008000ee4       0x30 Debug/stm32f1xx_hal_rcc.o
                0x0000000008000ee4                HAL_RCC_GetPCLK2Freq
 .text.HAL_RCCEx_PeriphCLKConfig
                0x0000000008000f14      0x11c Debug/stm32f1xx_hal_rcc_ex.o
                0x0000000008000f14                HAL_RCCEx_PeriphCLKConfig
 .text.UART_SetConfig
                0x0000000008001030      0x130 Debug/stm32f1xx_hal_uart.o
 .text.HAL_UART_Init
                0x0000000008001160       0x58 Debug/stm32f1xx_hal_uart.o
                0x0000000008001160                HAL_UART_Init
 .text.HAL_UART_Transmit_IT
                0x00000000080011b8       0x54 Debug/stm32f1xx_hal_uart.o
                0x00000000080011b8                HAL_UART_Transmit_IT
 .text.HAL_UART_Receive_IT
                0x000000000800120c       0x64 Debug/stm32f1xx_hal_uart.o
                0x000000000800120c                HAL_UART_Receive_IT
 .text.MX_ADC1_Init
                0x0000000008001270       0x48 Debug/adc.o
                0x0000000008001270                MX_ADC1_Init
 .text.HAL_ADC_MspInit
                0x00000000080012b8       0x40 Debug/adc.o
                0x00000000080012b8                HAL_ADC_MspInit
 .text.MX_GPIO_Init
                0x00000000080012f8       0x98 Debug/gpio.o
                0x00000000080012f8                MX_GPIO_Init
 .text.init     0x0000000008001390        0x2 Debug/main.o
                0x0000000008001390                init
 .text.initVariant
                0x0000000008001392        0x2 Debug/main.o
                0x0000000008001392                initVariant
 .text.SystemClock_Config
                0x0000000008001394       0x82 Debug/main.o
                0x0000000008001394                SystemClock_Config
 .text.startup.main
                0x0000000008001416       0x44 Debug/main.o
                0x0000000008001416                main
 .text.Error_Handler
                0x000000000800145a        0x2 Debug/main.o
                0x000000000800145a                Error_Handler
 .text.HAL_MspInit
                0x000000000800145c       0x8c Debug/stm32f1xx_hal_msp.o
                0x000000000800145c                HAL_MspInit
 .text.SysTick_Handler
                0x00000000080014e8        0xe Debug/stm32f1xx_it.o
                0x00000000080014e8                SysTick_Handler
 *fill*         0x00000000080014f6        0x2 
 .text.USB_LP_CAN1_RX0_IRQHandler
                0x00000000080014f8        0xc Debug/stm32f1xx_it.o
                0x00000000080014f8                USB_LP_CAN1_RX0_IRQHandler
 .text.MX_USART1_UART_Init
                0x0000000008001504       0x38 Debug/usart.o
                0x0000000008001504                MX_USART1_UART_Init
 .text.MX_USART2_UART_Init
                0x000000000800153c       0x38 Debug/usart.o
                0x000000000800153c                MX_USART2_UART_Init
 .text.MX_USART3_UART_Init
                0x0000000008001574       0x38 Debug/usart.o
                0x0000000008001574                MX_USART3_UART_Init
 .text.HAL_UART_MspInit
                0x00000000080015ac       0xe8 Debug/usart.o
                0x00000000080015ac                HAL_UART_MspInit
 .text._sbrk    0x0000000008001694       0x40 Debug/syscalls.o
                0x0000000008001694                _sbrk
 .text.pinMode  0x00000000080016d4       0x48 Debug/wiring_digital.o
                0x00000000080016d4                pinMode
 .text.digitalWrite
                0x000000000800171c       0x20 Debug/wiring_digital.o
                0x000000000800171c                digitalWrite
 .text._ZN5Print5writeEPKhj
                0x000000000800173c       0x22 Debug/Print.o
                0x000000000800173c                Print::write(unsigned char const*, unsigned int)
 .text._ZN9UARTClasscvbEv
                0x000000000800175e        0x4 Debug/UARTClass.o
                0x000000000800175e                UARTClass::operator bool()
 *fill*         0x0000000008001762        0x2 
 .text._ZN9UARTClass3endEv
                0x0000000008001764       0x34 Debug/UARTClass.o
                0x0000000008001764                UARTClass::end()
 .text._ZN9UARTClass9availableEv
                0x0000000008001798       0x10 Debug/UARTClass.o
                0x0000000008001798                UARTClass::available()
 .text._ZN9UARTClass4peekEv
                0x00000000080017a8       0x22 Debug/UARTClass.o
                0x00000000080017a8                UARTClass::peek()
 .text._ZN9UARTClass4readEv
                0x00000000080017ca       0x34 Debug/UARTClass.o
                0x00000000080017ca                UARTClass::read()
 .text._ZN9UARTClass5flushEv
                0x00000000080017fe       0x12 Debug/UARTClass.o
                0x00000000080017fe                UARTClass::flush()
 .text._ZN9UARTClass5writeEh
                0x0000000008001810       0x3c Debug/UARTClass.o
                0x0000000008001810                UARTClass::write(unsigned char)
 .text._ZN9UARTClassC2EP18UART_HandleTypeDef9IRQn_TypemP13USART_TypeDef
                0x000000000800184c       0x4c Debug/UARTClass.o
                0x000000000800184c                UARTClass::UARTClass(UART_HandleTypeDef*, IRQn_Type, unsigned long, USART_TypeDef*)
                0x000000000800184c                UARTClass::UARTClass(UART_HandleTypeDef*, IRQn_Type, unsigned long, USART_TypeDef*)
 .text._ZN9UARTClass4initEmm
                0x0000000008001898       0x5c Debug/UARTClass.o
                0x0000000008001898                UARTClass::init(unsigned long, unsigned long)
 .text._ZN9UARTClass5beginEm
                0x00000000080018f4        0x6 Debug/UARTClass.o
                0x00000000080018f4                UARTClass::begin(unsigned long)
 *fill*         0x00000000080018fa        0x2 
 .text.startup._GLOBAL__sub_I_g_Pin2PortMapArray
                0x00000000080018fc       0x5c Debug/variant.o
 .text.setup    0x0000000008001958        0x8 Debug/sketch.o
                0x0000000008001958                setup
 .text.loop     0x0000000008001960       0x26 Debug/sketch.o
                0x0000000008001960                loop
 *fill*         0x0000000008001986        0x2 
 .text.Reset_Handler
                0x0000000008001988       0x50 Debug/startup_stm32f103xb.o
                0x0000000008001988                Reset_Handler
 .text.Default_Handler
                0x00000000080019d8        0x4 Debug/startup_stm32f103xb.o
                0x00000000080019d8                USBWakeUp_IRQHandler
                0x00000000080019d8                EXTI2_IRQHandler
                0x00000000080019d8                DebugMon_Handler
                0x00000000080019d8                TIM1_CC_IRQHandler
                0x00000000080019d8                HardFault_Handler
                0x00000000080019d8                PVD_IRQHandler
                0x00000000080019d8                PendSV_Handler
                0x00000000080019d8                NMI_Handler
                0x00000000080019d8                EXTI3_IRQHandler
                0x00000000080019d8                EXTI0_IRQHandler
                0x00000000080019d8                I2C2_EV_IRQHandler
                0x00000000080019d8                UsageFault_Handler
                0x00000000080019d8                ADC1_2_IRQHandler
                0x00000000080019d8                SPI1_IRQHandler
                0x00000000080019d8                TAMPER_IRQHandler
                0x00000000080019d8                DMA1_Channel4_IRQHandler
                0x00000000080019d8                USART3_IRQHandler
                0x00000000080019d8                RTC_IRQHandler
                0x00000000080019d8                DMA1_Channel7_IRQHandler
                0x00000000080019d8                CAN1_RX1_IRQHandler
                0x00000000080019d8                TIM4_IRQHandler
                0x00000000080019d8                I2C1_EV_IRQHandler
                0x00000000080019d8                DMA1_Channel6_IRQHandler
                0x00000000080019d8                TIM3_IRQHandler
                0x00000000080019d8                RCC_IRQHandler
                0x00000000080019d8                TIM1_TRG_COM_IRQHandler
                0x00000000080019d8                DMA1_Channel1_IRQHandler
                0x00000000080019d8                Default_Handler
                0x00000000080019d8                EXTI15_10_IRQHandler
                0x00000000080019d8                EXTI9_5_IRQHandler
                0x00000000080019d8                SPI2_IRQHandler
                0x00000000080019d8                MemManage_Handler
                0x00000000080019d8                SVC_Handler
                0x00000000080019d8                DMA1_Channel5_IRQHandler
                0x00000000080019d8                EXTI4_IRQHandler
                0x00000000080019d8                USB_HP_CAN1_TX_IRQHandler
                0x00000000080019d8                DMA1_Channel3_IRQHandler
                0x00000000080019d8                TIM1_UP_IRQHandler
                0x00000000080019d8                WWDG_IRQHandler
                0x00000000080019d8                TIM2_IRQHandler
                0x00000000080019d8                TIM1_BRK_IRQHandler
                0x00000000080019d8                EXTI1_IRQHandler
                0x00000000080019d8                USART2_IRQHandler
                0x00000000080019d8                I2C2_ER_IRQHandler
                0x00000000080019d8                DMA1_Channel2_IRQHandler
                0x00000000080019d8                CAN1_SCE_IRQHandler
                0x00000000080019d8                FLASH_IRQHandler
                0x00000000080019d8                BusFault_Handler
                0x00000000080019d8                USART1_IRQHandler
                0x00000000080019d8                I2C1_ER_IRQHandler
                0x00000000080019d8                RTC_Alarm_IRQHandler
 .text.__errno  0x00000000080019dc        0xc /Users/Arethusa/Library/Arduino15/packages/arduino/tools/arm-none-eabi-gcc/4.8.3-2014q1/bin/../lib/gcc/arm-none-eabi/4.8.3/../../../../arm-none-eabi/lib/armv7e-m/libc.a(lib_a-errno.o)
                0x00000000080019dc                __errno
 .text.__libc_init_array
                0x00000000080019e8       0x50 /Users/Arethusa/Library/Arduino15/packages/arduino/tools/arm-none-eabi-gcc/4.8.3-2014q1/bin/../lib/gcc/arm-none-eabi/4.8.3/../../../../arm-none-eabi/lib/armv7e-m/libc.a(lib_a-init.o)
                0x00000000080019e8                __libc_init_array
 .text.malloc   0x0000000008001a38       0x10 /Users/Arethusa/Library/Arduino15/packages/arduino/tools/arm-none-eabi-gcc/4.8.3-2014q1/bin/../lib/gcc/arm-none-eabi/4.8.3/../../../../arm-none-eabi/lib/armv7e-m/libc.a(lib_a-malloc.o)
                0x0000000008001a38                malloc
 .text._malloc_r
                0x0000000008001a48      0x538 /Users/Arethusa/Library/Arduino15/packages/arduino/tools/arm-none-eabi-gcc/4.8.3-2014q1/bin/../lib/gcc/arm-none-eabi/4.8.3/../../../../arm-none-eabi/lib/armv7e-m/libc.a(lib_a-mallocr.o)
                0x0000000008001a48                _malloc_r
 .text.memset   0x0000000008001f80       0x94 /Users/Arethusa/Library/Arduino15/packages/arduino/tools/arm-none-eabi-gcc/4.8.3-2014q1/bin/../lib/gcc/arm-none-eabi/4.8.3/../../../../arm-none-eabi/lib/armv7e-m/libc.a(lib_a-memset.o)
                0x0000000008001f80                memset
 .text.__malloc_lock
                0x0000000008002014        0x4 /Users/Arethusa/Library/Arduino15/packages/arduino/tools/arm-none-eabi-gcc/4.8.3-2014q1/bin/../lib/gcc/arm-none-eabi/4.8.3/../../../../arm-none-eabi/lib/armv7e-m/libc.a(lib_a-mlock.o)
                0x0000000008002014                __malloc_lock
 .text.__malloc_unlock
                0x0000000008002018        0x4 /Users/Arethusa/Library/Arduino15/packages/arduino/tools/arm-none-eabi-gcc/4.8.3-2014q1/bin/../lib/gcc/arm-none-eabi/4.8.3/../../../../arm-none-eabi/lib/armv7e-m/libc.a(lib_a-mlock.o)
                0x0000000008002018                __malloc_unlock
 .text._sbrk_r  0x000000000800201c       0x24 /Users/Arethusa/Library/Arduino15/packages/arduino/tools/arm-none-eabi-gcc/4.8.3-2014q1/bin/../lib/gcc/arm-none-eabi/4.8.3/../../../../arm-none-eabi/lib/armv7e-m/libc.a(lib_a-sbrkr.o)
                0x000000000800201c                _sbrk_r
 .text.startup.register_fini
                0x0000000008002040       0x14 /Users/Arethusa/Library/Arduino15/packages/arduino/tools/arm-none-eabi-gcc/4.8.3-2014q1/bin/../lib/gcc/arm-none-eabi/4.8.3/../../../../arm-none-eabi/lib/armv7e-m/libc.a(lib_a-__call_atexit.o)
 .text.atexit   0x0000000008002054        0xc /Users/Arethusa/Library/Arduino15/packages/arduino/tools/arm-none-eabi-gcc/4.8.3-2014q1/bin/../lib/gcc/arm-none-eabi/4.8.3/../../../../arm-none-eabi/lib/armv7e-m/libc.a(lib_a-atexit.o)
                0x0000000008002054                atexit
 .text.__libc_fini_array
                0x0000000008002060       0x30 /Users/Arethusa/Library/Arduino15/packages/arduino/tools/arm-none-eabi-gcc/4.8.3-2014q1/bin/../lib/gcc/arm-none-eabi/4.8.3/../../../../arm-none-eabi/lib/armv7e-m/libc.a(lib_a-fini.o)
                0x0000000008002060                __libc_fini_array
 .text._malloc_trim_r
                0x0000000008002090       0x9c /Users/Arethusa/Library/Arduino15/packages/arduino/tools/arm-none-eabi-gcc/4.8.3-2014q1/bin/../lib/gcc/arm-none-eabi/4.8.3/../../../../arm-none-eabi/lib/armv7e-m/libc.a(lib_a-freer.o)
                0x0000000008002090                _malloc_trim_r
 .text._free_r  0x000000000800212c      0x19c /Users/Arethusa/Library/Arduino15/packages/arduino/tools/arm-none-eabi-gcc/4.8.3-2014q1/bin/../lib/gcc/arm-none-eabi/4.8.3/../../../../arm-none-eabi/lib/armv7e-m/libc.a(lib_a-freer.o)
                0x000000000800212c                _free_r
 .text.__register_exitproc
                0x00000000080022c8       0xa8 /Users/Arethusa/Library/Arduino15/packages/arduino/tools/arm-none-eabi-gcc/4.8.3-2014q1/bin/../lib/gcc/arm-none-eabi/4.8.3/../../../../arm-none-eabi/lib/armv7e-m/libc.a(lib_a-__atexit.o)
                0x00000000080022c8                __register_exitproc
 *(.glue_7)
 .glue_7        0x0000000000000000        0x0 linker stubs
 *(.glue_7t)
 .glue_7t       0x0000000000000000        0x0 linker stubs
 *(.eh_frame)
 .eh_frame      0x0000000008002370        0x0 /Users/Arethusa/Library/Arduino15/packages/arduino/tools/arm-none-eabi-gcc/4.8.3-2014q1/bin/../lib/gcc/arm-none-eabi/4.8.3/armv7e-m/crtbegin.o
 *(.init)
 .init          0x0000000008002370        0x4 /Users/Arethusa/Library/Arduino15/packages/arduino/tools/arm-none-eabi-gcc/4.8.3-2014q1/bin/../lib/gcc/arm-none-eabi/4.8.3/armv7e-m/crti.o
                0x0000000008002370                _init
 .init          0x0000000008002374        0x8 /Users/Arethusa/Library/Arduino15/packages/arduino/tools/arm-none-eabi-gcc/4.8.3-2014q1/bin/../lib/gcc/arm-none-eabi/4.8.3/armv7e-m/crtn.o
 *(.fini)
 .fini          0x000000000800237c        0x4 /Users/Arethusa/Library/Arduino15/packages/arduino/tools/arm-none-eabi-gcc/4.8.3-2014q1/bin/../lib/gcc/arm-none-eabi/4.8.3/armv7e-m/crti.o
                0x000000000800237c                _fini
 .fini          0x0000000008002380        0x8 /Users/Arethusa/Library/Arduino15/packages/arduino/tools/arm-none-eabi-gcc/4.8.3-2014q1/bin/../lib/gcc/arm-none-eabi/4.8.3/armv7e-m/crtn.o
                0x0000000008002388                . = ALIGN (0x4)
                0x0000000008002388                _etext = .

.vfp11_veneer   0x0000000008002388        0x0
 .vfp11_veneer  0x0000000000000000        0x0 linker stubs

.v4_bx          0x0000000008002388        0x0
 .v4_bx         0x0000000000000000        0x0 linker stubs

.iplt           0x0000000008002388        0x0
 .iplt          0x0000000000000000        0x0 /Users/Arethusa/Library/Arduino15/packages/arduino/tools/arm-none-eabi-gcc/4.8.3-2014q1/bin/../lib/gcc/arm-none-eabi/4.8.3/armv7e-m/crtbegin.o

.rodata         0x0000000008002388      0x400
                0x0000000008002388                . = ALIGN (0x4)
 *(.rodata)
 .rodata        0x0000000008002388       0x12 Debug/stm32f1xx_hal_rcc.o
 *(.rodata*)
 .rodata.AHBPrescTable
                0x000000000800239a       0x10 Debug/system_stm32f1xx.o
                0x000000000800239a                AHBPrescTable
 .rodata.APBPrescTable
                0x00000000080023aa        0x8 Debug/system_stm32f1xx.o
                0x00000000080023aa                APBPrescTable
 *fill*         0x00000000080023b2        0x6 
 .rodata._ZTV9UARTClass
                0x00000000080023b8       0x30 Debug/UARTClass.o
                0x00000000080023b8                vtable for UARTClass
 .rodata.g_Pin2PortMapArray
                0x00000000080023e8      0x398 Debug/variant.o
                0x00000000080023e8                g_Pin2PortMapArray
 .rodata.str1.4
                0x0000000008002780        0x4 /Users/Arethusa/Library/Arduino15/packages/arduino/tools/arm-none-eabi-gcc/4.8.3-2014q1/bin/../lib/gcc/arm-none-eabi/4.8.3/../../../../arm-none-eabi/lib/armv7e-m/libc.a(lib_a-impure.o)
 .rodata._global_impure_ptr
                0x0000000008002784        0x4 /Users/Arethusa/Library/Arduino15/packages/arduino/tools/arm-none-eabi-gcc/4.8.3-2014q1/bin/../lib/gcc/arm-none-eabi/4.8.3/../../../../arm-none-eabi/lib/armv7e-m/libc.a(lib_a-impure.o)
                0x0000000008002784                _global_impure_ptr
                0x0000000008002788                . = ALIGN (0x4)

.rel.dyn        0x0000000008002788        0x0
 .rel.iplt      0x0000000000000000        0x0 /Users/Arethusa/Library/Arduino15/packages/arduino/tools/arm-none-eabi-gcc/4.8.3-2014q1/bin/../lib/gcc/arm-none-eabi/4.8.3/armv7e-m/crtbegin.o

.ARM.extab
 *(.ARM.extab* .gnu.linkonce.armextab.*)

.ARM            0x0000000008002788        0x0
                0x0000000008002788                __exidx_start = .
 *(.ARM.exidx*)
                0x0000000008002788                __exidx_end = .

.preinit_array  0x0000000008002788        0x0
                0x0000000008002788                PROVIDE (__preinit_array_start, .)
 *(.preinit_array*)
                0x0000000008002788                PROVIDE (__preinit_array_end, .)

.init_array     0x0000000008002788        0xc
                0x0000000008002788                PROVIDE (__init_array_start, .)
 *(SORT(.init_array.*))
 .init_array.00000
                0x0000000008002788        0x4 /Users/Arethusa/Library/Arduino15/packages/arduino/tools/arm-none-eabi-gcc/4.8.3-2014q1/bin/../lib/gcc/arm-none-eabi/4.8.3/../../../../arm-none-eabi/lib/armv7e-m/libc.a(lib_a-__call_atexit.o)
 *(.init_array*)
 .init_array    0x000000000800278c        0x4 /Users/Arethusa/Library/Arduino15/packages/arduino/tools/arm-none-eabi-gcc/4.8.3-2014q1/bin/../lib/gcc/arm-none-eabi/4.8.3/armv7e-m/crtbegin.o
 .init_array    0x0000000008002790        0x4 Debug/variant.o
                0x0000000008002794                PROVIDE (__init_array_end, .)

.fini_array     0x0000000008002794        0x4
                0x0000000008002794                PROVIDE (__fini_array_start, .)
 *(SORT(.fini_array.*))
 *(.fini_array*)
 .fini_array    0x0000000008002794        0x4 /Users/Arethusa/Library/Arduino15/packages/arduino/tools/arm-none-eabi-gcc/4.8.3-2014q1/bin/../lib/gcc/arm-none-eabi/4.8.3/armv7e-m/crtbegin.o
                0x0000000008002798                PROVIDE (__fini_array_end, .)
                0x0000000008002798                _sidata = LOADADDR (.data)

.data           0x0000000020000000      0x844 load address 0x0000000008002798
                0x0000000020000000                . = ALIGN (0x4)
                0x0000000020000000                _sdata = .
 *(.data)
 *(.data*)
 .data.SystemCoreClock
                0x0000000020000000        0x4 Debug/system_stm32f1xx.o
                0x0000000020000000                SystemCoreClock
 *fill*         0x0000000020000004        0x4 
 .data.impure_data
                0x0000000020000008      0x428 /Users/Arethusa/Library/Arduino15/packages/arduino/tools/arm-none-eabi-gcc/4.8.3-2014q1/bin/../lib/gcc/arm-none-eabi/4.8.3/../../../../arm-none-eabi/lib/armv7e-m/libc.a(lib_a-impure.o)
 .data._impure_ptr
                0x0000000020000430        0x4 /Users/Arethusa/Library/Arduino15/packages/arduino/tools/arm-none-eabi-gcc/4.8.3-2014q1/bin/../lib/gcc/arm-none-eabi/4.8.3/../../../../arm-none-eabi/lib/armv7e-m/libc.a(lib_a-impure.o)
                0x0000000020000430                _impure_ptr
 .data.__malloc_av_
                0x0000000020000434      0x408 /Users/Arethusa/Library/Arduino15/packages/arduino/tools/arm-none-eabi-gcc/4.8.3-2014q1/bin/../lib/gcc/arm-none-eabi/4.8.3/../../../../arm-none-eabi/lib/armv7e-m/libc.a(lib_a-mallocr.o)
                0x0000000020000434                __malloc_av_
 .data.__malloc_trim_threshold
                0x000000002000083c        0x4 /Users/Arethusa/Library/Arduino15/packages/arduino/tools/arm-none-eabi-gcc/4.8.3-2014q1/bin/../lib/gcc/arm-none-eabi/4.8.3/../../../../arm-none-eabi/lib/armv7e-m/libc.a(lib_a-mallocr.o)
                0x000000002000083c                __malloc_trim_threshold
 .data.__malloc_sbrk_base
                0x0000000020000840        0x4 /Users/Arethusa/Library/Arduino15/packages/arduino/tools/arm-none-eabi-gcc/4.8.3-2014q1/bin/../lib/gcc/arm-none-eabi/4.8.3/../../../../arm-none-eabi/lib/armv7e-m/libc.a(lib_a-mallocr.o)
                0x0000000020000840                __malloc_sbrk_base
                0x0000000020000844                . = ALIGN (0x4)
                0x0000000020000844                _edata = .

.jcr            0x0000000020000844        0x0 load address 0x0000000008002fdc
 .jcr           0x0000000020000844        0x0 /Users/Arethusa/Library/Arduino15/packages/arduino/tools/arm-none-eabi-gcc/4.8.3-2014q1/bin/../lib/gcc/arm-none-eabi/4.8.3/armv7e-m/crtbegin.o

.igot.plt       0x0000000020000844        0x0 load address 0x0000000008002fdc
 .igot.plt      0x0000000000000000        0x0 /Users/Arethusa/Library/Arduino15/packages/arduino/tools/arm-none-eabi-gcc/4.8.3-2014q1/bin/../lib/gcc/arm-none-eabi/4.8.3/armv7e-m/crtbegin.o
                0x0000000020000844                . = ALIGN (0x4)

.bss            0x0000000020000844      0x4d0 load address 0x0000000008002fdc
                0x0000000020000844                _sbss = .
                0x0000000020000844                __bss_start__ = _sbss
 *(.bss)
 .bss           0x0000000020000844       0x1c /Users/Arethusa/Library/Arduino15/packages/arduino/tools/arm-none-eabi-gcc/4.8.3-2014q1/bin/../lib/gcc/arm-none-eabi/4.8.3/armv7e-m/crtbegin.o
 *(.bss*)
 .bss.uwTick    0x0000000020000860        0x4 Debug/stm32f1xx_hal.o
 .bss.heap_end.5591
                0x0000000020000864        0x4 Debug/syscalls.o
 .bss.Serial1   0x0000000020000868      0x12c Debug/variant.o
                0x0000000020000868                Serial1
 .bss.Serial2   0x0000000020000994      0x12c Debug/variant.o
                0x0000000020000994                Serial2
 .bss.Serial3   0x0000000020000ac0      0x12c Debug/variant.o
                0x0000000020000ac0                Serial3
 .bss.__malloc_max_total_mem
                0x0000000020000bec        0x4 /Users/Arethusa/Library/Arduino15/packages/arduino/tools/arm-none-eabi-gcc/4.8.3-2014q1/bin/../lib/gcc/arm-none-eabi/4.8.3/../../../../arm-none-eabi/lib/armv7e-m/libc.a(lib_a-mallocr.o)
                0x0000000020000bec                __malloc_max_total_mem
 .bss.__malloc_max_sbrked_mem
                0x0000000020000bf0        0x4 /Users/Arethusa/Library/Arduino15/packages/arduino/tools/arm-none-eabi-gcc/4.8.3-2014q1/bin/../lib/gcc/arm-none-eabi/4.8.3/../../../../arm-none-eabi/lib/armv7e-m/libc.a(lib_a-mallocr.o)
                0x0000000020000bf0                __malloc_max_sbrked_mem
 .bss.__malloc_top_pad
                0x0000000020000bf4        0x4 /Users/Arethusa/Library/Arduino15/packages/arduino/tools/arm-none-eabi-gcc/4.8.3-2014q1/bin/../lib/gcc/arm-none-eabi/4.8.3/../../../../arm-none-eabi/lib/armv7e-m/libc.a(lib_a-mallocr.o)
                0x0000000020000bf4                __malloc_top_pad
 .bss.__malloc_current_mallinfo
                0x0000000020000bf8       0x28 /Users/Arethusa/Library/Arduino15/packages/arduino/tools/arm-none-eabi-gcc/4.8.3-2014q1/bin/../lib/gcc/arm-none-eabi/4.8.3/../../../../arm-none-eabi/lib/armv7e-m/libc.a(lib_a-mallocr.o)
                0x0000000020000bf8                __malloc_current_mallinfo
 *(COMMON)
 COMMON         0x0000000020000c20       0x30 Debug/adc.o
                0x0000000020000c20                hadc1
 COMMON         0x0000000020000c50       0xc0 Debug/usart.o
                0x0000000020000c50                huart3
                0x0000000020000c90                huart1
                0x0000000020000cd0                huart2
 COMMON         0x0000000020000d10        0x4 /Users/Arethusa/Library/Arduino15/packages/arduino/tools/arm-none-eabi-gcc/4.8.3-2014q1/bin/../lib/gcc/arm-none-eabi/4.8.3/../../../../arm-none-eabi/lib/armv7e-m/libc.a(lib_a-reent.o)
                0x0000000020000d10                errno
                0x0000000020000d14                . = ALIGN (0x4)
                0x0000000020000d14                _ebss = .
                0x0000000020000d14                __bss_end__ = _ebss

._user_heap_stack
                0x0000000020000d14     0x389c load address 0x0000000008002fdc
                0x0000000020000d18                . = ALIGN (0x8)
 *fill*         0x0000000020000d14        0x4 
                0x0000000020000d18                PROVIDE (end, .)
                0x0000000020000d18                PROVIDE (_end, .)
                0x0000000020003790                . = (. + _Min_Heap_Size)
 *fill*         0x0000000020000d18     0x2a78 
                0x00000000200045b0                . = (. + _Min_Stack_Size)
 *fill*         0x0000000020003790      0xe20 
                0x00000000200045b0                . = ALIGN (0x8)

/DISCARD/
 libc.a(*)
 libm.a(*)
 libgcc.a(*)

.ARM.attributes
                0x0000000000000000       0x2a
 *(.ARM.attributes)
 .ARM.attributes
                0x0000000000000000       0x1e /Users/Arethusa/Library/Arduino15/packages/arduino/tools/arm-none-eabi-gcc/4.8.3-2014q1/bin/../lib/gcc/arm-none-eabi/4.8.3/armv7e-m/crti.o
 .ARM.attributes
                0x000000000000001e       0x2e /Users/Arethusa/Library/Arduino15/packages/arduino/tools/arm-none-eabi-gcc/4.8.3-2014q1/bin/../lib/gcc/arm-none-eabi/4.8.3/armv7e-m/crtbegin.o
 .ARM.attributes
                0x000000000000004c       0x33 Debug/system_stm32f1xx.o
 .ARM.attributes
                0x000000000000007f       0x33 Debug/stm32f1xx_hal.o
 .ARM.attributes
                0x00000000000000b2       0x33 Debug/stm32f1xx_hal_adc.o
 .ARM.attributes
                0x00000000000000e5       0x33 Debug/stm32f1xx_hal_cortex.o
 .ARM.attributes
                0x0000000000000118       0x33 Debug/stm32f1xx_hal_gpio.o
 .ARM.attributes
                0x000000000000014b       0x33 Debug/stm32f1xx_hal_rcc.o
 .ARM.attributes
                0x000000000000017e       0x33 Debug/stm32f1xx_hal_rcc_ex.o
 .ARM.attributes
                0x00000000000001b1       0x33 Debug/stm32f1xx_hal_uart.o
 .ARM.attributes
                0x00000000000001e4       0x33 Debug/adc.o
 .ARM.attributes
                0x0000000000000217       0x33 Debug/gpio.o
 .ARM.attributes
                0x000000000000024a       0x33 Debug/main.o
 .ARM.attributes
                0x000000000000027d       0x33 Debug/stm32f1xx_hal_msp.o
 .ARM.attributes
                0x00000000000002b0       0x33 Debug/stm32f1xx_it.o
 .ARM.attributes
                0x00000000000002e3       0x33 Debug/usart.o
 .ARM.attributes
                0x0000000000000316       0x33 Debug/syscalls.o
 .ARM.attributes
                0x0000000000000349       0x33 Debug/wiring_digital.o
 .ARM.attributes
                0x000000000000037c       0x33 Debug/Print.o
 .ARM.attributes
                0x00000000000003af       0x33 Debug/UARTClass.o
 .ARM.attributes
                0x00000000000003e2       0x33 Debug/variant.o
 .ARM.attributes
                0x0000000000000415       0x33 Debug/sketch.o
 .ARM.attributes
                0x0000000000000448       0x21 Debug/startup_stm32f103xb.o
 .ARM.attributes
                0x0000000000000469       0x2e /Users/Arethusa/Library/Arduino15/packages/arduino/tools/arm-none-eabi-gcc/4.8.3-2014q1/bin/../lib/gcc/arm-none-eabi/4.8.3/../../../../arm-none-eabi/lib/armv7e-m/libc.a(lib_a-errno.o)
 .ARM.attributes
                0x0000000000000497       0x2e /Users/Arethusa/Library/Arduino15/packages/arduino/tools/arm-none-eabi-gcc/4.8.3-2014q1/bin/../lib/gcc/arm-none-eabi/4.8.3/../../../../arm-none-eabi/lib/armv7e-m/libc.a(lib_a-impure.o)
 .ARM.attributes
                0x00000000000004c5       0x2e /Users/Arethusa/Library/Arduino15/packages/arduino/tools/arm-none-eabi-gcc/4.8.3-2014q1/bin/../lib/gcc/arm-none-eabi/4.8.3/../../../../arm-none-eabi/lib/armv7e-m/libc.a(lib_a-init.o)
 .ARM.attributes
                0x00000000000004f3       0x2e /Users/Arethusa/Library/Arduino15/packages/arduino/tools/arm-none-eabi-gcc/4.8.3-2014q1/bin/../lib/gcc/arm-none-eabi/4.8.3/../../../../arm-none-eabi/lib/armv7e-m/libc.a(lib_a-malloc.o)
 .ARM.attributes
                0x0000000000000521       0x2e /Users/Arethusa/Library/Arduino15/packages/arduino/tools/arm-none-eabi-gcc/4.8.3-2014q1/bin/../lib/gcc/arm-none-eabi/4.8.3/../../../../arm-none-eabi/lib/armv7e-m/libc.a(lib_a-mallocr.o)
 .ARM.attributes
                0x000000000000054f       0x2e /Users/Arethusa/Library/Arduino15/packages/arduino/tools/arm-none-eabi-gcc/4.8.3-2014q1/bin/../lib/gcc/arm-none-eabi/4.8.3/../../../../arm-none-eabi/lib/armv7e-m/libc.a(lib_a-memset.o)
 .ARM.attributes
                0x000000000000057d       0x2e /Users/Arethusa/Library/Arduino15/packages/arduino/tools/arm-none-eabi-gcc/4.8.3-2014q1/bin/../lib/gcc/arm-none-eabi/4.8.3/../../../../arm-none-eabi/lib/armv7e-m/libc.a(lib_a-mlock.o)
 .ARM.attributes
                0x00000000000005ab       0x2e /Users/Arethusa/Library/Arduino15/packages/arduino/tools/arm-none-eabi-gcc/4.8.3-2014q1/bin/../lib/gcc/arm-none-eabi/4.8.3/../../../../arm-none-eabi/lib/armv7e-m/libc.a(lib_a-sbrkr.o)
 .ARM.attributes
                0x00000000000005d9       0x2e /Users/Arethusa/Library/Arduino15/packages/arduino/tools/arm-none-eabi-gcc/4.8.3-2014q1/bin/../lib/gcc/arm-none-eabi/4.8.3/../../../../arm-none-eabi/lib/armv7e-m/libc.a(lib_a-__call_atexit.o)
 .ARM.attributes
                0x0000000000000607       0x2e /Users/Arethusa/Library/Arduino15/packages/arduino/tools/arm-none-eabi-gcc/4.8.3-2014q1/bin/../lib/gcc/arm-none-eabi/4.8.3/../../../../arm-none-eabi/lib/armv7e-m/libc.a(lib_a-atexit.o)
 .ARM.attributes
                0x0000000000000635       0x2e /Users/Arethusa/Library/Arduino15/packages/arduino/tools/arm-none-eabi-gcc/4.8.3-2014q1/bin/../lib/gcc/arm-none-eabi/4.8.3/../../../../arm-none-eabi/lib/armv7e-m/libc.a(lib_a-fini.o)
 .ARM.attributes
                0x0000000000000663       0x2e /Users/Arethusa/Library/Arduino15/packages/arduino/tools/arm-none-eabi-gcc/4.8.3-2014q1/bin/../lib/gcc/arm-none-eabi/4.8.3/../../../../arm-none-eabi/lib/armv7e-m/libc.a(lib_a-freer.o)
 .ARM.attributes
                0x0000000000000691       0x2e /Users/Arethusa/Library/Arduino15/packages/arduino/tools/arm-none-eabi-gcc/4.8.3-2014q1/bin/../lib/gcc/arm-none-eabi/4.8.3/../../../../arm-none-eabi/lib/armv7e-m/libc.a(lib_a-reent.o)
 .ARM.attributes
                0x00000000000006bf       0x2e /Users/Arethusa/Library/Arduino15/packages/arduino/tools/arm-none-eabi-gcc/4.8.3-2014q1/bin/../lib/gcc/arm-none-eabi/4.8.3/../../../../arm-none-eabi/lib/armv7e-m/libc.a(lib_a-__atexit.o)
 .ARM.attributes
                0x00000000000006ed       0x1e /Users/Arethusa/Library/Arduino15/packages/arduino/tools/arm-none-eabi-gcc/4.8.3-2014q1/bin/../lib/gcc/arm-none-eabi/4.8.3/armv7e-m/crtn.o
OUTPUT(Debug/MXNucleoF103.elf elf32-littlearm)

.debug_info     0x0000000000000000     0xf66e
 .debug_info    0x0000000000000000      0x40b Debug/system_stm32f1xx.o
 .debug_info    0x000000000000040b      0x7ab Debug/stm32f1xx_hal.o
 .debug_info    0x0000000000000bb6     0x119f Debug/stm32f1xx_hal_adc.o
 .debug_info    0x0000000000001d55      0xd19 Debug/stm32f1xx_hal_cortex.o
 .debug_info    0x0000000000002a6e      0x662 Debug/stm32f1xx_hal_gpio.o
 .debug_info    0x00000000000030d0     0x13a7 Debug/stm32f1xx_hal_rcc.o
 .debug_info    0x0000000000004477      0x5f1 Debug/stm32f1xx_hal_rcc_ex.o
 .debug_info    0x0000000000004a68     0x120d Debug/stm32f1xx_hal_uart.o
 .debug_info    0x0000000000005c75      0x86c Debug/adc.o
 .debug_info    0x00000000000064e1      0x397 Debug/gpio.o
 .debug_info    0x0000000000006878     0x146b Debug/main.o
 .debug_info    0x0000000000007ce3      0x4d9 Debug/stm32f1xx_hal_msp.o
 .debug_info    0x00000000000081bc      0x5cc Debug/stm32f1xx_it.o
 .debug_info    0x0000000000008788      0x96a Debug/usart.o
 .debug_info    0x00000000000090f2      0x835 Debug/syscalls.o
 .debug_info    0x0000000000009927      0x448 Debug/wiring_digital.o
 .debug_info    0x0000000000009d6f     0x23fa Debug/Print.o
 .debug_info    0x000000000000c169     0x26d9 Debug/UARTClass.o
 .debug_info    0x000000000000e842      0xa1e Debug/variant.o
 .debug_info    0x000000000000f260      0x342 Debug/sketch.o
 .debug_info    0x000000000000f5a2       0xcc Debug/startup_stm32f103xb.o

.debug_abbrev   0x0000000000000000     0x2eb1
 .debug_abbrev  0x0000000000000000      0x122 Debug/system_stm32f1xx.o
 .debug_abbrev  0x0000000000000122      0x257 Debug/stm32f1xx_hal.o
 .debug_abbrev  0x0000000000000379      0x31d Debug/stm32f1xx_hal_adc.o
 .debug_abbrev  0x0000000000000696      0x2b7 Debug/stm32f1xx_hal_cortex.o
 .debug_abbrev  0x000000000000094d      0x1fe Debug/stm32f1xx_hal_gpio.o
 .debug_abbrev  0x0000000000000b4b      0x360 Debug/stm32f1xx_hal_rcc.o
 .debug_abbrev  0x0000000000000eab      0x256 Debug/stm32f1xx_hal_rcc_ex.o
 .debug_abbrev  0x0000000000001101      0x2e3 Debug/stm32f1xx_hal_uart.o
 .debug_abbrev  0x00000000000013e4      0x1ec Debug/adc.o
 .debug_abbrev  0x00000000000015d0      0x15f Debug/gpio.o
 .debug_abbrev  0x000000000000172f      0x2a9 Debug/main.o
 .debug_abbrev  0x00000000000019d8      0x132 Debug/stm32f1xx_hal_msp.o
 .debug_abbrev  0x0000000000001b0a      0x182 Debug/stm32f1xx_it.o
 .debug_abbrev  0x0000000000001c8c      0x1fe Debug/usart.o
 .debug_abbrev  0x0000000000001e8a      0x212 Debug/syscalls.o
 .debug_abbrev  0x000000000000209c      0x1d7 Debug/wiring_digital.o
 .debug_abbrev  0x0000000000002273      0x40b Debug/Print.o
 .debug_abbrev  0x000000000000267e      0x503 Debug/UARTClass.o
 .debug_abbrev  0x0000000000002b81      0x234 Debug/variant.o
 .debug_abbrev  0x0000000000002db5       0xea Debug/sketch.o
 .debug_abbrev  0x0000000000002e9f       0x12 Debug/startup_stm32f103xb.o

.debug_loc      0x0000000000000000     0x5719
 .debug_loc     0x0000000000000000       0xab Debug/system_stm32f1xx.o
 .debug_loc     0x00000000000000ab       0xfb Debug/stm32f1xx_hal.o
 .debug_loc     0x00000000000001a6      0xd21 Debug/stm32f1xx_hal_adc.o
 .debug_loc     0x0000000000000ec7      0x482 Debug/stm32f1xx_hal_cortex.o
 .debug_loc     0x0000000000001349      0x3b5 Debug/stm32f1xx_hal_gpio.o
 .debug_loc     0x00000000000016fe      0xb4a Debug/stm32f1xx_hal_rcc.o
 .debug_loc     0x0000000000002248      0x41c Debug/stm32f1xx_hal_rcc_ex.o
 .debug_loc     0x0000000000002664      0xffe Debug/stm32f1xx_hal_uart.o
 .debug_loc     0x0000000000003662       0x99 Debug/adc.o
 .debug_loc     0x00000000000036fb       0x2c Debug/gpio.o
 .debug_loc     0x0000000000003727      0x117 Debug/main.o
 .debug_loc     0x000000000000383e       0x20 Debug/stm32f1xx_hal_msp.o
 .debug_loc     0x000000000000385e       0x20 Debug/stm32f1xx_it.o
 .debug_loc     0x000000000000387e      0x13d Debug/usart.o
 .debug_loc     0x00000000000039bb      0x569 Debug/syscalls.o
 .debug_loc     0x0000000000003f24      0x106 Debug/wiring_digital.o
 .debug_loc     0x000000000000402a     0x11e3 Debug/Print.o
 .debug_loc     0x000000000000520d      0x50c Debug/UARTClass.o

.debug_aranges  0x0000000000000000      0x900
 .debug_aranges
                0x0000000000000000       0x28 Debug/system_stm32f1xx.o
 .debug_aranges
                0x0000000000000028       0xb0 Debug/stm32f1xx_hal.o
 .debug_aranges
                0x00000000000000d8       0xf0 Debug/stm32f1xx_hal_adc.o
 .debug_aranges
                0x00000000000001c8       0x90 Debug/stm32f1xx_hal_cortex.o
 .debug_aranges
                0x0000000000000258       0x58 Debug/stm32f1xx_hal_gpio.o
 .debug_aranges
                0x00000000000002b0       0x88 Debug/stm32f1xx_hal_rcc.o
 .debug_aranges
                0x0000000000000338       0x30 Debug/stm32f1xx_hal_rcc_ex.o
 .debug_aranges
                0x0000000000000368      0x138 Debug/stm32f1xx_hal_uart.o
 .debug_aranges
                0x00000000000004a0       0x30 Debug/adc.o
 .debug_aranges
                0x00000000000004d0       0x20 Debug/gpio.o
 .debug_aranges
                0x00000000000004f0       0x70 Debug/main.o
 .debug_aranges
                0x0000000000000560       0x20 Debug/stm32f1xx_hal_msp.o
 .debug_aranges
                0x0000000000000580       0x28 Debug/stm32f1xx_it.o
 .debug_aranges
                0x00000000000005a8       0x40 Debug/usart.o
 .debug_aranges
                0x00000000000005e8       0xb8 Debug/syscalls.o
 .debug_aranges
                0x00000000000006a0       0x30 Debug/wiring_digital.o
 .debug_aranges
                0x00000000000006d0       0xf0 Debug/Print.o
 .debug_aranges
                0x00000000000007c0       0xa0 Debug/UARTClass.o
 .debug_aranges
                0x0000000000000860       0x50 Debug/variant.o
 .debug_aranges
                0x00000000000008b0       0x28 Debug/sketch.o
 .debug_aranges
                0x00000000000008d8       0x28 Debug/startup_stm32f103xb.o

.debug_ranges   0x0000000000000000      0xc60
 .debug_ranges  0x0000000000000000       0x18 Debug/system_stm32f1xx.o
 .debug_ranges  0x0000000000000018       0xa0 Debug/stm32f1xx_hal.o
 .debug_ranges  0x00000000000000b8      0x158 Debug/stm32f1xx_hal_adc.o
 .debug_ranges  0x0000000000000210       0xd0 Debug/stm32f1xx_hal_cortex.o
 .debug_ranges  0x00000000000002e0       0x60 Debug/stm32f1xx_hal_gpio.o
 .debug_ranges  0x0000000000000340      0x1d0 Debug/stm32f1xx_hal_rcc.o
 .debug_ranges  0x0000000000000510       0x50 Debug/stm32f1xx_hal_rcc_ex.o
 .debug_ranges  0x0000000000000560      0x128 Debug/stm32f1xx_hal_uart.o
 .debug_ranges  0x0000000000000688       0x38 Debug/adc.o
 .debug_ranges  0x00000000000006c0       0x38 Debug/gpio.o
 .debug_ranges  0x00000000000006f8       0x60 Debug/main.o
 .debug_ranges  0x0000000000000758       0x30 Debug/stm32f1xx_hal_msp.o
 .debug_ranges  0x0000000000000788       0x18 Debug/stm32f1xx_it.o
 .debug_ranges  0x00000000000007a0       0x60 Debug/usart.o
 .debug_ranges  0x0000000000000800       0xa8 Debug/syscalls.o
 .debug_ranges  0x00000000000008a8       0x20 Debug/wiring_digital.o
 .debug_ranges  0x00000000000008c8      0x190 Debug/Print.o
 .debug_ranges  0x0000000000000a58      0x190 Debug/UARTClass.o
 .debug_ranges  0x0000000000000be8       0x40 Debug/variant.o
 .debug_ranges  0x0000000000000c28       0x18 Debug/sketch.o
 .debug_ranges  0x0000000000000c40       0x20 Debug/startup_stm32f103xb.o

.debug_line     0x0000000000000000     0x4e30
 .debug_line    0x0000000000000000      0x219 Debug/system_stm32f1xx.o
 .debug_line    0x0000000000000219      0x394 Debug/stm32f1xx_hal.o
 .debug_line    0x00000000000005ad      0x878 Debug/stm32f1xx_hal_adc.o
 .debug_line    0x0000000000000e25      0x38d Debug/stm32f1xx_hal_cortex.o
 .debug_line    0x00000000000011b2      0x3ba Debug/stm32f1xx_hal_gpio.o
 .debug_line    0x000000000000156c      0x7c9 Debug/stm32f1xx_hal_rcc.o
 .debug_line    0x0000000000001d35      0x397 Debug/stm32f1xx_hal_rcc_ex.o
 .debug_line    0x00000000000020cc      0x993 Debug/stm32f1xx_hal_uart.o
 .debug_line    0x0000000000002a5f      0x27f Debug/adc.o
 .debug_line    0x0000000000002cde      0x1fa Debug/gpio.o
 .debug_line    0x0000000000002ed8      0x408 Debug/main.o
 .debug_line    0x00000000000032e0      0x1f4 Debug/stm32f1xx_hal_msp.o
 .debug_line    0x00000000000034d4      0x24b Debug/stm32f1xx_it.o
 .debug_line    0x000000000000371f      0x2d2 Debug/usart.o
 .debug_line    0x00000000000039f1      0x297 Debug/syscalls.o
 .debug_line    0x0000000000003c88      0x244 Debug/wiring_digital.o
 .debug_line    0x0000000000003ecc      0x52c Debug/Print.o
 .debug_line    0x00000000000043f8      0x4fe Debug/UARTClass.o
 .debug_line    0x00000000000048f6      0x2a8 Debug/variant.o
 .debug_line    0x0000000000004b9e      0x1e9 Debug/sketch.o
 .debug_line    0x0000000000004d87       0xa9 Debug/startup_stm32f103xb.o

.debug_str      0x0000000000000000     0x3d18
 .debug_str     0x0000000000000000      0x2d6 Debug/system_stm32f1xx.o
                                        0x332 (size before relaxing)
 .debug_str     0x00000000000002d6      0x64d Debug/stm32f1xx_hal.o
                                        0x896 (size before relaxing)
 .debug_str     0x0000000000000923      0x60a Debug/stm32f1xx_hal_adc.o
                                        0x90c (size before relaxing)
 .debug_str     0x0000000000000f2d      0x263 Debug/stm32f1xx_hal_cortex.o
                                        0x9ea (size before relaxing)
 .debug_str     0x0000000000001190      0x1c0 Debug/stm32f1xx_hal_gpio.o
                                        0x461 (size before relaxing)
 .debug_str     0x0000000000001350      0x2d6 Debug/stm32f1xx_hal_rcc.o
                                        0x665 (size before relaxing)
 .debug_str     0x0000000000001626      0x133 Debug/stm32f1xx_hal_rcc_ex.o
                                        0x467 (size before relaxing)
 .debug_str     0x0000000000001759      0x4d4 Debug/stm32f1xx_hal_uart.o
                                        0x9d9 (size before relaxing)
 .debug_str     0x0000000000001c2d       0x45 Debug/adc.o
                                        0x651 (size before relaxing)
 .debug_str     0x0000000000001c72       0x18 Debug/gpio.o
                                        0x2e1 (size before relaxing)
 .debug_str     0x0000000000001c8a      0x4df Debug/main.o
                                       0x121e (size before relaxing)
 .debug_str     0x0000000000002169       0x18 Debug/stm32f1xx_hal_msp.o
                                        0x66a (size before relaxing)
 .debug_str     0x0000000000002181      0x2b8 Debug/stm32f1xx_it.o
                                        0x55c (size before relaxing)
 .debug_str     0x0000000000002439       0x2c Debug/usart.o
                                        0x709 (size before relaxing)
 .debug_str     0x0000000000002465      0x276 Debug/syscalls.o
                                        0x44d (size before relaxing)
 .debug_str     0x00000000000026db       0x99 Debug/wiring_digital.o
                                        0x394 (size before relaxing)
 .debug_str     0x0000000000002774      0xd06 Debug/Print.o
                                        0xe97 (size before relaxing)
 .debug_str     0x000000000000347a      0x781 Debug/UARTClass.o
                                       0x1b19 (size before relaxing)
 .debug_str     0x0000000000003bfb       0x99 Debug/variant.o
                                        0xbb4 (size before relaxing)
 .debug_str     0x0000000000003c94       0x84 Debug/sketch.o
                                        0x2ca (size before relaxing)

.comment        0x0000000000000000       0x70
 .comment       0x0000000000000000       0x70 Debug/system_stm32f1xx.o
                                         0x71 (size before relaxing)
 .comment       0x0000000000000000       0x71 Debug/stm32f1xx_hal.o
 .comment       0x0000000000000000       0x71 Debug/stm32f1xx_hal_adc.o
 .comment       0x0000000000000000       0x71 Debug/stm32f1xx_hal_cortex.o
 .comment       0x0000000000000000       0x71 Debug/stm32f1xx_hal_gpio.o
 .comment       0x0000000000000000       0x71 Debug/stm32f1xx_hal_rcc.o
 .comment       0x0000000000000000       0x71 Debug/stm32f1xx_hal_rcc_ex.o
 .comment       0x0000000000000000       0x71 Debug/stm32f1xx_hal_uart.o
 .comment       0x0000000000000000       0x71 Debug/adc.o
 .comment       0x0000000000000000       0x71 Debug/gpio.o
 .comment       0x0000000000000000       0x71 Debug/main.o
 .comment       0x0000000000000000       0x71 Debug/stm32f1xx_hal_msp.o
 .comment       0x0000000000000000       0x71 Debug/stm32f1xx_it.o
 .comment       0x0000000000000000       0x71 Debug/usart.o
 .comment       0x0000000000000000       0x71 Debug/syscalls.o
 .comment       0x0000000000000000       0x71 Debug/wiring_digital.o
 .comment       0x0000000000000000       0x71 Debug/Print.o
 .comment       0x0000000000000000       0x71 Debug/UARTClass.o
 .comment       0x0000000000000000       0x71 Debug/variant.o
 .comment       0x0000000000000000       0x71 Debug/sketch.o

.debug_frame    0x0000000000000000     0x18cc
 .debug_frame   0x0000000000000000       0x30 Debug/system_stm32f1xx.o
 .debug_frame   0x0000000000000030      0x174 Debug/stm32f1xx_hal.o
 .debug_frame   0x00000000000001a4      0x2e8 Debug/stm32f1xx_hal_adc.o
 .debug_frame   0x000000000000048c      0x12c Debug/stm32f1xx_hal_cortex.o
 .debug_frame   0x00000000000005b8       0xd4 Debug/stm32f1xx_hal_gpio.o
 .debug_frame   0x000000000000068c      0x150 Debug/stm32f1xx_hal_rcc.o
 .debug_frame   0x00000000000007dc       0x70 Debug/stm32f1xx_hal_rcc_ex.o
 .debug_frame   0x000000000000084c      0x364 Debug/stm32f1xx_hal_uart.o
 .debug_frame   0x0000000000000bb0       0x6c Debug/adc.o
 .debug_frame   0x0000000000000c1c       0x34 Debug/gpio.o
 .debug_frame   0x0000000000000c50       0xf0 Debug/main.o
 .debug_frame   0x0000000000000d40       0x30 Debug/stm32f1xx_hal_msp.o
 .debug_frame   0x0000000000000d70       0x3c Debug/stm32f1xx_it.o
 .debug_frame   0x0000000000000dac       0x90 Debug/usart.o
 .debug_frame   0x0000000000000e3c      0x1dc Debug/syscalls.o
 .debug_frame   0x0000000000001018       0x64 Debug/wiring_digital.o
 .debug_frame   0x000000000000107c      0x33c Debug/Print.o
 .debug_frame   0x00000000000013b8      0x1b0 Debug/UARTClass.o
 .debug_frame   0x0000000000001568       0x90 Debug/variant.o
 .debug_frame   0x00000000000015f8       0x3c Debug/sketch.o
 .debug_frame   0x0000000000001634       0x20 /Users/Arethusa/Library/Arduino15/packages/arduino/tools/arm-none-eabi-gcc/4.8.3-2014q1/bin/../lib/gcc/arm-none-eabi/4.8.3/../../../../arm-none-eabi/lib/armv7e-m/libc.a(lib_a-errno.o)
 .debug_frame   0x0000000000001654       0x2c /Users/Arethusa/Library/Arduino15/packages/arduino/tools/arm-none-eabi-gcc/4.8.3-2014q1/bin/../lib/gcc/arm-none-eabi/4.8.3/../../../../arm-none-eabi/lib/armv7e-m/libc.a(lib_a-init.o)
 .debug_frame   0x0000000000001680       0x30 /Users/Arethusa/Library/Arduino15/packages/arduino/tools/arm-none-eabi-gcc/4.8.3-2014q1/bin/../lib/gcc/arm-none-eabi/4.8.3/../../../../arm-none-eabi/lib/armv7e-m/libc.a(lib_a-malloc.o)
 .debug_frame   0x00000000000016b0       0x38 /Users/Arethusa/Library/Arduino15/packages/arduino/tools/arm-none-eabi-gcc/4.8.3-2014q1/bin/../lib/gcc/arm-none-eabi/4.8.3/../../../../arm-none-eabi/lib/armv7e-m/libc.a(lib_a-mallocr.o)
 .debug_frame   0x00000000000016e8       0x2c /Users/Arethusa/Library/Arduino15/packages/arduino/tools/arm-none-eabi-gcc/4.8.3-2014q1/bin/../lib/gcc/arm-none-eabi/4.8.3/../../../../arm-none-eabi/lib/armv7e-m/libc.a(lib_a-memset.o)
 .debug_frame   0x0000000000001714       0x30 /Users/Arethusa/Library/Arduino15/packages/arduino/tools/arm-none-eabi-gcc/4.8.3-2014q1/bin/../lib/gcc/arm-none-eabi/4.8.3/../../../../arm-none-eabi/lib/armv7e-m/libc.a(lib_a-mlock.o)
 .debug_frame   0x0000000000001744       0x2c /Users/Arethusa/Library/Arduino15/packages/arduino/tools/arm-none-eabi-gcc/4.8.3-2014q1/bin/../lib/gcc/arm-none-eabi/4.8.3/../../../../arm-none-eabi/lib/armv7e-m/libc.a(lib_a-sbrkr.o)
 .debug_frame   0x0000000000001770       0x48 /Users/Arethusa/Library/Arduino15/packages/arduino/tools/arm-none-eabi-gcc/4.8.3-2014q1/bin/../lib/gcc/arm-none-eabi/4.8.3/../../../../arm-none-eabi/lib/armv7e-m/libc.a(lib_a-__call_atexit.o)
 .debug_frame   0x00000000000017b8       0x20 /Users/Arethusa/Library/Arduino15/packages/arduino/tools/arm-none-eabi-gcc/4.8.3-2014q1/bin/../lib/gcc/arm-none-eabi/4.8.3/../../../../arm-none-eabi/lib/armv7e-m/libc.a(lib_a-atexit.o)
 .debug_frame   0x00000000000017d8       0x2c /Users/Arethusa/Library/Arduino15/packages/arduino/tools/arm-none-eabi-gcc/4.8.3-2014q1/bin/../lib/gcc/arm-none-eabi/4.8.3/../../../../arm-none-eabi/lib/armv7e-m/libc.a(lib_a-fini.o)
 .debug_frame   0x0000000000001804       0x50 /Users/Arethusa/Library/Arduino15/packages/arduino/tools/arm-none-eabi-gcc/4.8.3-2014q1/bin/../lib/gcc/arm-none-eabi/4.8.3/../../../../arm-none-eabi/lib/armv7e-m/libc.a(lib_a-freer.o)
 .debug_frame   0x0000000000001854       0x48 /Users/Arethusa/Library/Arduino15/packages/arduino/tools/arm-none-eabi-gcc/4.8.3-2014q1/bin/../lib/gcc/arm-none-eabi/4.8.3/../../../../arm-none-eabi/lib/armv7e-m/libc.a(lib_a-reent.o)
 .debug_frame   0x000000000000189c       0x30 /Users/Arethusa/Library/Arduino15/packages/arduino/tools/arm-none-eabi-gcc/4.8.3-2014q1/bin/../lib/gcc/arm-none-eabi/4.8.3/../../../../arm-none-eabi/lib/armv7e-m/libc.a(lib_a-__atexit.o)

Cross Reference Table

Symbol                                            File
ADC1_2_IRQHandler                                 Debug/startup_stm32f103xb.o
ADC_ConversionStop_Disable                        Debug/stm32f1xx_hal_adc.o
                                                  Debug/stm32f1xx_hal_adc_ex.o
ADC_DMAConvCplt                                   Debug/stm32f1xx_hal_adc.o
                                                  Debug/stm32f1xx_hal_adc_ex.o
ADC_DMAError                                      Debug/stm32f1xx_hal_adc.o
                                                  Debug/stm32f1xx_hal_adc_ex.o
ADC_DMAHalfConvCplt                               Debug/stm32f1xx_hal_adc.o
                                                  Debug/stm32f1xx_hal_adc_ex.o
ADC_Enable                                        Debug/stm32f1xx_hal_adc.o
                                                  Debug/stm32f1xx_hal_adc_ex.o
AHBPrescTable                                     Debug/system_stm32f1xx.o
                                                  Debug/stm32f1xx_hal_rcc.o
APBPrescTable                                     Debug/system_stm32f1xx.o
                                                  Debug/stm32f1xx_hal_rcc.o
BusFault_Handler                                  Debug/startup_stm32f103xb.o
CAN1_RX1_IRQHandler                               Debug/startup_stm32f103xb.o
CAN1_SCE_IRQHandler                               Debug/startup_stm32f103xb.o
DMA1_Channel1_IRQHandler                          Debug/startup_stm32f103xb.o
DMA1_Channel2_IRQHandler                          Debug/startup_stm32f103xb.o
DMA1_Channel3_IRQHandler                          Debug/startup_stm32f103xb.o
DMA1_Channel4_IRQHandler                          Debug/startup_stm32f103xb.o
DMA1_Channel5_IRQHandler                          Debug/startup_stm32f103xb.o
DMA1_Channel6_IRQHandler                          Debug/startup_stm32f103xb.o
DMA1_Channel7_IRQHandler                          Debug/startup_stm32f103xb.o
DebugMon_Handler                                  Debug/startup_stm32f103xb.o
Default_Handler                                   Debug/startup_stm32f103xb.o
EXTI0_IRQHandler                                  Debug/startup_stm32f103xb.o
EXTI15_10_IRQHandler                              Debug/startup_stm32f103xb.o
EXTI1_IRQHandler                                  Debug/startup_stm32f103xb.o
EXTI2_IRQHandler                                  Debug/startup_stm32f103xb.o
EXTI3_IRQHandler                                  Debug/startup_stm32f103xb.o
EXTI4_IRQHandler                                  Debug/startup_stm32f103xb.o
EXTI9_5_IRQHandler                                Debug/startup_stm32f103xb.o
Error_Handler                                     Debug/main.o
                                                  Debug/usart.o
                                                  Debug/adc.o
FLASH_IRQHandler                                  Debug/startup_stm32f103xb.o
FLASH_PageErase                                   Debug/stm32f1xx_hal_flash_ex.o
                                                  Debug/stm32f1xx_hal_flash.o
FLASH_WaitForLastOperation                        Debug/stm32f1xx_hal_flash.o
                                                  Debug/stm32f1xx_hal_flash_ex.o
HAL_ADCEx_Calibration_Start                       Debug/stm32f1xx_hal_adc_ex.o
HAL_ADCEx_InjectedConfigChannel                   Debug/stm32f1xx_hal_adc_ex.o
HAL_ADCEx_InjectedConvCpltCallback                Debug/stm32f1xx_hal_adc_ex.o
                                                  Debug/stm32f1xx_hal_adc.o
HAL_ADCEx_InjectedGetValue                        Debug/stm32f1xx_hal_adc_ex.o
HAL_ADCEx_InjectedPollForConversion               Debug/stm32f1xx_hal_adc_ex.o
HAL_ADCEx_InjectedStart                           Debug/stm32f1xx_hal_adc_ex.o
HAL_ADCEx_InjectedStart_IT                        Debug/stm32f1xx_hal_adc_ex.o
HAL_ADCEx_InjectedStop                            Debug/stm32f1xx_hal_adc_ex.o
HAL_ADCEx_InjectedStop_IT                         Debug/stm32f1xx_hal_adc_ex.o
HAL_ADCEx_MultiModeConfigChannel                  Debug/stm32f1xx_hal_adc_ex.o
HAL_ADCEx_MultiModeGetValue                       Debug/stm32f1xx_hal_adc_ex.o
HAL_ADCEx_MultiModeStart_DMA                      Debug/stm32f1xx_hal_adc_ex.o
HAL_ADCEx_MultiModeStop_DMA                       Debug/stm32f1xx_hal_adc_ex.o
HAL_ADC_AnalogWDGConfig                           Debug/stm32f1xx_hal_adc.o
HAL_ADC_ConfigChannel                             Debug/stm32f1xx_hal_adc.o
                                                  Debug/adc.o
HAL_ADC_ConvCpltCallback                          Debug/main.o
                                                  Debug/stm32f1xx_hal_adc.o
HAL_ADC_ConvHalfCpltCallback                      Debug/stm32f1xx_hal_adc.o
HAL_ADC_DeInit                                    Debug/stm32f1xx_hal_adc.o
HAL_ADC_ErrorCallback                             Debug/stm32f1xx_hal_adc.o
HAL_ADC_GetError                                  Debug/stm32f1xx_hal_adc.o
HAL_ADC_GetState                                  Debug/stm32f1xx_hal_adc.o
HAL_ADC_GetValue                                  Debug/stm32f1xx_hal_adc.o
HAL_ADC_IRQHandler                                Debug/stm32f1xx_hal_adc.o
HAL_ADC_Init                                      Debug/stm32f1xx_hal_adc.o
                                                  Debug/adc.o
HAL_ADC_LevelOutOfWindowCallback                  Debug/stm32f1xx_hal_adc.o
HAL_ADC_MspDeInit                                 Debug/adc.o
                                                  Debug/stm32f1xx_hal_adc.o
HAL_ADC_MspInit                                   Debug/adc.o
                                                  Debug/stm32f1xx_hal_adc.o
HAL_ADC_PollForConversion                         Debug/stm32f1xx_hal_adc.o
HAL_ADC_PollForEvent                              Debug/stm32f1xx_hal_adc.o
HAL_ADC_Start                                     Debug/stm32f1xx_hal_adc.o
HAL_ADC_Start_DMA                                 Debug/stm32f1xx_hal_adc.o
HAL_ADC_Start_IT                                  Debug/stm32f1xx_hal_adc.o
HAL_ADC_Stop                                      Debug/stm32f1xx_hal_adc.o
HAL_ADC_Stop_DMA                                  Debug/stm32f1xx_hal_adc.o
HAL_ADC_Stop_IT                                   Debug/stm32f1xx_hal_adc.o
HAL_DBGMCU_DisableDBGSleepMode                    Debug/stm32f1xx_hal.o
HAL_DBGMCU_DisableDBGStandbyMode                  Debug/stm32f1xx_hal.o
HAL_DBGMCU_DisableDBGStopMode                     Debug/stm32f1xx_hal.o
HAL_DBGMCU_EnableDBGSleepMode                     Debug/stm32f1xx_hal.o
HAL_DBGMCU_EnableDBGStandbyMode                   Debug/stm32f1xx_hal.o
HAL_DBGMCU_EnableDBGStopMode                      Debug/stm32f1xx_hal.o
HAL_DMA_Abort                                     Debug/stm32f1xx_hal_dma.o
                                                  Debug/stm32f1xx_hal_uart.o
                                                  Debug/stm32f1xx_hal_adc_ex.o
                                                  Debug/stm32f1xx_hal_adc.o
HAL_DMA_DeInit                                    Debug/stm32f1xx_hal_dma.o
HAL_DMA_GetError                                  Debug/stm32f1xx_hal_dma.o
HAL_DMA_GetState                                  Debug/stm32f1xx_hal_dma.o
HAL_DMA_IRQHandler                                Debug/stm32f1xx_hal_dma.o
HAL_DMA_Init                                      Debug/stm32f1xx_hal_dma.o
HAL_DMA_PollForTransfer                           Debug/stm32f1xx_hal_dma.o
HAL_DMA_Start                                     Debug/stm32f1xx_hal_dma.o
HAL_DMA_Start_IT                                  Debug/stm32f1xx_hal_dma.o
                                                  Debug/stm32f1xx_hal_uart.o
                                                  Debug/stm32f1xx_hal_adc_ex.o
                                                  Debug/stm32f1xx_hal_adc.o
HAL_DeInit                                        Debug/stm32f1xx_hal.o
HAL_Delay                                         Debug/stm32f1xx_hal.o
                                                  Debug/sketch.o
                                                  Debug/main.o
                                                  Debug/stm32f1xx_hal_rcc.o
HAL_FLASHEx_Erase                                 Debug/stm32f1xx_hal_flash_ex.o
HAL_FLASHEx_Erase_IT                              Debug/stm32f1xx_hal_flash_ex.o
HAL_FLASHEx_OBErase                               Debug/stm32f1xx_hal_flash_ex.o
HAL_FLASHEx_OBGetConfig                           Debug/stm32f1xx_hal_flash_ex.o
HAL_FLASHEx_OBGetUserData                         Debug/stm32f1xx_hal_flash_ex.o
HAL_FLASHEx_OBProgram                             Debug/stm32f1xx_hal_flash_ex.o
HAL_FLASH_EndOfOperationCallback                  Debug/stm32f1xx_hal_flash.o
HAL_FLASH_GetError                                Debug/stm32f1xx_hal_flash.o
HAL_FLASH_IRQHandler                              Debug/stm32f1xx_hal_flash.o
HAL_FLASH_Lock                                    Debug/stm32f1xx_hal_flash.o
HAL_FLASH_OB_Launch                               Debug/stm32f1xx_hal_flash.o
HAL_FLASH_OB_Lock                                 Debug/stm32f1xx_hal_flash.o
HAL_FLASH_OB_Unlock                               Debug/stm32f1xx_hal_flash.o
HAL_FLASH_OperationErrorCallback                  Debug/stm32f1xx_hal_flash.o
HAL_FLASH_Program                                 Debug/stm32f1xx_hal_flash.o
HAL_FLASH_Program_IT                              Debug/stm32f1xx_hal_flash.o
HAL_FLASH_Unlock                                  Debug/stm32f1xx_hal_flash.o
HAL_GPIO_DeInit                                   Debug/stm32f1xx_hal_gpio.o
                                                  Debug/usart.o
                                                  Debug/adc.o
HAL_GPIO_EXTI_Callback                            Debug/stm32f1xx_hal_gpio.o
HAL_GPIO_EXTI_IRQHandler                          Debug/stm32f1xx_hal_gpio.o
HAL_GPIO_Init                                     Debug/stm32f1xx_hal_gpio.o
                                                  Debug/wiring_digital.o
                                                  Debug/usart.o
                                                  Debug/gpio.o
                                                  Debug/adc.o
                                                  Debug/stm32f1xx_hal_rcc.o
HAL_GPIO_LockPin                                  Debug/stm32f1xx_hal_gpio.o
HAL_GPIO_ReadPin                                  Debug/stm32f1xx_hal_gpio.o
                                                  Debug/wiring_digital.o
HAL_GPIO_TogglePin                                Debug/stm32f1xx_hal_gpio.o
HAL_GPIO_WritePin                                 Debug/stm32f1xx_hal_gpio.o
                                                  Debug/wiring_digital.o
                                                  Debug/gpio.o
HAL_GetDEVID                                      Debug/stm32f1xx_hal.o
HAL_GetHalVersion                                 Debug/stm32f1xx_hal.o
HAL_GetREVID                                      Debug/stm32f1xx_hal.o
HAL_GetTick                                       Debug/stm32f1xx_hal.o
                                                  Debug/stm32f1xx_hal_uart.o
                                                  Debug/stm32f1xx_hal_rcc_ex.o
                                                  Debug/stm32f1xx_hal_rcc.o
                                                  Debug/stm32f1xx_hal_flash.o
                                                  Debug/stm32f1xx_hal_dma.o
                                                  Debug/stm32f1xx_hal_adc_ex.o
                                                  Debug/stm32f1xx_hal_adc.o
HAL_HalfDuplex_EnableReceiver                     Debug/stm32f1xx_hal_uart.o
HAL_HalfDuplex_EnableTransmitter                  Debug/stm32f1xx_hal_uart.o
HAL_HalfDuplex_Init                               Debug/stm32f1xx_hal_uart.o
HAL_I2C_MasterRxCpltCallback                      Debug/main.o
HAL_I2C_MasterTxCpltCallback                      Debug/main.o
HAL_IncTick                                       Debug/stm32f1xx_hal.o
                                                  Debug/stm32f1xx_it.o
HAL_Init                                          Debug/stm32f1xx_hal.o
                                                  Debug/main.o
HAL_InitTick                                      Debug/stm32f1xx_hal.o
                                                  Debug/stm32f1xx_hal_rcc.o
HAL_LIN_Init                                      Debug/stm32f1xx_hal_uart.o
HAL_LIN_SendBreak                                 Debug/stm32f1xx_hal_uart.o
HAL_MspDeInit                                     Debug/stm32f1xx_hal.o
HAL_MspInit                                       Debug/stm32f1xx_hal_msp.o
                                                  Debug/stm32f1xx_hal.o
HAL_MultiProcessor_EnterMuteMode                  Debug/stm32f1xx_hal_uart.o
HAL_MultiProcessor_ExitMuteMode                   Debug/stm32f1xx_hal_uart.o
HAL_MultiProcessor_Init                           Debug/stm32f1xx_hal_uart.o
HAL_NVIC_ClearPendingIRQ                          Debug/stm32f1xx_hal_cortex.o
HAL_NVIC_DisableIRQ                               Debug/stm32f1xx_hal_cortex.o
HAL_NVIC_EnableIRQ                                Debug/stm32f1xx_hal_cortex.o
HAL_NVIC_GetActive                                Debug/stm32f1xx_hal_cortex.o
HAL_NVIC_GetPendingIRQ                            Debug/stm32f1xx_hal_cortex.o
HAL_NVIC_GetPriority                              Debug/stm32f1xx_hal_cortex.o
HAL_NVIC_GetPriorityGrouping                      Debug/stm32f1xx_hal_cortex.o
HAL_NVIC_SetPendingIRQ                            Debug/stm32f1xx_hal_cortex.o
HAL_NVIC_SetPriority                              Debug/stm32f1xx_hal_cortex.o
                                                  Debug/stm32f1xx_hal_msp.o
                                                  Debug/main.o
                                                  Debug/stm32f1xx_hal.o
HAL_NVIC_SetPriorityGrouping                      Debug/stm32f1xx_hal_cortex.o
                                                  Debug/stm32f1xx_hal_msp.o
                                                  Debug/stm32f1xx_hal.o
HAL_NVIC_SystemReset                              Debug/stm32f1xx_hal_cortex.o
                                                  Debug/stm32f1xx_hal_flash.o
HAL_PCD_IRQHandler                                Debug/stm32f1xx_it.o
HAL_PWR_ConfigPVD                                 Debug/stm32f1xx_hal_pwr.o
HAL_PWR_DeInit                                    Debug/stm32f1xx_hal_pwr.o
HAL_PWR_DisableBkUpAccess                         Debug/stm32f1xx_hal_pwr.o
HAL_PWR_DisablePVD                                Debug/stm32f1xx_hal_pwr.o
HAL_PWR_DisableSEVOnPend                          Debug/stm32f1xx_hal_pwr.o
HAL_PWR_DisableSleepOnExit                        Debug/stm32f1xx_hal_pwr.o
HAL_PWR_DisableWakeUpPin                          Debug/stm32f1xx_hal_pwr.o
HAL_PWR_EnableBkUpAccess                          Debug/stm32f1xx_hal_pwr.o
HAL_PWR_EnablePVD                                 Debug/stm32f1xx_hal_pwr.o
HAL_PWR_EnableSEVOnPend                           Debug/stm32f1xx_hal_pwr.o
HAL_PWR_EnableSleepOnExit                         Debug/stm32f1xx_hal_pwr.o
HAL_PWR_EnableWakeUpPin                           Debug/stm32f1xx_hal_pwr.o
HAL_PWR_EnterSLEEPMode                            Debug/stm32f1xx_hal_pwr.o
HAL_PWR_EnterSTANDBYMode                          Debug/stm32f1xx_hal_pwr.o
HAL_PWR_EnterSTOPMode                             Debug/stm32f1xx_hal_pwr.o
HAL_PWR_PVDCallback                               Debug/stm32f1xx_hal_pwr.o
HAL_PWR_PVD_IRQHandler                            Debug/stm32f1xx_hal_pwr.o
HAL_RCCEx_GetPeriphCLKConfig                      Debug/stm32f1xx_hal_rcc_ex.o
HAL_RCCEx_GetPeriphCLKFreq                        Debug/stm32f1xx_hal_rcc_ex.o
                                                  Debug/stm32f1xx_hal_adc_ex.o
                                                  Debug/stm32f1xx_hal_adc.o
HAL_RCCEx_PeriphCLKConfig                         Debug/stm32f1xx_hal_rcc_ex.o
                                                  Debug/main.o
HAL_RCC_CSSCallback                               Debug/stm32f1xx_hal_rcc.o
HAL_RCC_ClockConfig                               Debug/stm32f1xx_hal_rcc.o
                                                  Debug/main.o
HAL_RCC_DeInit                                    Debug/stm32f1xx_hal_rcc.o
HAL_RCC_DisableCSS                                Debug/stm32f1xx_hal_rcc.o
HAL_RCC_EnableCSS                                 Debug/stm32f1xx_hal_rcc.o
HAL_RCC_GetClockConfig                            Debug/stm32f1xx_hal_rcc.o
HAL_RCC_GetHCLKFreq                               Debug/stm32f1xx_hal_rcc.o
                                                  Debug/main.o
                                                  Debug/stm32f1xx_hal.o
HAL_RCC_GetOscConfig                              Debug/stm32f1xx_hal_rcc.o
HAL_RCC_GetPCLK1Freq                              Debug/stm32f1xx_hal_rcc.o
                                                  Debug/stm32f1xx_hal_uart.o
HAL_RCC_GetPCLK2Freq                              Debug/stm32f1xx_hal_rcc.o
                                                  Debug/stm32f1xx_hal_uart.o
                                                  Debug/stm32f1xx_hal_rcc_ex.o
HAL_RCC_GetSysClockFreq                           Debug/stm32f1xx_hal_rcc.o
                                                  Debug/stm32f1xx_hal_rcc_ex.o
HAL_RCC_MCOConfig                                 Debug/stm32f1xx_hal_rcc.o
HAL_RCC_NMI_IRQHandler                            Debug/stm32f1xx_hal_rcc.o
HAL_RCC_OscConfig                                 Debug/stm32f1xx_hal_rcc.o
                                                  Debug/main.o
HAL_ResumeTick                                    Debug/stm32f1xx_hal.o
HAL_SYSTICK_CLKSourceConfig                       Debug/stm32f1xx_hal_cortex.o
                                                  Debug/main.o
HAL_SYSTICK_Callback                              Debug/stm32f1xx_hal_cortex.o
HAL_SYSTICK_Config                                Debug/stm32f1xx_hal_cortex.o
                                                  Debug/main.o
                                                  Debug/stm32f1xx_hal.o
HAL_SYSTICK_IRQHandler                            Debug/stm32f1xx_hal_cortex.o
                                                  Debug/stm32f1xx_it.o
HAL_SuspendTick                                   Debug/stm32f1xx_hal.o
HAL_TIM_PWM_PulseFinishedCallback                 Debug/main.o
HAL_UART_DMAPause                                 Debug/stm32f1xx_hal_uart.o
HAL_UART_DMAResume                                Debug/stm32f1xx_hal_uart.o
HAL_UART_DMAStop                                  Debug/stm32f1xx_hal_uart.o
HAL_UART_DeInit                                   Debug/stm32f1xx_hal_uart.o
HAL_UART_ErrorCallback                            Debug/stm32f1xx_hal_uart.o
HAL_UART_GetError                                 Debug/stm32f1xx_hal_uart.o
HAL_UART_GetState                                 Debug/stm32f1xx_hal_uart.o
HAL_UART_IRQHandler                               Debug/stm32f1xx_hal_uart.o
HAL_UART_Init                                     Debug/stm32f1xx_hal_uart.o
                                                  Debug/UARTClass.o
                                                  Debug/usart.o
HAL_UART_MspDeInit                                Debug/usart.o
                                                  Debug/stm32f1xx_hal_uart.o
HAL_UART_MspInit                                  Debug/usart.o
                                                  Debug/stm32f1xx_hal_uart.o
HAL_UART_Receive                                  Debug/stm32f1xx_hal_uart.o
HAL_UART_Receive_DMA                              Debug/stm32f1xx_hal_uart.o
HAL_UART_Receive_IT                               Debug/stm32f1xx_hal_uart.o
                                                  Debug/UARTClass.o
HAL_UART_RxCpltCallback                           Debug/main.o
                                                  Debug/stm32f1xx_hal_uart.o
HAL_UART_RxHalfCpltCallback                       Debug/stm32f1xx_hal_uart.o
HAL_UART_Transmit                                 Debug/stm32f1xx_hal_uart.o
HAL_UART_Transmit_DMA                             Debug/stm32f1xx_hal_uart.o
HAL_UART_Transmit_IT                              Debug/stm32f1xx_hal_uart.o
                                                  Debug/UARTClass.o
HAL_UART_TxCpltCallback                           Debug/main.o
                                                  Debug/stm32f1xx_hal_uart.o
HAL_UART_TxHalfCpltCallback                       Debug/stm32f1xx_hal_uart.o
HardFault_Handler                                 Debug/startup_stm32f103xb.o
I2C1_ER_IRQHandler                                Debug/startup_stm32f103xb.o
I2C1_EV_IRQHandler                                Debug/startup_stm32f103xb.o
I2C2_ER_IRQHandler                                Debug/startup_stm32f103xb.o
I2C2_EV_IRQHandler                                Debug/startup_stm32f103xb.o
MX_ADC1_Init                                      Debug/adc.o
                                                  Debug/main.o
MX_GPIO_Init                                      Debug/gpio.o
                                                  Debug/main.o
MX_I2C1_Init                                      Debug/main.o
MX_TIM1_Init                                      Debug/main.o
MX_USART1_UART_Init                               Debug/usart.o
                                                  Debug/main.o
MX_USART2_UART_Init                               Debug/usart.o
                                                  Debug/main.o
MX_USART3_UART_Init                               Debug/usart.o
                                                  Debug/main.o
MX_USB_DEVICE_Init                                Debug/main.o
MemManage_Handler                                 Debug/startup_stm32f103xb.o
NMI_Handler                                       Debug/startup_stm32f103xb.o
PVD_IRQHandler                                    Debug/startup_stm32f103xb.o
PendSV_Handler                                    Debug/startup_stm32f103xb.o
Print::print(Printable const&)                    Debug/Print.o
Print::print(String const&)                       Debug/Print.o
Print::print(__FlashStringHelper const*)          Debug/Print.o
Print::print(char const*)                         Debug/Print.o
Print::print(char)                                Debug/Print.o
Print::print(double, int)                         Debug/Print.o
Print::print(int, int)                            Debug/Print.o
Print::print(long, int)                           Debug/Print.o
Print::print(unsigned char, int)                  Debug/Print.o
Print::print(unsigned int, int)                   Debug/Print.o
Print::print(unsigned long, int)                  Debug/Print.o
Print::printFloat(double, unsigned char)          Debug/Print.o
Print::printNumber(unsigned long, unsigned char)  Debug/Print.o
Print::println()                                  Debug/Print.o
Print::println(Printable const&)                  Debug/Print.o
Print::println(String const&)                     Debug/Print.o
Print::println(__FlashStringHelper const*)        Debug/Print.o
Print::println(char const*)                       Debug/Print.o
Print::println(char)                              Debug/Print.o
Print::println(double, int)                       Debug/Print.o
Print::println(int, int)                          Debug/Print.o
Print::println(long, int)                         Debug/Print.o
Print::println(unsigned char, int)                Debug/Print.o
Print::println(unsigned int, int)                 Debug/Print.o
Print::println(unsigned long, int)                Debug/Print.o
Print::write(char const*)                         Debug/Print.o
Print::write(unsigned char const*, unsigned int)  Debug/Print.o
                                                  Debug/USARTClass.o
                                                  Debug/UARTClass.o
RCC_IRQHandler                                    Debug/startup_stm32f103xb.o
RTC_Alarm_IRQHandler                              Debug/startup_stm32f103xb.o
RTC_IRQHandler                                    Debug/startup_stm32f103xb.o
Reset_Handler                                     Debug/startup_stm32f103xb.o
RingBuffer::RingBuffer()                          Debug/RingBuffer.o
RingBuffer::RingBuffer()                          Debug/RingBuffer.o
RingBuffer::store_char(unsigned char)             Debug/RingBuffer.o
Rx1_Handler                                       Debug/variant.o
                                                  Debug/main.o
Rx2_Handler                                       Debug/variant.o
                                                  Debug/main.o
Rx3_Handler                                       Debug/variant.o
                                                  Debug/main.o
SPI1_IRQHandler                                   Debug/startup_stm32f103xb.o
SPI2_IRQHandler                                   Debug/startup_stm32f103xb.o
SVC_Handler                                       Debug/startup_stm32f103xb.o
Serial1                                           Debug/variant.o
Serial2                                           Debug/variant.o
Serial3                                           Debug/variant.o
String::String(String const&)                     Debug/WString.o
String::String(String const&)                     Debug/WString.o
String::String(__FlashStringHelper const*)        Debug/WString.o
String::String(__FlashStringHelper const*)        Debug/WString.o
String::String(char const*)                       Debug/WString.o
String::String(char const*)                       Debug/WString.o
String::String(char)                              Debug/WString.o
String::String(char)                              Debug/WString.o
String::String(double, unsigned char)             Debug/WString.o
String::String(double, unsigned char)             Debug/WString.o
String::String(float, unsigned char)              Debug/WString.o
String::String(float, unsigned char)              Debug/WString.o
String::String(int, unsigned char)                Debug/WString.o
String::String(int, unsigned char)                Debug/WString.o
String::String(long, unsigned char)               Debug/WString.o
String::String(long, unsigned char)               Debug/WString.o
String::String(unsigned char, unsigned char)      Debug/WString.o
String::String(unsigned char, unsigned char)      Debug/WString.o
String::String(unsigned int, unsigned char)       Debug/WString.o
String::String(unsigned int, unsigned char)       Debug/WString.o
String::String(unsigned long, unsigned char)      Debug/WString.o
String::String(unsigned long, unsigned char)      Debug/WString.o
String::changeBuffer(unsigned int)                Debug/WString.o
String::charAt(unsigned int) const                Debug/WString.o
String::compareTo(String const&) const            Debug/WString.o
String::concat(String const&)                     Debug/WString.o
String::concat(char const*, unsigned int)         Debug/WString.o
String::copy(__FlashStringHelper const*, unsigned int) Debug/WString.o
String::copy(char const*, unsigned int)           Debug/WString.o
String::endsWith(String const&) const             Debug/WString.o
String::equals(String const&) const               Debug/WString.o
String::equals(char const*) const                 Debug/WString.o
String::equalsIgnoreCase(String const&) const     Debug/WString.o
String::getBytes(unsigned char*, unsigned int, unsigned int) const Debug/WString.o
String::indexOf(String const&) const              Debug/WString.o
String::indexOf(String const&, unsigned int) const Debug/WString.o
String::indexOf(char) const                       Debug/WString.o
String::indexOf(char, unsigned int) const         Debug/WString.o
String::invalidate()                              Debug/WString.o
String::lastIndexOf(String const&) const          Debug/WString.o
String::lastIndexOf(String const&, unsigned int) const Debug/WString.o
String::lastIndexOf(char) const                   Debug/WString.o
String::lastIndexOf(char, unsigned int) const     Debug/WString.o
String::operator<(String const&) const            Debug/WString.o
String::operator<=(String const&) const           Debug/WString.o
String::operator=(String const&)                  Debug/WString.o
String::operator=(__FlashStringHelper const*)     Debug/WString.o
String::operator=(char const*)                    Debug/WString.o
String::operator>(String const&) const            Debug/WString.o
String::operator>=(String const&) const           Debug/WString.o
String::operator[](unsigned int)                  Debug/WString.o
String::operator[](unsigned int) const            Debug/WString.o
String::remove(unsigned int)                      Debug/WString.o
String::remove(unsigned int, unsigned int)        Debug/WString.o
String::replace(String const&, String const&)     Debug/WString.o
String::replace(char, char)                       Debug/WString.o
String::reserve(unsigned int)                     Debug/WString.o
String::setCharAt(unsigned int, char)             Debug/WString.o
String::startsWith(String const&) const           Debug/WString.o
String::startsWith(String const&, unsigned int) const Debug/WString.o
String::substring(unsigned int, unsigned int) const Debug/WString.o
String::toFloat() const                           Debug/WString.o
String::toInt() const                             Debug/WString.o
String::toLowerCase()                             Debug/WString.o
String::toUpperCase()                             Debug/WString.o
String::trim()                                    Debug/WString.o
String::~String()                                 Debug/WString.o
String::~String()                                 Debug/WString.o
SysTick_Handler                                   Debug/stm32f1xx_it.o
SystemClock_Config                                Debug/main.o
SystemCoreClock                                   Debug/system_stm32f1xx.o
                                                  Debug/stm32f1xx_hal_rcc.o
                                                  Debug/stm32f1xx_hal_adc_ex.o
                                                  Debug/stm32f1xx_hal_adc.o
SystemCoreClockUpdate                             Debug/system_stm32f1xx.o
SystemInit                                        Debug/system_stm32f1xx.o
                                                  Debug/startup_stm32f103xb.o
TAMPER_IRQHandler                                 Debug/startup_stm32f103xb.o
TIM1_BRK_IRQHandler                               Debug/startup_stm32f103xb.o
TIM1_CC_IRQHandler                                Debug/startup_stm32f103xb.o
TIM1_TRG_COM_IRQHandler                           Debug/startup_stm32f103xb.o
TIM1_UP_IRQHandler                                Debug/startup_stm32f103xb.o
TIM2_IRQHandler                                   Debug/startup_stm32f103xb.o
TIM3_IRQHandler                                   Debug/startup_stm32f103xb.o
TIM4_IRQHandler                                   Debug/startup_stm32f103xb.o
Tx1_Handler                                       Debug/variant.o
                                                  Debug/main.o
Tx2_Handler                                       Debug/variant.o
                                                  Debug/main.o
Tx3_Handler                                       Debug/variant.o
                                                  Debug/main.o
UARTClass::RxHandler()                            Debug/UARTClass.o
                                                  Debug/variant.o
UARTClass::TxHandler()                            Debug/UARTClass.o
                                                  Debug/variant.o
UARTClass::UARTClass()                            Debug/UARTClass.o
UARTClass::UARTClass()                            Debug/UARTClass.o
UARTClass::UARTClass(UART_HandleTypeDef*, IRQn_Type, unsigned long) Debug/UARTClass.o
                                                  Debug/USARTClass.o
UARTClass::UARTClass(UART_HandleTypeDef*, IRQn_Type, unsigned long) Debug/UARTClass.o
UARTClass::UARTClass(UART_HandleTypeDef*, IRQn_Type, unsigned long, USART_TypeDef*) Debug/UARTClass.o
UARTClass::UARTClass(UART_HandleTypeDef*, IRQn_Type, unsigned long, USART_TypeDef*) Debug/UARTClass.o
                                                  Debug/variant.o
UARTClass::available()                            Debug/UARTClass.o
                                                  Debug/USARTClass.o
UARTClass::availableForWrite()                    Debug/UARTClass.o
UARTClass::begin(unsigned long)                   Debug/UARTClass.o
UARTClass::begin(unsigned long, UARTClass::UARTModes) Debug/UARTClass.o
UARTClass::end()                                  Debug/UARTClass.o
                                                  Debug/USARTClass.o
UARTClass::flush()                                Debug/UARTClass.o
                                                  Debug/USARTClass.o
UARTClass::getInterruptPriority()                 Debug/UARTClass.o
UARTClass::init(unsigned long, unsigned long)     Debug/UARTClass.o
UARTClass::operator bool()                        Debug/UARTClass.o
                                                  Debug/USARTClass.o
UARTClass::peek()                                 Debug/UARTClass.o
                                                  Debug/USARTClass.o
UARTClass::read()                                 Debug/UARTClass.o
                                                  Debug/USARTClass.o
UARTClass::write(unsigned char)                   Debug/UARTClass.o
                                                  Debug/USARTClass.o
USART1_IRQHandler                                 Debug/startup_stm32f103xb.o
USART2_IRQHandler                                 Debug/startup_stm32f103xb.o
USART3_IRQHandler                                 Debug/startup_stm32f103xb.o
USARTClass::USARTClass(UART_HandleTypeDef*, IRQn_Type, unsigned long) Debug/USARTClass.o
USARTClass::USARTClass(UART_HandleTypeDef*, IRQn_Type, unsigned long) Debug/USARTClass.o
USARTClass::begin(unsigned long)                  Debug/USARTClass.o
USARTClass::begin(unsigned long, UARTClass::UARTModes) Debug/USARTClass.o
USARTClass::begin(unsigned long, USARTClass::USARTModes) Debug/USARTClass.o
USBD_CDC                                          Debug/usbd_cdc.o
USBD_CDC_CfgFSDesc                                Debug/usbd_cdc.o
USBD_CDC_CfgHSDesc                                Debug/usbd_cdc.o
USBD_CDC_GetDeviceQualifierDescriptor             Debug/usbd_cdc.o
USBD_CDC_OtherSpeedCfgDesc                        Debug/usbd_cdc.o
USBD_CDC_ReceivePacket                            Debug/usbd_cdc.o
USBD_CDC_RegisterInterface                        Debug/usbd_cdc.o
USBD_CDC_SetRxBuffer                              Debug/usbd_cdc.o
USBD_CDC_SetTxBuffer                              Debug/usbd_cdc.o
USBD_CDC_TransmitPacket                           Debug/usbd_cdc.o
USBD_ClrClassConfig                               Debug/usbd_core.o
                                                  Debug/usbd_ctlreq.o
USBD_CtlContinueRx                                Debug/usbd_ioreq.o
                                                  Debug/usbd_core.o
USBD_CtlContinueSendData                          Debug/usbd_ioreq.o
                                                  Debug/usbd_core.o
USBD_CtlError                                     Debug/usbd_ctlreq.o
USBD_CtlPrepareRx                                 Debug/usbd_ioreq.o
                                                  Debug/usbd_cdc.o
USBD_CtlReceiveStatus                             Debug/usbd_ioreq.o
                                                  Debug/usbd_core.o
USBD_CtlSendData                                  Debug/usbd_ioreq.o
                                                  Debug/usbd_ctlreq.o
                                                  Debug/usbd_cdc.o
USBD_CtlSendStatus                                Debug/usbd_ioreq.o
                                                  Debug/usbd_ctlreq.o
                                                  Debug/usbd_core.o
USBD_DeInit                                       Debug/usbd_core.o
USBD_GetRxCount                                   Debug/usbd_ioreq.o
USBD_GetString                                    Debug/usbd_ctlreq.o
USBD_Init                                         Debug/usbd_core.o
USBD_LL_ClearStallEP                              Debug/usbd_ctlreq.o
USBD_LL_CloseEP                                   Debug/usbd_cdc.o
USBD_LL_DataInStage                               Debug/usbd_core.o
USBD_LL_DataOutStage                              Debug/usbd_core.o
USBD_LL_DeInit                                    Debug/usbd_core.o
USBD_LL_DevConnected                              Debug/usbd_core.o
USBD_LL_DevDisconnected                           Debug/usbd_core.o
USBD_LL_GetRxDataSize                             Debug/usbd_ioreq.o
                                                  Debug/usbd_cdc.o
USBD_LL_Init                                      Debug/usbd_core.o
USBD_LL_IsStallEP                                 Debug/usbd_ctlreq.o
USBD_LL_IsoINIncomplete                           Debug/usbd_core.o
USBD_LL_IsoOUTIncomplete                          Debug/usbd_core.o
USBD_LL_OpenEP                                    Debug/usbd_core.o
                                                  Debug/usbd_cdc.o
USBD_LL_PrepareReceive                            Debug/usbd_ioreq.o
                                                  Debug/usbd_core.o
                                                  Debug/usbd_cdc.o