ARM GAS  /var/folders/19/rz7506jh8xn7x1006s6s574h0000gn/T//cckLUA6W.s 			page 1


   1              		.syntax unified
   2              		.cpu cortex-m4
   3              		.fpu softvfp
   4              		.eabi_attribute 20, 1
   5              		.eabi_attribute 21, 1
   6              		.eabi_attribute 23, 3
   7              		.eabi_attribute 24, 1
   8              		.eabi_attribute 25, 1
   9              		.eabi_attribute 26, 1
  10              		.eabi_attribute 30, 4
  11              		.eabi_attribute 34, 1
  12              		.eabi_attribute 18, 4
  13              		.thumb
  14              		.file	"wiring.c"
  15              		.text
  16              	.Ltext0:
  17              		.cfi_sections	.debug_frame
  18              		.section	.text.micros,"ax",%progbits
  19              		.align	1
  20              		.global	micros
  21              		.thumb
  22              		.thumb_func
  24              	micros:
  25              	.LFB64:
  26              		.file 1 "../../cores/mapleMX/wiring.c"
   1:../../cores/mapleMX/wiring.c **** /*
   2:../../cores/mapleMX/wiring.c ****   Copyright (c) 2011 Arduino.  All right reserved.
   3:../../cores/mapleMX/wiring.c **** 
   4:../../cores/mapleMX/wiring.c ****   This library is free software; you can redistribute it and/or
   5:../../cores/mapleMX/wiring.c ****   modify it under the terms of the GNU Lesser General Public
   6:../../cores/mapleMX/wiring.c ****   License as published by the Free Software Foundation; either
   7:../../cores/mapleMX/wiring.c ****   version 2.1 of the License, or (at your option) any later version.
   8:../../cores/mapleMX/wiring.c **** 
   9:../../cores/mapleMX/wiring.c ****   This library is distributed in the hope that it will be useful,
  10:../../cores/mapleMX/wiring.c ****   but WITHOUT ANY WARRANTY; without even the implied warranty of
  11:../../cores/mapleMX/wiring.c ****   MERCHANTABILITY or FITNESS FOR A PARTICULAR PURPOSE.
  12:../../cores/mapleMX/wiring.c ****   See the GNU Lesser General Public License for more details.
  13:../../cores/mapleMX/wiring.c **** 
  14:../../cores/mapleMX/wiring.c ****   You should have received a copy of the GNU Lesser General Public
  15:../../cores/mapleMX/wiring.c ****   License along with this library; if not, write to the Free Software
  16:../../cores/mapleMX/wiring.c ****   Foundation, Inc., 51 Franklin St, Fifth Floor, Boston, MA  02110-1301  USA
  17:../../cores/mapleMX/wiring.c **** */
  18:../../cores/mapleMX/wiring.c **** 
  19:../../cores/mapleMX/wiring.c **** #include "Arduino.h"
  20:../../cores/mapleMX/wiring.c **** 
  21:../../cores/mapleMX/wiring.c **** #ifdef __cplusplus
  22:../../cores/mapleMX/wiring.c **** extern "C" {
  23:../../cores/mapleMX/wiring.c **** #endif
  24:../../cores/mapleMX/wiring.c **** 
  25:../../cores/mapleMX/wiring.c **** 
  26:../../cores/mapleMX/wiring.c **** 	/*
  27:../../cores/mapleMX/wiring.c **** 		There is enough abstract similarity to Arduino that for some of these
  28:../../cores/mapleMX/wiring.c **** 		we can just do the function with a define in the chip.h header
  29:../../cores/mapleMX/wiring.c **** 
  30:../../cores/mapleMX/wiring.c **** 		#define millis HAL_GetTick
  31:../../cores/mapleMX/wiring.c **** 		#define delay HAL_Delay
  32:../../cores/mapleMX/wiring.c **** 	*/
ARM GAS  /var/folders/19/rz7506jh8xn7x1006s6s574h0000gn/T//cckLUA6W.s 			page 2


  33:../../cores/mapleMX/wiring.c **** 
  34:../../cores/mapleMX/wiring.c **** 
  35:../../cores/mapleMX/wiring.c **** /* 
  36:../../cores/mapleMX/wiring.c **** 	Not sure how to do micros when the system clock ticks in milliseconds
  37:../../cores/mapleMX/wiring.c **** 	
  38:../../cores/mapleMX/wiring.c **** 	
  39:../../cores/mapleMX/wiring.c **** */ 
  40:../../cores/mapleMX/wiring.c **** uint32_t micros( void )
  41:../../cores/mapleMX/wiring.c **** {
  27              		.loc 1 41 0
  28              		.cfi_startproc
  29              		@ args = 0, pretend = 0, frame = 0
  30              		@ frame_needed = 0, uses_anonymous_args = 0
  31              		@ link register save eliminated.
  42:../../cores/mapleMX/wiring.c **** 	/* dead function implementation Return maximum time as error */
  43:../../cores/mapleMX/wiring.c **** 	return -1;
  44:../../cores/mapleMX/wiring.c **** }
  32              		.loc 1 44 0
  33 0000 4FF0FF30 		mov	r0, #-1
  34 0004 7047     		bx	lr
  35              		.cfi_endproc
  36              	.LFE64:
  38              		.text
  39              	.Letext0:
  40              		.file 2 "/Users/Arethusa/Library/Arduino15/packages/arduino/tools/arm-none-eabi-gcc/4.8.3-2014q1/a
  41              		.file 3 "/Users/Arethusa/Library/Arduino15/packages/arduino/tools/arm-none-eabi-gcc/4.8.3-2014q1/a
  42              		.file 4 "Drivers/CMSIS/Include/core_cm3.h"
ARM GAS  /var/folders/19/rz7506jh8xn7x1006s6s574h0000gn/T//cckLUA6W.s 			page 3


DEFINED SYMBOLS
                            *ABS*:0000000000000000 wiring.c
/var/folders/19/rz7506jh8xn7x1006s6s574h0000gn/T//cckLUA6W.s:19     .text.micros:0000000000000000 $t
/var/folders/19/rz7506jh8xn7x1006s6s574h0000gn/T//cckLUA6W.s:24     .text.micros:0000000000000000 micros
                     .debug_frame:0000000000000010 $d

NO UNDEFINED SYMBOLS
